[2023-03-24T13:03:18.009+0530][gc] Using G1
[2023-03-24T13:03:18.017+0530][gc,init] Version: 17.0.6+10-Ubuntu-0ubuntu120.04.1 (release)
[2023-03-24T13:03:18.017+0530][gc,init] CPUs: 8 total, 8 available
[2023-03-24T13:03:18.017+0530][gc,init] Memory: 7746M
[2023-03-24T13:03:18.017+0530][gc,init] Large Page Support: Disabled
[2023-03-24T13:03:18.017+0530][gc,init] NUMA Support: Disabled
[2023-03-24T13:03:18.017+0530][gc,init] Compressed Oops: Enabled (32-bit)
[2023-03-24T13:03:18.017+0530][gc,init] Heap Region Size: 1M
[2023-03-24T13:03:18.017+0530][gc,init] Heap Min Capacity: 1G
[2023-03-24T13:03:18.017+0530][gc,init] Heap Initial Capacity: 1G
[2023-03-24T13:03:18.017+0530][gc,init] Heap Max Capacity: 1G
[2023-03-24T13:03:18.017+0530][gc,init] Pre-touch: Disabled
[2023-03-24T13:03:18.017+0530][gc,init] Parallel Workers: 8
[2023-03-24T13:03:18.017+0530][gc,init] Concurrent Workers: 2
[2023-03-24T13:03:18.018+0530][gc,init] Concurrent Refinement Workers: 8
[2023-03-24T13:03:18.018+0530][gc,init] Periodic GC: Disabled
[2023-03-24T13:03:18.018+0530][gc,metaspace] CDS archive(s) mapped at: [0x0000000800000000-0x0000000800be3000-0x0000000800be3000), size 12464128, SharedBaseAddress: 0x0000000800000000, ArchiveRelocationMode: 0.
[2023-03-24T13:03:18.018+0530][gc,metaspace] Compressed class space mapped at: 0x0000000800c00000-0x0000000840c00000, reserved size: 1073741824
[2023-03-24T13:03:18.018+0530][gc,metaspace] Narrow klass base: 0x0000000800000000, Narrow klass shift: 0, Narrow klass range: 0x100000000
[2023-03-24T13:03:19.596+0530][gc,start    ] GC(0) Pause Young (Normal) (G1 Evacuation Pause)
[2023-03-24T13:03:19.597+0530][gc,task     ] GC(0) Using 8 workers of 8 for evacuation
[2023-03-24T13:03:19.603+0530][gc,phases   ] GC(0)   Pre Evacuate Collection Set: 0.2ms
[2023-03-24T13:03:19.603+0530][gc,phases   ] GC(0)   Merge Heap Roots: 0.1ms
[2023-03-24T13:03:19.603+0530][gc,phases   ] GC(0)   Evacuate Collection Set: 5.0ms
[2023-03-24T13:03:19.603+0530][gc,phases   ] GC(0)   Post Evacuate Collection Set: 0.7ms
[2023-03-24T13:03:19.603+0530][gc,phases   ] GC(0)   Other: 1.0ms
[2023-03-24T13:03:19.603+0530][gc,heap     ] GC(0) Eden regions: 51->0(44)
[2023-03-24T13:03:19.603+0530][gc,heap     ] GC(0) Survivor regions: 0->7(7)
[2023-03-24T13:03:19.603+0530][gc,heap     ] GC(0) Old regions: 0->1
[2023-03-24T13:03:19.603+0530][gc,heap     ] GC(0) Archive regions: 2->2
[2023-03-24T13:03:19.603+0530][gc,heap     ] GC(0) Humongous regions: 0->0
[2023-03-24T13:03:19.603+0530][gc,metaspace] GC(0) Metaspace: 18772K(18944K)->18772K(18944K) NonClass: 16530K(16640K)->16530K(16640K) Class: 2241K(2304K)->2241K(2304K)
[2023-03-24T13:03:19.603+0530][gc          ] GC(0) Pause Young (Normal) (G1 Evacuation Pause) 51M->8M(1024M) 7.066ms
[2023-03-24T13:03:19.603+0530][gc,cpu      ] GC(0) User=0.03s Sys=0.01s Real=0.01s
[2023-03-24T13:03:19.865+0530][gc,start    ] GC(1) Pause Young (Concurrent Start) (Metadata GC Threshold)
[2023-03-24T13:03:19.865+0530][gc,task     ] GC(1) Using 8 workers of 8 for evacuation
[2023-03-24T13:03:19.871+0530][gc,phases   ] GC(1)   Pre Evacuate Collection Set: 0.2ms
[2023-03-24T13:03:19.871+0530][gc,phases   ] GC(1)   Merge Heap Roots: 0.1ms
[2023-03-24T13:03:19.871+0530][gc,phases   ] GC(1)   Evacuate Collection Set: 4.8ms
[2023-03-24T13:03:19.871+0530][gc,phases   ] GC(1)   Post Evacuate Collection Set: 0.5ms
[2023-03-24T13:03:19.871+0530][gc,phases   ] GC(1)   Other: 0.3ms
[2023-03-24T13:03:19.871+0530][gc,heap     ] GC(1) Eden regions: 10->0(49)
[2023-03-24T13:03:19.871+0530][gc,heap     ] GC(1) Survivor regions: 7->2(7)
[2023-03-24T13:03:19.871+0530][gc,heap     ] GC(1) Old regions: 1->8
[2023-03-24T13:03:19.871+0530][gc,heap     ] GC(1) Archive regions: 2->2
[2023-03-24T13:03:19.871+0530][gc,heap     ] GC(1) Humongous regions: 0->0
[2023-03-24T13:03:19.871+0530][gc,metaspace] GC(1) Metaspace: 21295K(21504K)->21295K(21504K) NonClass: 18738K(18816K)->18738K(18816K) Class: 2556K(2688K)->2556K(2688K)
[2023-03-24T13:03:19.871+0530][gc          ] GC(1) Pause Young (Concurrent Start) (Metadata GC Threshold) 17M->9M(1024M) 6.000ms
[2023-03-24T13:03:19.871+0530][gc,cpu      ] GC(1) User=0.04s Sys=0.00s Real=0.01s
[2023-03-24T13:03:19.871+0530][gc          ] GC(2) Concurrent Mark Cycle
[2023-03-24T13:03:19.871+0530][gc,marking  ] GC(2) Concurrent Clear Claimed Marks
[2023-03-24T13:03:19.871+0530][gc,marking  ] GC(2) Concurrent Clear Claimed Marks 0.029ms
[2023-03-24T13:03:19.871+0530][gc,marking  ] GC(2) Concurrent Scan Root Regions
[2023-03-24T13:03:19.875+0530][gc,marking  ] GC(2) Concurrent Scan Root Regions 3.739ms
[2023-03-24T13:03:19.875+0530][gc,marking  ] GC(2) Concurrent Mark
[2023-03-24T13:03:19.875+0530][gc,marking  ] GC(2) Concurrent Mark From Roots
[2023-03-24T13:03:19.875+0530][gc,task     ] GC(2) Using 2 workers of 2 for marking
[2023-03-24T13:03:19.878+0530][gc,marking  ] GC(2) Concurrent Mark From Roots 2.771ms
[2023-03-24T13:03:19.878+0530][gc,marking  ] GC(2) Concurrent Preclean
[2023-03-24T13:03:19.878+0530][gc,marking  ] GC(2) Concurrent Preclean 0.102ms
[2023-03-24T13:03:19.878+0530][gc,start    ] GC(2) Pause Remark
[2023-03-24T13:03:19.880+0530][gc          ] GC(2) Pause Remark 9M->9M(1024M) 1.683ms
[2023-03-24T13:03:19.880+0530][gc,cpu      ] GC(2) User=0.01s Sys=0.00s Real=0.00s
[2023-03-24T13:03:19.880+0530][gc,marking  ] GC(2) Concurrent Mark 4.782ms
[2023-03-24T13:03:19.880+0530][gc,marking  ] GC(2) Concurrent Rebuild Remembered Sets
[2023-03-24T13:03:19.884+0530][gc,marking  ] GC(2) Concurrent Rebuild Remembered Sets 4.525ms
[2023-03-24T13:03:19.884+0530][gc,start    ] GC(2) Pause Cleanup
[2023-03-24T13:03:19.885+0530][gc          ] GC(2) Pause Cleanup 10M->10M(1024M) 0.311ms
[2023-03-24T13:03:19.885+0530][gc,cpu      ] GC(2) User=0.00s Sys=0.00s Real=0.00s
[2023-03-24T13:03:19.885+0530][gc,marking  ] GC(2) Concurrent Cleanup for Next Mark
[2023-03-24T13:03:19.891+0530][gc,marking  ] GC(2) Concurrent Cleanup for Next Mark 5.942ms
[2023-03-24T13:03:19.891+0530][gc          ] GC(2) Concurrent Mark Cycle 19.817ms
[2023-03-24T13:03:21.298+0530][gc,start    ] GC(3) Pause Young (Normal) (G1 Evacuation Pause)
[2023-03-24T13:03:21.298+0530][gc,task     ] GC(3) Using 8 workers of 8 for evacuation
[2023-03-24T13:03:21.302+0530][gc,phases   ] GC(3)   Pre Evacuate Collection Set: 0.1ms
[2023-03-24T13:03:21.302+0530][gc,phases   ] GC(3)   Merge Heap Roots: 0.1ms
[2023-03-24T13:03:21.302+0530][gc,phases   ] GC(3)   Evacuate Collection Set: 3.7ms
[2023-03-24T13:03:21.302+0530][gc,phases   ] GC(3)   Post Evacuate Collection Set: 0.6ms
[2023-03-24T13:03:21.302+0530][gc,phases   ] GC(3)   Other: 0.1ms
[2023-03-24T13:03:21.302+0530][gc,heap     ] GC(3) Eden regions: 49->0(45)
[2023-03-24T13:03:21.302+0530][gc,heap     ] GC(3) Survivor regions: 2->6(7)
[2023-03-24T13:03:21.302+0530][gc,heap     ] GC(3) Old regions: 8->8
[2023-03-24T13:03:21.302+0530][gc,heap     ] GC(3) Archive regions: 2->2
[2023-03-24T13:03:21.302+0530][gc,heap     ] GC(3) Humongous regions: 129->129
[2023-03-24T13:03:21.302+0530][gc,metaspace] GC(3) Metaspace: 30604K(30912K)->30604K(30912K) NonClass: 27134K(27328K)->27134K(27328K) Class: 3470K(3584K)->3470K(3584K)
[2023-03-24T13:03:21.302+0530][gc          ] GC(3) Pause Young (Normal) (G1 Evacuation Pause) 187M->142M(1024M) 4.845ms
[2023-03-24T13:03:21.302+0530][gc,cpu      ] GC(3) User=0.04s Sys=0.00s Real=0.01s
[2023-03-24T13:03:21.682+0530][gc,start    ] GC(4) Pause Young (Concurrent Start) (Metadata GC Threshold)
[2023-03-24T13:03:21.682+0530][gc,task     ] GC(4) Using 8 workers of 8 for evacuation
[2023-03-24T13:03:21.690+0530][gc,phases   ] GC(4)   Pre Evacuate Collection Set: 0.3ms
[2023-03-24T13:03:21.690+0530][gc,phases   ] GC(4)   Merge Heap Roots: 0.1ms
[2023-03-24T13:03:21.690+0530][gc,phases   ] GC(4)   Evacuate Collection Set: 7.5ms
[2023-03-24T13:03:21.690+0530][gc,phases   ] GC(4)   Post Evacuate Collection Set: 0.5ms
[2023-03-24T13:03:21.690+0530][gc,phases   ] GC(4)   Other: 0.3ms
[2023-03-24T13:03:21.690+0530][gc,heap     ] GC(4) Eden regions: 22->0(49)
[2023-03-24T13:03:21.690+0530][gc,heap     ] GC(4) Survivor regions: 6->2(7)
[2023-03-24T13:03:21.690+0530][gc,heap     ] GC(4) Old regions: 8->13
[2023-03-24T13:03:21.690+0530][gc,heap     ] GC(4) Archive regions: 2->2
[2023-03-24T13:03:21.690+0530][gc,heap     ] GC(4) Humongous regions: 129->129
[2023-03-24T13:03:21.690+0530][gc,metaspace] GC(4) Metaspace: 35810K(36096K)->35810K(36096K) NonClass: 31745K(31872K)->31745K(31872K) Class: 4064K(4224K)->4064K(4224K)
[2023-03-24T13:03:21.690+0530][gc          ] GC(4) Pause Young (Concurrent Start) (Metadata GC Threshold) 164M->144M(1024M) 8.735ms
[2023-03-24T13:03:21.690+0530][gc,cpu      ] GC(4) User=0.05s Sys=0.00s Real=0.01s
[2023-03-24T13:03:21.691+0530][gc          ] GC(5) Concurrent Mark Cycle
[2023-03-24T13:03:21.691+0530][gc,marking  ] GC(5) Concurrent Clear Claimed Marks
[2023-03-24T13:03:21.691+0530][gc,marking  ] GC(5) Concurrent Clear Claimed Marks 0.041ms
[2023-03-24T13:03:21.691+0530][gc,marking  ] GC(5) Concurrent Scan Root Regions
[2023-03-24T13:03:21.700+0530][gc,marking  ] GC(5) Concurrent Scan Root Regions 9.518ms
[2023-03-24T13:03:21.700+0530][gc,marking  ] GC(5) Concurrent Mark
[2023-03-24T13:03:21.700+0530][gc,marking  ] GC(5) Concurrent Mark From Roots
[2023-03-24T13:03:21.700+0530][gc,task     ] GC(5) Using 2 workers of 2 for marking
[2023-03-24T13:03:21.712+0530][gc,marking  ] GC(5) Concurrent Mark From Roots 11.370ms
[2023-03-24T13:03:21.712+0530][gc,marking  ] GC(5) Concurrent Preclean
[2023-03-24T13:03:21.712+0530][gc,marking  ] GC(5) Concurrent Preclean 0.286ms
[2023-03-24T13:03:21.712+0530][gc,start    ] GC(5) Pause Remark
[2023-03-24T13:03:21.715+0530][gc          ] GC(5) Pause Remark 145M->145M(1024M) 2.670ms
[2023-03-24T13:03:21.715+0530][gc,cpu      ] GC(5) User=0.01s Sys=0.01s Real=0.00s
[2023-03-24T13:03:21.715+0530][gc,marking  ] GC(5) Concurrent Mark 14.841ms
[2023-03-24T13:03:21.715+0530][gc,marking  ] GC(5) Concurrent Rebuild Remembered Sets
[2023-03-24T13:03:21.733+0530][gc,marking  ] GC(5) Concurrent Rebuild Remembered Sets 18.015ms
[2023-03-24T13:03:21.733+0530][gc,start    ] GC(5) Pause Cleanup
[2023-03-24T13:03:21.734+0530][gc          ] GC(5) Pause Cleanup 146M->146M(1024M) 0.322ms
[2023-03-24T13:03:21.734+0530][gc,cpu      ] GC(5) User=0.00s Sys=0.00s Real=0.00s
[2023-03-24T13:03:21.734+0530][gc,marking  ] GC(5) Concurrent Cleanup for Next Mark
[2023-03-24T13:03:21.741+0530][gc,marking  ] GC(5) Concurrent Cleanup for Next Mark 7.119ms
[2023-03-24T13:03:21.741+0530][gc          ] GC(5) Concurrent Mark Cycle 50.552ms
[2023-03-24T13:05:00.495+0530][gc,start    ] GC(6) Pause Young (Concurrent Start) (G1 Evacuation Pause)
[2023-03-24T13:05:00.495+0530][gc,task     ] GC(6) Using 8 workers of 8 for evacuation
[2023-03-24T13:05:00.520+0530][gc,mmu      ] GC(6) MMU target violated: 21.0ms (20.0ms/21.0ms)
[2023-03-24T13:05:00.520+0530][gc,phases   ] GC(6)   Pre Evacuate Collection Set: 0.4ms
[2023-03-24T13:05:00.520+0530][gc,phases   ] GC(6)   Merge Heap Roots: 0.2ms
[2023-03-24T13:05:00.520+0530][gc,phases   ] GC(6)   Evacuate Collection Set: 18.9ms
[2023-03-24T13:05:00.520+0530][gc,phases   ] GC(6)   Post Evacuate Collection Set: 4.8ms
[2023-03-24T13:05:00.520+0530][gc,phases   ] GC(6)   Other: 0.4ms
[2023-03-24T13:05:00.520+0530][gc,heap     ] GC(6) Eden regions: 49->0(47)
[2023-03-24T13:05:00.520+0530][gc,heap     ] GC(6) Survivor regions: 2->4(7)
[2023-03-24T13:05:00.520+0530][gc,heap     ] GC(6) Old regions: 13->13
[2023-03-24T13:05:00.520+0530][gc,heap     ] GC(6) Archive regions: 2->2
[2023-03-24T13:05:00.520+0530][gc,heap     ] GC(6) Humongous regions: 255->129
[2023-03-24T13:05:00.520+0530][gc,metaspace] GC(6) Metaspace: 41383K(42048K)->41383K(42048K) NonClass: 36322K(36672K)->36322K(36672K) Class: 5060K(5376K)->5060K(5376K)
[2023-03-24T13:05:00.520+0530][gc          ] GC(6) Pause Young (Concurrent Start) (G1 Evacuation Pause) 319M->146M(1024M) 24.809ms
[2023-03-24T13:05:00.520+0530][gc,cpu      ] GC(6) User=0.03s Sys=0.00s Real=0.02s
[2023-03-24T13:05:00.520+0530][gc          ] GC(7) Concurrent Mark Cycle
[2023-03-24T13:05:00.520+0530][gc,marking  ] GC(7) Concurrent Clear Claimed Marks
[2023-03-24T13:05:00.521+0530][gc,marking  ] GC(7) Concurrent Clear Claimed Marks 0.090ms
[2023-03-24T13:05:00.521+0530][gc,marking  ] GC(7) Concurrent Scan Root Regions
[2023-03-24T13:05:00.528+0530][gc,marking  ] GC(7) Concurrent Scan Root Regions 7.583ms
[2023-03-24T13:05:00.528+0530][gc,marking  ] GC(7) Concurrent Mark
[2023-03-24T13:05:00.528+0530][gc,marking  ] GC(7) Concurrent Mark From Roots
[2023-03-24T13:05:00.528+0530][gc,task     ] GC(7) Using 2 workers of 2 for marking
[2023-03-24T13:05:00.555+0530][gc,marking  ] GC(7) Concurrent Mark From Roots 26.690ms
[2023-03-24T13:05:00.555+0530][gc,marking  ] GC(7) Concurrent Preclean
[2023-03-24T13:05:00.555+0530][gc,marking  ] GC(7) Concurrent Preclean 0.224ms
[2023-03-24T13:05:00.555+0530][gc,start    ] GC(7) Pause Remark
[2023-03-24T13:05:00.559+0530][gc          ] GC(7) Pause Remark 146M->146M(1024M) 3.799ms
[2023-03-24T13:05:00.559+0530][gc,cpu      ] GC(7) User=0.02s Sys=0.00s Real=0.00s
[2023-03-24T13:05:00.559+0530][gc,marking  ] GC(7) Concurrent Mark 31.165ms
[2023-03-24T13:05:00.559+0530][gc,marking  ] GC(7) Concurrent Rebuild Remembered Sets
[2023-03-24T13:05:00.597+0530][gc,marking  ] GC(7) Concurrent Rebuild Remembered Sets 37.595ms
[2023-03-24T13:05:00.597+0530][gc,start    ] GC(7) Pause Cleanup
[2023-03-24T13:05:00.597+0530][gc          ] GC(7) Pause Cleanup 146M->146M(1024M) 0.252ms
[2023-03-24T13:05:00.597+0530][gc,cpu      ] GC(7) User=0.00s Sys=0.00s Real=0.00s
[2023-03-24T13:05:00.598+0530][gc,marking  ] GC(7) Concurrent Cleanup for Next Mark
[2023-03-24T13:05:00.599+0530][gc,marking  ] GC(7) Concurrent Cleanup for Next Mark 1.769ms
[2023-03-24T13:05:00.599+0530][gc          ] GC(7) Concurrent Mark Cycle 78.989ms
[2023-03-24T13:05:15.278+0530][gc,start    ] GC(8) Pause Young (Normal) (G1 Evacuation Pause)
[2023-03-24T13:05:15.278+0530][gc,task     ] GC(8) Using 8 workers of 8 for evacuation
[2023-03-24T13:05:15.283+0530][gc,phases   ] GC(8)   Pre Evacuate Collection Set: 0.3ms
[2023-03-24T13:05:15.283+0530][gc,phases   ] GC(8)   Merge Heap Roots: 0.1ms
[2023-03-24T13:05:15.283+0530][gc,phases   ] GC(8)   Evacuate Collection Set: 4.3ms
[2023-03-24T13:05:15.283+0530][gc,phases   ] GC(8)   Post Evacuate Collection Set: 0.6ms
[2023-03-24T13:05:15.283+0530][gc,phases   ] GC(8)   Other: 0.2ms
[2023-03-24T13:05:15.283+0530][gc,heap     ] GC(8) Eden regions: 47->0(47)
[2023-03-24T13:05:15.283+0530][gc,heap     ] GC(8) Survivor regions: 4->4(7)
[2023-03-24T13:05:15.283+0530][gc,heap     ] GC(8) Old regions: 13->14
[2023-03-24T13:05:15.283+0530][gc,heap     ] GC(8) Archive regions: 2->2
[2023-03-24T13:05:15.283+0530][gc,heap     ] GC(8) Humongous regions: 129->129
[2023-03-24T13:05:15.283+0530][gc,metaspace] GC(8) Metaspace: 42070K(42688K)->42070K(42688K) NonClass: 36972K(37312K)->36972K(37312K) Class: 5097K(5376K)->5097K(5376K)
[2023-03-24T13:05:15.283+0530][gc          ] GC(8) Pause Young (Normal) (G1 Evacuation Pause) 193M->146M(1024M) 5.453ms
[2023-03-24T13:05:15.283+0530][gc,cpu      ] GC(8) User=0.03s Sys=0.00s Real=0.01s
[2023-03-24T13:05:30.459+0530][gc,start    ] GC(9) Pause Young (Normal) (G1 Evacuation Pause)
[2023-03-24T13:05:30.459+0530][gc,task     ] GC(9) Using 8 workers of 8 for evacuation
[2023-03-24T13:05:30.468+0530][gc,phases   ] GC(9)   Pre Evacuate Collection Set: 0.3ms
[2023-03-24T13:05:30.468+0530][gc,phases   ] GC(9)   Merge Heap Roots: 0.1ms
[2023-03-24T13:05:30.468+0530][gc,phases   ] GC(9)   Evacuate Collection Set: 8.6ms
[2023-03-24T13:05:30.468+0530][gc,phases   ] GC(9)   Post Evacuate Collection Set: 0.6ms
[2023-03-24T13:05:30.468+0530][gc,phases   ] GC(9)   Other: 0.2ms
[2023-03-24T13:05:30.468+0530][gc,heap     ] GC(9) Eden regions: 47->0(47)
[2023-03-24T13:05:30.468+0530][gc,heap     ] GC(9) Survivor regions: 4->4(7)
[2023-03-24T13:05:30.468+0530][gc,heap     ] GC(9) Old regions: 14->14
[2023-03-24T13:05:30.469+0530][gc,heap     ] GC(9) Archive regions: 2->2
[2023-03-24T13:05:30.469+0530][gc,heap     ] GC(9) Humongous regions: 129->129
[2023-03-24T13:05:30.469+0530][gc,metaspace] GC(9) Metaspace: 42094K(42752K)->42094K(42752K) NonClass: 36996K(37376K)->36996K(37376K) Class: 5097K(5376K)->5097K(5376K)
[2023-03-24T13:05:30.469+0530][gc          ] GC(9) Pause Young (Normal) (G1 Evacuation Pause) 193M->146M(1024M) 9.967ms
[2023-03-24T13:05:30.469+0530][gc,cpu      ] GC(9) User=0.02s Sys=0.00s Real=0.02s
[2023-03-24T13:05:46.031+0530][gc,start    ] GC(10) Pause Young (Normal) (G1 Evacuation Pause)
[2023-03-24T13:05:46.031+0530][gc,task     ] GC(10) Using 8 workers of 8 for evacuation
[2023-03-24T13:05:46.036+0530][gc,phases   ] GC(10)   Pre Evacuate Collection Set: 0.2ms
[2023-03-24T13:05:46.036+0530][gc,phases   ] GC(10)   Merge Heap Roots: 0.1ms
[2023-03-24T13:05:46.036+0530][gc,phases   ] GC(10)   Evacuate Collection Set: 3.3ms
[2023-03-24T13:05:46.036+0530][gc,phases   ] GC(10)   Post Evacuate Collection Set: 0.6ms
[2023-03-24T13:05:46.036+0530][gc,phases   ] GC(10)   Other: 0.2ms
[2023-03-24T13:05:46.036+0530][gc,heap     ] GC(10) Eden regions: 47->0(75)
[2023-03-24T13:05:46.036+0530][gc,heap     ] GC(10) Survivor regions: 4->4(7)
[2023-03-24T13:05:46.036+0530][gc,heap     ] GC(10) Old regions: 14->14
[2023-03-24T13:05:46.036+0530][gc,heap     ] GC(10) Archive regions: 2->2
[2023-03-24T13:05:46.036+0530][gc,heap     ] GC(10) Humongous regions: 129->129
[2023-03-24T13:05:46.036+0530][gc,metaspace] GC(10) Metaspace: 42095K(42752K)->42095K(42752K) NonClass: 36997K(37376K)->36997K(37376K) Class: 5097K(5376K)->5097K(5376K)
[2023-03-24T13:05:46.036+0530][gc          ] GC(10) Pause Young (Normal) (G1 Evacuation Pause) 193M->146M(1024M) 4.428ms
[2023-03-24T13:05:46.036+0530][gc,cpu      ] GC(10) User=0.03s Sys=0.00s Real=0.00s
[2023-03-24T13:10:51.972+0530][gc,start    ] GC(11) Pause Young (Normal) (G1 Evacuation Pause)
[2023-03-24T13:10:51.972+0530][gc,task     ] GC(11) Using 8 workers of 8 for evacuation
[2023-03-24T13:10:51.977+0530][gc,phases   ] GC(11)   Pre Evacuate Collection Set: 0.3ms
[2023-03-24T13:10:51.977+0530][gc,phases   ] GC(11)   Merge Heap Roots: 0.1ms
[2023-03-24T13:10:51.977+0530][gc,phases   ] GC(11)   Evacuate Collection Set: 3.9ms
[2023-03-24T13:10:51.977+0530][gc,phases   ] GC(11)   Post Evacuate Collection Set: 0.6ms
[2023-03-24T13:10:51.977+0530][gc,phases   ] GC(11)   Other: 0.2ms
[2023-03-24T13:10:51.977+0530][gc,heap     ] GC(11) Eden regions: 75->0(336)
[2023-03-24T13:10:51.977+0530][gc,heap     ] GC(11) Survivor regions: 4->3(10)
[2023-03-24T13:10:51.977+0530][gc,heap     ] GC(11) Old regions: 14->14
[2023-03-24T13:10:51.977+0530][gc,heap     ] GC(11) Archive regions: 2->2
[2023-03-24T13:10:51.977+0530][gc,heap     ] GC(11) Humongous regions: 129->129
[2023-03-24T13:10:51.977+0530][gc,metaspace] GC(11) Metaspace: 42184K(42816K)->42184K(42816K) NonClass: 37086K(37440K)->37086K(37440K) Class: 5097K(5376K)->5097K(5376K)
[2023-03-24T13:10:51.977+0530][gc          ] GC(11) Pause Young (Normal) (G1 Evacuation Pause) 221M->146M(1024M) 5.229ms
[2023-03-24T13:10:51.977+0530][gc,cpu      ] GC(11) User=0.03s Sys=0.00s Real=0.00s
[2023-03-24T13:21:31.770+0530][gc,start    ] GC(12) Pause Young (Normal) (G1 Evacuation Pause)
[2023-03-24T13:21:31.771+0530][gc,task     ] GC(12) Using 8 workers of 8 for evacuation
[2023-03-24T13:21:31.786+0530][gc,phases   ] GC(12)   Pre Evacuate Collection Set: 0.3ms
[2023-03-24T13:21:31.786+0530][gc,phases   ] GC(12)   Merge Heap Roots: 0.3ms
[2023-03-24T13:21:31.786+0530][gc,phases   ] GC(12)   Evacuate Collection Set: 13.3ms
[2023-03-24T13:21:31.786+0530][gc,phases   ] GC(12)   Post Evacuate Collection Set: 1.4ms
[2023-03-24T13:21:31.786+0530][gc,phases   ] GC(12)   Other: 0.6ms
[2023-03-24T13:21:31.786+0530][gc,heap     ] GC(12) Eden regions: 336->0(481)
[2023-03-24T13:21:31.786+0530][gc,heap     ] GC(12) Survivor regions: 3->4(43)
[2023-03-24T13:21:31.786+0530][gc,heap     ] GC(12) Old regions: 14->14
[2023-03-24T13:21:31.786+0530][gc,heap     ] GC(12) Archive regions: 2->2
[2023-03-24T13:21:31.786+0530][gc,heap     ] GC(12) Humongous regions: 129->129
[2023-03-24T13:21:31.786+0530][gc,metaspace] GC(12) Metaspace: 42467K(43136K)->42467K(43136K) NonClass: 37352K(37696K)->37352K(37696K) Class: 5114K(5440K)->5114K(5440K)
[2023-03-24T13:21:31.786+0530][gc          ] GC(12) Pause Young (Normal) (G1 Evacuation Pause) 482M->147M(1024M) 16.038ms
[2023-03-24T13:21:31.786+0530][gc,cpu      ] GC(12) User=0.03s Sys=0.00s Real=0.01s
[2023-03-24T13:33:58.543+0530][gc,heap,exit] Heap
[2023-03-24T13:33:58.543+0530][gc,heap,exit]  garbage-first heap   total 1048576K, used 457914K [0x00000000c0000000, 0x0000000100000000)
[2023-03-24T13:33:58.543+0530][gc,heap,exit]   region size 1024K, 304 young (311296K), 4 survivors (4096K)
[2023-03-24T13:33:58.543+0530][gc,heap,exit]  Metaspace       used 43745K, committed 44352K, reserved 1089536K
[2023-03-24T13:33:58.543+0530][gc,heap,exit]   class space    used 5284K, committed 5568K, reserved 1048576K
