[2023-03-17T15:05:13.288+0530][gc] Using G1
[2023-03-17T15:05:13.296+0530][gc,init] Version: 17.0.6+10-Ubuntu-0ubuntu120.04.1 (release)
[2023-03-17T15:05:13.296+0530][gc,init] CPUs: 8 total, 8 available
[2023-03-17T15:05:13.296+0530][gc,init] Memory: 7746M
[2023-03-17T15:05:13.296+0530][gc,init] Large Page Support: Disabled
[2023-03-17T15:05:13.296+0530][gc,init] NUMA Support: Disabled
[2023-03-17T15:05:13.296+0530][gc,init] Compressed Oops: Enabled (32-bit)
[2023-03-17T15:05:13.296+0530][gc,init] Heap Region Size: 1M
[2023-03-17T15:05:13.296+0530][gc,init] Heap Min Capacity: 1G
[2023-03-17T15:05:13.296+0530][gc,init] Heap Initial Capacity: 1G
[2023-03-17T15:05:13.296+0530][gc,init] Heap Max Capacity: 1G
[2023-03-17T15:05:13.296+0530][gc,init] Pre-touch: Disabled
[2023-03-17T15:05:13.296+0530][gc,init] Parallel Workers: 8
[2023-03-17T15:05:13.296+0530][gc,init] Concurrent Workers: 2
[2023-03-17T15:05:13.296+0530][gc,init] Concurrent Refinement Workers: 8
[2023-03-17T15:05:13.296+0530][gc,init] Periodic GC: Disabled
[2023-03-17T15:05:13.296+0530][gc,metaspace] CDS archive(s) mapped at: [0x0000000800000000-0x0000000800be3000-0x0000000800be3000), size 12464128, SharedBaseAddress: 0x0000000800000000, ArchiveRelocationMode: 0.
[2023-03-17T15:05:13.296+0530][gc,metaspace] Compressed class space mapped at: 0x0000000800c00000-0x0000000840c00000, reserved size: 1073741824
[2023-03-17T15:05:13.296+0530][gc,metaspace] Narrow klass base: 0x0000000800000000, Narrow klass shift: 0, Narrow klass range: 0x100000000
[2023-03-17T15:05:14.872+0530][gc,start    ] GC(0) Pause Young (Normal) (G1 Evacuation Pause)
[2023-03-17T15:05:14.873+0530][gc,task     ] GC(0) Using 8 workers of 8 for evacuation
[2023-03-17T15:05:14.880+0530][gc,phases   ] GC(0)   Pre Evacuate Collection Set: 0.2ms
[2023-03-17T15:05:14.880+0530][gc,phases   ] GC(0)   Merge Heap Roots: 0.1ms
[2023-03-17T15:05:14.880+0530][gc,phases   ] GC(0)   Evacuate Collection Set: 6.5ms
[2023-03-17T15:05:14.880+0530][gc,phases   ] GC(0)   Post Evacuate Collection Set: 0.7ms
[2023-03-17T15:05:14.880+0530][gc,phases   ] GC(0)   Other: 1.0ms
[2023-03-17T15:05:14.880+0530][gc,heap     ] GC(0) Eden regions: 51->0(44)
[2023-03-17T15:05:14.880+0530][gc,heap     ] GC(0) Survivor regions: 0->7(7)
[2023-03-17T15:05:14.880+0530][gc,heap     ] GC(0) Old regions: 0->1
[2023-03-17T15:05:14.880+0530][gc,heap     ] GC(0) Archive regions: 2->2
[2023-03-17T15:05:14.880+0530][gc,heap     ] GC(0) Humongous regions: 0->0
[2023-03-17T15:05:14.880+0530][gc,metaspace] GC(0) Metaspace: 18800K(18944K)->18800K(18944K) NonClass: 16555K(16640K)->16555K(16640K) Class: 2244K(2304K)->2244K(2304K)
[2023-03-17T15:05:14.880+0530][gc          ] GC(0) Pause Young (Normal) (G1 Evacuation Pause) 51M->8M(1024M) 8.559ms
[2023-03-17T15:05:14.880+0530][gc,cpu      ] GC(0) User=0.04s Sys=0.00s Real=0.00s
[2023-03-17T15:05:15.228+0530][gc,start    ] GC(1) Pause Young (Concurrent Start) (Metadata GC Threshold)
[2023-03-17T15:05:15.228+0530][gc,task     ] GC(1) Using 8 workers of 8 for evacuation
[2023-03-17T15:05:15.236+0530][gc,phases   ] GC(1)   Pre Evacuate Collection Set: 0.3ms
[2023-03-17T15:05:15.236+0530][gc,phases   ] GC(1)   Merge Heap Roots: 0.1ms
[2023-03-17T15:05:15.236+0530][gc,phases   ] GC(1)   Evacuate Collection Set: 6.7ms
[2023-03-17T15:05:15.236+0530][gc,phases   ] GC(1)   Post Evacuate Collection Set: 0.5ms
[2023-03-17T15:05:15.236+0530][gc,phases   ] GC(1)   Other: 0.4ms
[2023-03-17T15:05:15.236+0530][gc,heap     ] GC(1) Eden regions: 11->0(49)
[2023-03-17T15:05:15.236+0530][gc,heap     ] GC(1) Survivor regions: 7->2(7)
[2023-03-17T15:05:15.236+0530][gc,heap     ] GC(1) Old regions: 1->8
[2023-03-17T15:05:15.236+0530][gc,heap     ] GC(1) Archive regions: 2->2
[2023-03-17T15:05:15.236+0530][gc,heap     ] GC(1) Humongous regions: 129->129
[2023-03-17T15:05:15.236+0530][gc,metaspace] GC(1) Metaspace: 21283K(21504K)->21283K(21504K) NonClass: 18729K(18816K)->18729K(18816K) Class: 2554K(2688K)->2554K(2688K)
[2023-03-17T15:05:15.236+0530][gc          ] GC(1) Pause Young (Concurrent Start) (Metadata GC Threshold) 148M->138M(1024M) 8.035ms
[2023-03-17T15:05:15.236+0530][gc,cpu      ] GC(1) User=0.04s Sys=0.00s Real=0.01s
[2023-03-17T15:05:15.236+0530][gc          ] GC(2) Concurrent Mark Cycle
[2023-03-17T15:05:15.236+0530][gc,marking  ] GC(2) Concurrent Clear Claimed Marks
[2023-03-17T15:05:15.236+0530][gc,marking  ] GC(2) Concurrent Clear Claimed Marks 0.032ms
[2023-03-17T15:05:15.236+0530][gc,marking  ] GC(2) Concurrent Scan Root Regions
[2023-03-17T15:05:15.240+0530][gc,marking  ] GC(2) Concurrent Scan Root Regions 3.613ms
[2023-03-17T15:05:15.240+0530][gc,marking  ] GC(2) Concurrent Mark
[2023-03-17T15:05:15.240+0530][gc,marking  ] GC(2) Concurrent Mark From Roots
[2023-03-17T15:05:15.240+0530][gc,task     ] GC(2) Using 2 workers of 2 for marking
[2023-03-17T15:05:15.242+0530][gc,marking  ] GC(2) Concurrent Mark From Roots 2.072ms
[2023-03-17T15:05:15.242+0530][gc,marking  ] GC(2) Concurrent Preclean
[2023-03-17T15:05:15.242+0530][gc,marking  ] GC(2) Concurrent Preclean 0.073ms
[2023-03-17T15:05:15.242+0530][gc,start    ] GC(2) Pause Remark
[2023-03-17T15:05:15.244+0530][gc          ] GC(2) Pause Remark 139M->139M(1024M) 1.981ms
[2023-03-17T15:05:15.244+0530][gc,cpu      ] GC(2) User=0.01s Sys=0.00s Real=0.01s
[2023-03-17T15:05:15.244+0530][gc,marking  ] GC(2) Concurrent Mark 4.445ms
[2023-03-17T15:05:15.244+0530][gc,marking  ] GC(2) Concurrent Rebuild Remembered Sets
[2023-03-17T15:05:15.248+0530][gc,marking  ] GC(2) Concurrent Rebuild Remembered Sets 4.241ms
[2023-03-17T15:05:15.249+0530][gc,start    ] GC(2) Pause Cleanup
[2023-03-17T15:05:15.249+0530][gc          ] GC(2) Pause Cleanup 139M->139M(1024M) 0.228ms
[2023-03-17T15:05:15.249+0530][gc,cpu      ] GC(2) User=0.00s Sys=0.00s Real=0.00s
[2023-03-17T15:05:15.249+0530][gc,marking  ] GC(2) Concurrent Cleanup for Next Mark
[2023-03-17T15:05:15.254+0530][gc,marking  ] GC(2) Concurrent Cleanup for Next Mark 5.506ms
[2023-03-17T15:05:15.254+0530][gc          ] GC(2) Concurrent Mark Cycle 18.573ms
[2023-03-17T15:05:16.177+0530][gc,start    ] GC(3) Pause Young (Normal) (G1 Evacuation Pause)
[2023-03-17T15:05:16.177+0530][gc,task     ] GC(3) Using 8 workers of 8 for evacuation
[2023-03-17T15:05:16.188+0530][gc,phases   ] GC(3)   Pre Evacuate Collection Set: 0.2ms
[2023-03-17T15:05:16.188+0530][gc,phases   ] GC(3)   Merge Heap Roots: 0.1ms
[2023-03-17T15:05:16.188+0530][gc,phases   ] GC(3)   Evacuate Collection Set: 9.2ms
[2023-03-17T15:05:16.188+0530][gc,phases   ] GC(3)   Post Evacuate Collection Set: 0.6ms
[2023-03-17T15:05:16.188+0530][gc,phases   ] GC(3)   Other: 0.2ms
[2023-03-17T15:05:16.188+0530][gc,heap     ] GC(3) Eden regions: 49->0(45)
[2023-03-17T15:05:16.188+0530][gc,heap     ] GC(3) Survivor regions: 2->6(7)
[2023-03-17T15:05:16.188+0530][gc,heap     ] GC(3) Old regions: 8->8
[2023-03-17T15:05:16.188+0530][gc,heap     ] GC(3) Archive regions: 2->2
[2023-03-17T15:05:16.188+0530][gc,heap     ] GC(3) Humongous regions: 129->129
[2023-03-17T15:05:16.188+0530][gc,metaspace] GC(3) Metaspace: 32715K(33024K)->32715K(33024K) NonClass: 29059K(29248K)->29059K(29248K) Class: 3656K(3776K)->3656K(3776K)
[2023-03-17T15:05:16.188+0530][gc          ] GC(3) Pause Young (Normal) (G1 Evacuation Pause) 187M->142M(1024M) 10.435ms
[2023-03-17T15:05:16.188+0530][gc,cpu      ] GC(3) User=0.04s Sys=0.00s Real=0.01s
[2023-03-17T15:05:56.697+0530][gc,start    ] GC(4) Pause Young (Concurrent Start) (Metadata GC Threshold)
[2023-03-17T15:05:56.697+0530][gc,task     ] GC(4) Using 8 workers of 8 for evacuation
[2023-03-17T15:05:56.704+0530][gc,phases   ] GC(4)   Pre Evacuate Collection Set: 0.3ms
[2023-03-17T15:05:56.704+0530][gc,phases   ] GC(4)   Merge Heap Roots: 0.1ms
[2023-03-17T15:05:56.704+0530][gc,phases   ] GC(4)   Evacuate Collection Set: 5.6ms
[2023-03-17T15:05:56.704+0530][gc,phases   ] GC(4)   Post Evacuate Collection Set: 0.6ms
[2023-03-17T15:05:56.704+0530][gc,phases   ] GC(4)   Other: 0.3ms
[2023-03-17T15:05:56.704+0530][gc,heap     ] GC(4) Eden regions: 16->0(49)
[2023-03-17T15:05:56.704+0530][gc,heap     ] GC(4) Survivor regions: 6->2(7)
[2023-03-17T15:05:56.704+0530][gc,heap     ] GC(4) Old regions: 8->13
[2023-03-17T15:05:56.704+0530][gc,heap     ] GC(4) Archive regions: 2->2
[2023-03-17T15:05:56.704+0530][gc,heap     ] GC(4) Humongous regions: 129->129
[2023-03-17T15:05:56.704+0530][gc,metaspace] GC(4) Metaspace: 35781K(36096K)->35781K(36096K) NonClass: 31578K(31744K)->31578K(31744K) Class: 4203K(4352K)->4203K(4352K)
[2023-03-17T15:05:56.704+0530][gc          ] GC(4) Pause Young (Concurrent Start) (Metadata GC Threshold) 157M->144M(1024M) 6.957ms
[2023-03-17T15:05:56.704+0530][gc,cpu      ] GC(4) User=0.04s Sys=0.00s Real=0.01s
[2023-03-17T15:05:56.704+0530][gc          ] GC(5) Concurrent Mark Cycle
[2023-03-17T15:05:56.704+0530][gc,marking  ] GC(5) Concurrent Clear Claimed Marks
[2023-03-17T15:05:56.704+0530][gc,marking  ] GC(5) Concurrent Clear Claimed Marks 0.048ms
[2023-03-17T15:05:56.704+0530][gc,marking  ] GC(5) Concurrent Scan Root Regions
[2023-03-17T15:05:56.709+0530][gc,marking  ] GC(5) Concurrent Scan Root Regions 4.472ms
[2023-03-17T15:05:56.709+0530][gc,marking  ] GC(5) Concurrent Mark
[2023-03-17T15:05:56.709+0530][gc,marking  ] GC(5) Concurrent Mark From Roots
[2023-03-17T15:05:56.709+0530][gc,task     ] GC(5) Using 2 workers of 2 for marking
[2023-03-17T15:05:56.719+0530][gc,marking  ] GC(5) Concurrent Mark From Roots 10.445ms
[2023-03-17T15:05:56.719+0530][gc,marking  ] GC(5) Concurrent Preclean
[2023-03-17T15:05:56.719+0530][gc,marking  ] GC(5) Concurrent Preclean 0.161ms
[2023-03-17T15:05:56.720+0530][gc,start    ] GC(5) Pause Remark
[2023-03-17T15:05:56.722+0530][gc          ] GC(5) Pause Remark 144M->144M(1024M) 2.007ms
[2023-03-17T15:05:56.722+0530][gc,cpu      ] GC(5) User=0.01s Sys=0.00s Real=0.00s
[2023-03-17T15:05:56.722+0530][gc,marking  ] GC(5) Concurrent Mark 13.732ms
[2023-03-17T15:05:56.722+0530][gc,marking  ] GC(5) Concurrent Rebuild Remembered Sets
[2023-03-17T15:05:56.731+0530][gc,marking  ] GC(5) Concurrent Rebuild Remembered Sets 8.666ms
[2023-03-17T15:05:56.731+0530][gc,start    ] GC(5) Pause Cleanup
[2023-03-17T15:05:56.732+0530][gc          ] GC(5) Pause Cleanup 145M->145M(1024M) 0.294ms
[2023-03-17T15:05:56.732+0530][gc,cpu      ] GC(5) User=0.00s Sys=0.00s Real=0.00s
[2023-03-17T15:05:56.732+0530][gc,marking  ] GC(5) Concurrent Cleanup for Next Mark
[2023-03-17T15:05:56.740+0530][gc,marking  ] GC(5) Concurrent Cleanup for Next Mark 8.380ms
[2023-03-17T15:05:56.740+0530][gc          ] GC(5) Concurrent Mark Cycle 36.189ms
[2023-03-17T15:16:49.621+0530][gc,start    ] GC(6) Pause Young (Prepare Mixed) (G1 Evacuation Pause)
[2023-03-17T15:16:49.621+0530][gc,task     ] GC(6) Using 8 workers of 8 for evacuation
[2023-03-17T15:16:49.626+0530][gc,phases   ] GC(6)   Pre Evacuate Collection Set: 0.2ms
[2023-03-17T15:16:49.627+0530][gc,phases   ] GC(6)   Merge Heap Roots: 0.1ms
[2023-03-17T15:16:49.627+0530][gc,phases   ] GC(6)   Evacuate Collection Set: 4.2ms
[2023-03-17T15:16:49.627+0530][gc,phases   ] GC(6)   Post Evacuate Collection Set: 0.9ms
[2023-03-17T15:16:49.627+0530][gc,phases   ] GC(6)   Other: 0.2ms
[2023-03-17T15:16:49.627+0530][gc,heap     ] GC(6) Eden regions: 49->0(47)
[2023-03-17T15:16:49.627+0530][gc,heap     ] GC(6) Survivor regions: 2->4(7)
[2023-03-17T15:16:49.627+0530][gc,heap     ] GC(6) Old regions: 13->13
[2023-03-17T15:16:49.627+0530][gc,heap     ] GC(6) Archive regions: 2->2
[2023-03-17T15:16:49.627+0530][gc,heap     ] GC(6) Humongous regions: 129->129
[2023-03-17T15:16:49.627+0530][gc,metaspace] GC(6) Metaspace: 40982K(41600K)->40982K(41600K) NonClass: 36001K(36352K)->36001K(36352K) Class: 4981K(5248K)->4981K(5248K)
[2023-03-17T15:16:49.627+0530][gc          ] GC(6) Pause Young (Prepare Mixed) (G1 Evacuation Pause) 193M->146M(1024M) 5.727ms
[2023-03-17T15:16:49.627+0530][gc,cpu      ] GC(6) User=0.03s Sys=0.00s Real=0.01s
[2023-03-17T15:24:39.580+0530][gc,heap,exit] Heap
[2023-03-17T15:24:39.585+0530][gc,heap,exit]  garbage-first heap   total 1048576K, used 194240K [0x00000000c0000000, 0x0000000100000000)
[2023-03-17T15:24:39.585+0530][gc,heap,exit]   region size 1024K, 48 young (49152K), 4 survivors (4096K)
[2023-03-17T15:24:39.585+0530][gc,heap,exit]  Metaspace       used 42538K, committed 43136K, reserved 1089536K
[2023-03-17T15:24:39.585+0530][gc,heap,exit]   class space    used 5155K, committed 5440K, reserved 1048576K
