[2023-03-24T20:59:40.698+0530][gc] Using G1
[2023-03-24T20:59:40.715+0530][gc,init] Version: 17.0.6+10-Ubuntu-0ubuntu120.04.1 (release)
[2023-03-24T20:59:40.715+0530][gc,init] CPUs: 8 total, 8 available
[2023-03-24T20:59:40.715+0530][gc,init] Memory: 7746M
[2023-03-24T20:59:40.715+0530][gc,init] Large Page Support: Disabled
[2023-03-24T20:59:40.715+0530][gc,init] NUMA Support: Disabled
[2023-03-24T20:59:40.715+0530][gc,init] Compressed Oops: Enabled (32-bit)
[2023-03-24T20:59:40.715+0530][gc,init] Heap Region Size: 1M
[2023-03-24T20:59:40.715+0530][gc,init] Heap Min Capacity: 1G
[2023-03-24T20:59:40.715+0530][gc,init] Heap Initial Capacity: 1G
[2023-03-24T20:59:40.715+0530][gc,init] Heap Max Capacity: 1G
[2023-03-24T20:59:40.715+0530][gc,init] Pre-touch: Disabled
[2023-03-24T20:59:40.715+0530][gc,init] Parallel Workers: 8
[2023-03-24T20:59:40.715+0530][gc,init] Concurrent Workers: 2
[2023-03-24T20:59:40.715+0530][gc,init] Concurrent Refinement Workers: 8
[2023-03-24T20:59:40.715+0530][gc,init] Periodic GC: Disabled
[2023-03-24T20:59:40.715+0530][gc,metaspace] CDS archive(s) mapped at: [0x0000000800000000-0x0000000800be3000-0x0000000800be3000), size 12464128, SharedBaseAddress: 0x0000000800000000, ArchiveRelocationMode: 0.
[2023-03-24T20:59:40.715+0530][gc,metaspace] Compressed class space mapped at: 0x0000000800c00000-0x0000000840c00000, reserved size: 1073741824
[2023-03-24T20:59:40.715+0530][gc,metaspace] Narrow klass base: 0x0000000800000000, Narrow klass shift: 0, Narrow klass range: 0x100000000
[2023-03-24T20:59:44.239+0530][gc,start    ] GC(0) Pause Young (Normal) (G1 Evacuation Pause)
[2023-03-24T20:59:44.241+0530][gc,task     ] GC(0) Using 8 workers of 8 for evacuation
[2023-03-24T20:59:44.253+0530][gc,phases   ] GC(0)   Pre Evacuate Collection Set: 0.3ms
[2023-03-24T20:59:44.253+0530][gc,phases   ] GC(0)   Merge Heap Roots: 0.2ms
[2023-03-24T20:59:44.253+0530][gc,phases   ] GC(0)   Evacuate Collection Set: 9.5ms
[2023-03-24T20:59:44.253+0530][gc,phases   ] GC(0)   Post Evacuate Collection Set: 1.2ms
[2023-03-24T20:59:44.253+0530][gc,phases   ] GC(0)   Other: 2.4ms
[2023-03-24T20:59:44.253+0530][gc,heap     ] GC(0) Eden regions: 51->0(44)
[2023-03-24T20:59:44.253+0530][gc,heap     ] GC(0) Survivor regions: 0->7(7)
[2023-03-24T20:59:44.253+0530][gc,heap     ] GC(0) Old regions: 0->1
[2023-03-24T20:59:44.253+0530][gc,heap     ] GC(0) Archive regions: 2->2
[2023-03-24T20:59:44.253+0530][gc,heap     ] GC(0) Humongous regions: 0->0
[2023-03-24T20:59:44.253+0530][gc,metaspace] GC(0) Metaspace: 18803K(18944K)->18803K(18944K) NonClass: 16558K(16640K)->16558K(16640K) Class: 2244K(2304K)->2244K(2304K)
[2023-03-24T20:59:44.253+0530][gc          ] GC(0) Pause Young (Normal) (G1 Evacuation Pause) 51M->8M(1024M) 14.028ms
[2023-03-24T20:59:44.253+0530][gc,cpu      ] GC(0) User=0.06s Sys=0.01s Real=0.02s
[2023-03-24T20:59:44.783+0530][gc,start    ] GC(1) Pause Young (Concurrent Start) (Metadata GC Threshold)
[2023-03-24T20:59:44.783+0530][gc,task     ] GC(1) Using 8 workers of 8 for evacuation
[2023-03-24T20:59:44.799+0530][gc,phases   ] GC(1)   Pre Evacuate Collection Set: 0.6ms
[2023-03-24T20:59:44.799+0530][gc,phases   ] GC(1)   Merge Heap Roots: 0.2ms
[2023-03-24T20:59:44.800+0530][gc,phases   ] GC(1)   Evacuate Collection Set: 13.4ms
[2023-03-24T20:59:44.800+0530][gc,phases   ] GC(1)   Post Evacuate Collection Set: 1.2ms
[2023-03-24T20:59:44.800+0530][gc,phases   ] GC(1)   Other: 0.7ms
[2023-03-24T20:59:44.800+0530][gc,heap     ] GC(1) Eden regions: 10->0(49)
[2023-03-24T20:59:44.800+0530][gc,heap     ] GC(1) Survivor regions: 7->2(7)
[2023-03-24T20:59:44.800+0530][gc,heap     ] GC(1) Old regions: 1->8
[2023-03-24T20:59:44.800+0530][gc,heap     ] GC(1) Archive regions: 2->2
[2023-03-24T20:59:44.800+0530][gc,heap     ] GC(1) Humongous regions: 0->0
[2023-03-24T20:59:44.800+0530][gc,metaspace] GC(1) Metaspace: 21285K(21504K)->21285K(21504K) NonClass: 18742K(18816K)->18742K(18816K) Class: 2543K(2688K)->2543K(2688K)
[2023-03-24T20:59:44.800+0530][gc          ] GC(1) Pause Young (Concurrent Start) (Metadata GC Threshold) 17M->9M(1024M) 16.545ms
[2023-03-24T20:59:44.800+0530][gc,cpu      ] GC(1) User=0.07s Sys=0.02s Real=0.02s
[2023-03-24T20:59:44.800+0530][gc          ] GC(2) Concurrent Mark Cycle
[2023-03-24T20:59:44.800+0530][gc,marking  ] GC(2) Concurrent Clear Claimed Marks
[2023-03-24T20:59:44.800+0530][gc,marking  ] GC(2) Concurrent Clear Claimed Marks 0.060ms
[2023-03-24T20:59:44.800+0530][gc,marking  ] GC(2) Concurrent Scan Root Regions
[2023-03-24T20:59:44.808+0530][gc,marking  ] GC(2) Concurrent Scan Root Regions 7.317ms
[2023-03-24T20:59:44.808+0530][gc,marking  ] GC(2) Concurrent Mark
[2023-03-24T20:59:44.808+0530][gc,marking  ] GC(2) Concurrent Mark From Roots
[2023-03-24T20:59:44.808+0530][gc,task     ] GC(2) Using 2 workers of 2 for marking
[2023-03-24T20:59:44.814+0530][gc,marking  ] GC(2) Concurrent Mark From Roots 5.697ms
[2023-03-24T20:59:44.814+0530][gc,marking  ] GC(2) Concurrent Preclean
[2023-03-24T20:59:44.814+0530][gc,marking  ] GC(2) Concurrent Preclean 0.191ms
[2023-03-24T20:59:44.814+0530][gc,start    ] GC(2) Pause Remark
[2023-03-24T20:59:44.819+0530][gc          ] GC(2) Pause Remark 9M->9M(1024M) 4.565ms
[2023-03-24T20:59:44.819+0530][gc,cpu      ] GC(2) User=0.02s Sys=0.00s Real=0.00s
[2023-03-24T20:59:44.819+0530][gc,marking  ] GC(2) Concurrent Mark 11.197ms
[2023-03-24T20:59:44.819+0530][gc,marking  ] GC(2) Concurrent Rebuild Remembered Sets
[2023-03-24T20:59:44.829+0530][gc,marking  ] GC(2) Concurrent Rebuild Remembered Sets 9.467ms
[2023-03-24T20:59:44.829+0530][gc,start    ] GC(2) Pause Cleanup
[2023-03-24T20:59:44.829+0530][gc          ] GC(2) Pause Cleanup 10M->10M(1024M) 0.531ms
[2023-03-24T20:59:44.829+0530][gc,cpu      ] GC(2) User=0.01s Sys=0.00s Real=0.00s
[2023-03-24T20:59:44.830+0530][gc,marking  ] GC(2) Concurrent Cleanup for Next Mark
[2023-03-24T20:59:44.843+0530][gc,marking  ] GC(2) Concurrent Cleanup for Next Mark 13.209ms
[2023-03-24T20:59:44.843+0530][gc          ] GC(2) Concurrent Mark Cycle 42.838ms
[2023-03-24T20:59:47.679+0530][gc,start    ] GC(3) Pause Young (Normal) (G1 Evacuation Pause)
[2023-03-24T20:59:47.679+0530][gc,task     ] GC(3) Using 8 workers of 8 for evacuation
[2023-03-24T20:59:47.688+0530][gc,phases   ] GC(3)   Pre Evacuate Collection Set: 0.3ms
[2023-03-24T20:59:47.688+0530][gc,phases   ] GC(3)   Merge Heap Roots: 0.2ms
[2023-03-24T20:59:47.688+0530][gc,phases   ] GC(3)   Evacuate Collection Set: 7.3ms
[2023-03-24T20:59:47.688+0530][gc,phases   ] GC(3)   Post Evacuate Collection Set: 1.0ms
[2023-03-24T20:59:47.688+0530][gc,phases   ] GC(3)   Other: 0.3ms
[2023-03-24T20:59:47.688+0530][gc,heap     ] GC(3) Eden regions: 49->0(45)
[2023-03-24T20:59:47.688+0530][gc,heap     ] GC(3) Survivor regions: 2->6(7)
[2023-03-24T20:59:47.688+0530][gc,heap     ] GC(3) Old regions: 8->8
[2023-03-24T20:59:47.688+0530][gc,heap     ] GC(3) Archive regions: 2->2
[2023-03-24T20:59:47.688+0530][gc,heap     ] GC(3) Humongous regions: 129->129
[2023-03-24T20:59:47.688+0530][gc,metaspace] GC(3) Metaspace: 30931K(31168K)->30931K(31168K) NonClass: 27454K(27584K)->27454K(27584K) Class: 3477K(3584K)->3477K(3584K)
[2023-03-24T20:59:47.688+0530][gc          ] GC(3) Pause Young (Normal) (G1 Evacuation Pause) 187M->142M(1024M) 9.372ms
[2023-03-24T20:59:47.688+0530][gc,cpu      ] GC(3) User=0.07s Sys=0.00s Real=0.01s
[2023-03-24T20:59:48.424+0530][gc,start    ] GC(4) Pause Young (Concurrent Start) (Metadata GC Threshold)
[2023-03-24T20:59:48.425+0530][gc,task     ] GC(4) Using 8 workers of 8 for evacuation
[2023-03-24T20:59:48.440+0530][gc,phases   ] GC(4)   Pre Evacuate Collection Set: 0.5ms
[2023-03-24T20:59:48.440+0530][gc,phases   ] GC(4)   Merge Heap Roots: 0.1ms
[2023-03-24T20:59:48.440+0530][gc,phases   ] GC(4)   Evacuate Collection Set: 13.3ms
[2023-03-24T20:59:48.440+0530][gc,phases   ] GC(4)   Post Evacuate Collection Set: 1.0ms
[2023-03-24T20:59:48.440+0530][gc,phases   ] GC(4)   Other: 0.4ms
[2023-03-24T20:59:48.440+0530][gc,heap     ] GC(4) Eden regions: 22->0(49)
[2023-03-24T20:59:48.440+0530][gc,heap     ] GC(4) Survivor regions: 6->2(7)
[2023-03-24T20:59:48.440+0530][gc,heap     ] GC(4) Old regions: 8->13
[2023-03-24T20:59:48.440+0530][gc,heap     ] GC(4) Archive regions: 2->2
[2023-03-24T20:59:48.440+0530][gc,heap     ] GC(4) Humongous regions: 129->129
[2023-03-24T20:59:48.440+0530][gc,metaspace] GC(4) Metaspace: 35764K(36096K)->35764K(36096K) NonClass: 31704K(31872K)->31704K(31872K) Class: 4059K(4224K)->4059K(4224K)
[2023-03-24T20:59:48.440+0530][gc          ] GC(4) Pause Young (Concurrent Start) (Metadata GC Threshold) 164M->144M(1024M) 15.887ms
[2023-03-24T20:59:48.440+0530][gc,cpu      ] GC(4) User=0.10s Sys=0.01s Real=0.02s
[2023-03-24T20:59:48.441+0530][gc          ] GC(5) Concurrent Mark Cycle
[2023-03-24T20:59:48.441+0530][gc,marking  ] GC(5) Concurrent Clear Claimed Marks
[2023-03-24T20:59:48.441+0530][gc,marking  ] GC(5) Concurrent Clear Claimed Marks 0.105ms
[2023-03-24T20:59:48.441+0530][gc,marking  ] GC(5) Concurrent Scan Root Regions
[2023-03-24T20:59:48.450+0530][gc,marking  ] GC(5) Concurrent Scan Root Regions 8.773ms
[2023-03-24T20:59:48.450+0530][gc,marking  ] GC(5) Concurrent Mark
[2023-03-24T20:59:48.450+0530][gc,marking  ] GC(5) Concurrent Mark From Roots
[2023-03-24T20:59:48.450+0530][gc,task     ] GC(5) Using 2 workers of 2 for marking
[2023-03-24T20:59:48.471+0530][gc,marking  ] GC(5) Concurrent Mark From Roots 21.702ms
[2023-03-24T20:59:48.472+0530][gc,marking  ] GC(5) Concurrent Preclean
[2023-03-24T20:59:48.472+0530][gc,marking  ] GC(5) Concurrent Preclean 0.401ms
[2023-03-24T20:59:48.473+0530][gc,start    ] GC(5) Pause Remark
[2023-03-24T20:59:48.477+0530][gc          ] GC(5) Pause Remark 145M->145M(1024M) 4.690ms
[2023-03-24T20:59:48.477+0530][gc,cpu      ] GC(5) User=0.03s Sys=0.00s Real=0.01s
[2023-03-24T20:59:48.477+0530][gc,marking  ] GC(5) Concurrent Mark 27.716ms
[2023-03-24T20:59:48.478+0530][gc,marking  ] GC(5) Concurrent Rebuild Remembered Sets
[2023-03-24T20:59:48.498+0530][gc,marking  ] GC(5) Concurrent Rebuild Remembered Sets 20.667ms
[2023-03-24T20:59:48.499+0530][gc,start    ] GC(5) Pause Cleanup
[2023-03-24T20:59:48.499+0530][gc          ] GC(5) Pause Cleanup 146M->146M(1024M) 0.541ms
[2023-03-24T20:59:48.499+0530][gc,cpu      ] GC(5) User=0.00s Sys=0.00s Real=0.00s
[2023-03-24T20:59:48.500+0530][gc,marking  ] GC(5) Concurrent Cleanup for Next Mark
[2023-03-24T20:59:48.522+0530][gc,marking  ] GC(5) Concurrent Cleanup for Next Mark 22.051ms
[2023-03-24T20:59:48.522+0530][gc          ] GC(5) Concurrent Mark Cycle 81.222ms
[2023-03-24T21:01:19.940+0530][gc,start    ] GC(6) Pause Young (Prepare Mixed) (G1 Evacuation Pause)
[2023-03-24T21:01:19.941+0530][gc,task     ] GC(6) Using 8 workers of 8 for evacuation
[2023-03-24T21:01:19.968+0530][gc,mmu      ] GC(6) MMU target violated: 21.0ms (20.0ms/21.0ms)
[2023-03-24T21:01:19.968+0530][gc,phases   ] GC(6)   Pre Evacuate Collection Set: 0.6ms
[2023-03-24T21:01:19.968+0530][gc,phases   ] GC(6)   Merge Heap Roots: 0.2ms
[2023-03-24T21:01:19.968+0530][gc,phases   ] GC(6)   Evacuate Collection Set: 23.5ms
[2023-03-24T21:01:19.968+0530][gc,phases   ] GC(6)   Post Evacuate Collection Set: 2.8ms
[2023-03-24T21:01:19.968+0530][gc,phases   ] GC(6)   Other: 0.6ms
[2023-03-24T21:01:19.968+0530][gc,heap     ] GC(6) Eden regions: 49->0(46)
[2023-03-24T21:01:19.968+0530][gc,heap     ] GC(6) Survivor regions: 2->5(7)
[2023-03-24T21:01:19.968+0530][gc,heap     ] GC(6) Old regions: 13->13
[2023-03-24T21:01:19.968+0530][gc,heap     ] GC(6) Archive regions: 2->2
[2023-03-24T21:01:19.968+0530][gc,heap     ] GC(6) Humongous regions: 195->129
[2023-03-24T21:01:19.969+0530][gc,metaspace] GC(6) Metaspace: 41127K(41792K)->41127K(41792K) NonClass: 36187K(36544K)->36187K(36544K) Class: 4939K(5248K)->4939K(5248K)
[2023-03-24T21:01:19.969+0530][gc          ] GC(6) Pause Young (Prepare Mixed) (G1 Evacuation Pause) 259M->146M(1024M) 28.147ms
[2023-03-24T21:01:19.969+0530][gc,cpu      ] GC(6) User=0.07s Sys=0.00s Real=0.03s
[2023-03-24T21:03:36.790+0530][gc,start    ] GC(7) Pause Young (Mixed) (G1 Evacuation Pause)
[2023-03-24T21:03:36.790+0530][gc,task     ] GC(7) Using 8 workers of 8 for evacuation
[2023-03-24T21:03:36.814+0530][gc,mmu      ] GC(7) MMU target violated: 21.0ms (20.0ms/21.0ms)
[2023-03-24T21:03:36.814+0530][gc,phases   ] GC(7)   Pre Evacuate Collection Set: 0.5ms
[2023-03-24T21:03:36.814+0530][gc,phases   ] GC(7)   Merge Heap Roots: 0.3ms
[2023-03-24T21:03:36.814+0530][gc,phases   ] GC(7)   Evacuate Collection Set: 21.3ms
[2023-03-24T21:03:36.814+0530][gc,phases   ] GC(7)   Post Evacuate Collection Set: 1.6ms
[2023-03-24T21:03:36.814+0530][gc,phases   ] GC(7)   Other: 0.5ms
[2023-03-24T21:03:36.814+0530][gc,heap     ] GC(7) Eden regions: 46->0(47)
[2023-03-24T21:03:36.814+0530][gc,heap     ] GC(7) Survivor regions: 5->4(7)
[2023-03-24T21:03:36.814+0530][gc,heap     ] GC(7) Old regions: 13->14
[2023-03-24T21:03:36.814+0530][gc,heap     ] GC(7) Archive regions: 2->2
[2023-03-24T21:03:36.814+0530][gc,heap     ] GC(7) Humongous regions: 129->129
[2023-03-24T21:03:36.814+0530][gc,metaspace] GC(7) Metaspace: 41545K(42176K)->41545K(42176K) NonClass: 36586K(36928K)->36586K(36928K) Class: 4959K(5248K)->4959K(5248K)
[2023-03-24T21:03:36.814+0530][gc          ] GC(7) Pause Young (Mixed) (G1 Evacuation Pause) 192M->147M(1024M) 24.508ms
[2023-03-24T21:03:36.815+0530][gc,cpu      ] GC(7) User=0.08s Sys=0.00s Real=0.03s
[2023-03-24T21:05:22.791+0530][gc,start    ] GC(8) Pause Young (Normal) (G1 Evacuation Pause)
[2023-03-24T21:05:22.791+0530][gc,task     ] GC(8) Using 8 workers of 8 for evacuation
[2023-03-24T21:05:22.800+0530][gc,phases   ] GC(8)   Pre Evacuate Collection Set: 0.3ms
[2023-03-24T21:05:22.800+0530][gc,phases   ] GC(8)   Merge Heap Roots: 0.2ms
[2023-03-24T21:05:22.800+0530][gc,phases   ] GC(8)   Evacuate Collection Set: 7.4ms
[2023-03-24T21:05:22.800+0530][gc,phases   ] GC(8)   Post Evacuate Collection Set: 1.1ms
[2023-03-24T21:05:22.800+0530][gc,phases   ] GC(8)   Other: 0.3ms
[2023-03-24T21:05:22.800+0530][gc,heap     ] GC(8) Eden regions: 47->0(47)
[2023-03-24T21:05:22.800+0530][gc,heap     ] GC(8) Survivor regions: 4->4(7)
[2023-03-24T21:05:22.800+0530][gc,heap     ] GC(8) Old regions: 14->14
[2023-03-24T21:05:22.801+0530][gc,heap     ] GC(8) Archive regions: 2->2
[2023-03-24T21:05:22.801+0530][gc,heap     ] GC(8) Humongous regions: 129->129
[2023-03-24T21:05:22.801+0530][gc,metaspace] GC(8) Metaspace: 41792K(42368K)->41792K(42368K) NonClass: 36827K(37120K)->36827K(37120K) Class: 4965K(5248K)->4965K(5248K)
[2023-03-24T21:05:22.801+0530][gc          ] GC(8) Pause Young (Normal) (G1 Evacuation Pause) 194M->147M(1024M) 9.622ms
[2023-03-24T21:05:22.801+0530][gc,cpu      ] GC(8) User=0.05s Sys=0.00s Real=0.01s
[2023-03-24T21:13:43.081+0530][gc,start    ] GC(9) Pause Young (Normal) (G1 Evacuation Pause)
[2023-03-24T21:13:43.081+0530][gc,task     ] GC(9) Using 8 workers of 8 for evacuation
[2023-03-24T21:13:43.090+0530][gc,phases   ] GC(9)   Pre Evacuate Collection Set: 0.4ms
[2023-03-24T21:13:43.091+0530][gc,phases   ] GC(9)   Merge Heap Roots: 0.2ms
[2023-03-24T21:13:43.091+0530][gc,phases   ] GC(9)   Evacuate Collection Set: 8.0ms
[2023-03-24T21:13:43.091+0530][gc,phases   ] GC(9)   Post Evacuate Collection Set: 0.8ms
[2023-03-24T21:13:43.091+0530][gc,phases   ] GC(9)   Other: 0.3ms
[2023-03-24T21:13:43.091+0530][gc,heap     ] GC(9) Eden regions: 47->0(52)
[2023-03-24T21:13:43.091+0530][gc,heap     ] GC(9) Survivor regions: 4->3(7)
[2023-03-24T21:13:43.091+0530][gc,heap     ] GC(9) Old regions: 14->16
[2023-03-24T21:13:43.091+0530][gc,heap     ] GC(9) Archive regions: 2->2
[2023-03-24T21:13:43.091+0530][gc,heap     ] GC(9) Humongous regions: 129->129
[2023-03-24T21:13:43.091+0530][gc,metaspace] GC(9) Metaspace: 42491K(43136K)->42491K(43136K) NonClass: 37372K(37696K)->37372K(37696K) Class: 5118K(5440K)->5118K(5440K)
[2023-03-24T21:13:43.091+0530][gc          ] GC(9) Pause Young (Normal) (G1 Evacuation Pause) 194M->148M(1024M) 10.015ms
[2023-03-24T21:13:43.091+0530][gc,cpu      ] GC(9) User=0.05s Sys=0.01s Real=0.01s
[2023-03-24T21:20:14.027+0530][gc,start    ] GC(10) Pause Young (Normal) (G1 Evacuation Pause)
[2023-03-24T21:20:14.027+0530][gc,task     ] GC(10) Using 8 workers of 8 for evacuation
[2023-03-24T21:20:14.038+0530][gc,phases   ] GC(10)   Pre Evacuate Collection Set: 0.5ms
[2023-03-24T21:20:14.038+0530][gc,phases   ] GC(10)   Merge Heap Roots: 0.3ms
[2023-03-24T21:20:14.038+0530][gc,phases   ] GC(10)   Evacuate Collection Set: 8.2ms
[2023-03-24T21:20:14.038+0530][gc,phases   ] GC(10)   Post Evacuate Collection Set: 1.0ms
[2023-03-24T21:20:14.038+0530][gc,phases   ] GC(10)   Other: 0.4ms
[2023-03-24T21:20:14.038+0530][gc,heap     ] GC(10) Eden regions: 52->0(60)
[2023-03-24T21:20:14.038+0530][gc,heap     ] GC(10) Survivor regions: 3->4(7)
[2023-03-24T21:20:14.038+0530][gc,heap     ] GC(10) Old regions: 16->16
[2023-03-24T21:20:14.038+0530][gc,heap     ] GC(10) Archive regions: 2->2
[2023-03-24T21:20:14.038+0530][gc,heap     ] GC(10) Humongous regions: 129->129
[2023-03-24T21:20:14.038+0530][gc,metaspace] GC(10) Metaspace: 42686K(43328K)->42686K(43328K) NonClass: 37554K(37888K)->37554K(37888K) Class: 5131K(5440K)->5131K(5440K)
[2023-03-24T21:20:14.038+0530][gc          ] GC(10) Pause Young (Normal) (G1 Evacuation Pause) 200M->148M(1024M) 10.803ms
[2023-03-24T21:20:14.038+0530][gc,cpu      ] GC(10) User=0.06s Sys=0.00s Real=0.01s
[2023-03-24T21:22:55.436+0530][gc,heap,exit] Heap
[2023-03-24T21:22:55.436+0530][gc,heap,exit]  garbage-first heap   total 1048576K, used 187543K [0x00000000c0000000, 0x0000000100000000)
[2023-03-24T21:22:55.436+0530][gc,heap,exit]   region size 1024K, 39 young (39936K), 4 survivors (4096K)
[2023-03-24T21:22:55.436+0530][gc,heap,exit]  Metaspace       used 43373K, committed 44032K, reserved 1089536K
[2023-03-24T21:22:55.436+0530][gc,heap,exit]   class space    used 5275K, committed 5568K, reserved 1048576K
