[2023-03-20T11:12:04.690+0530][gc] Using G1
[2023-03-20T11:12:04.707+0530][gc,init] Version: 17.0.6+10-Ubuntu-0ubuntu120.04.1 (release)
[2023-03-20T11:12:04.707+0530][gc,init] CPUs: 8 total, 8 available
[2023-03-20T11:12:04.707+0530][gc,init] Memory: 7746M
[2023-03-20T11:12:04.707+0530][gc,init] Large Page Support: Disabled
[2023-03-20T11:12:04.707+0530][gc,init] NUMA Support: Disabled
[2023-03-20T11:12:04.707+0530][gc,init] Compressed Oops: Enabled (32-bit)
[2023-03-20T11:12:04.707+0530][gc,init] Heap Region Size: 1M
[2023-03-20T11:12:04.707+0530][gc,init] Heap Min Capacity: 1G
[2023-03-20T11:12:04.707+0530][gc,init] Heap Initial Capacity: 1G
[2023-03-20T11:12:04.707+0530][gc,init] Heap Max Capacity: 1G
[2023-03-20T11:12:04.707+0530][gc,init] Pre-touch: Disabled
[2023-03-20T11:12:04.707+0530][gc,init] Parallel Workers: 8
[2023-03-20T11:12:04.707+0530][gc,init] Concurrent Workers: 2
[2023-03-20T11:12:04.707+0530][gc,init] Concurrent Refinement Workers: 8
[2023-03-20T11:12:04.707+0530][gc,init] Periodic GC: Disabled
[2023-03-20T11:12:04.708+0530][gc,metaspace] CDS archive(s) mapped at: [0x0000000800000000-0x0000000800be3000-0x0000000800be3000), size 12464128, SharedBaseAddress: 0x0000000800000000, ArchiveRelocationMode: 0.
[2023-03-20T11:12:04.708+0530][gc,metaspace] Compressed class space mapped at: 0x0000000800c00000-0x0000000840c00000, reserved size: 1073741824
[2023-03-20T11:12:04.708+0530][gc,metaspace] Narrow klass base: 0x0000000800000000, Narrow klass shift: 0, Narrow klass range: 0x100000000
[2023-03-20T11:12:08.799+0530][gc,start    ] GC(0) Pause Young (Normal) (G1 Evacuation Pause)
[2023-03-20T11:12:08.801+0530][gc,task     ] GC(0) Using 8 workers of 8 for evacuation
[2023-03-20T11:12:08.818+0530][gc,phases   ] GC(0)   Pre Evacuate Collection Set: 0.4ms
[2023-03-20T11:12:08.818+0530][gc,phases   ] GC(0)   Merge Heap Roots: 0.2ms
[2023-03-20T11:12:08.818+0530][gc,phases   ] GC(0)   Evacuate Collection Set: 14.5ms
[2023-03-20T11:12:08.818+0530][gc,phases   ] GC(0)   Post Evacuate Collection Set: 1.5ms
[2023-03-20T11:12:08.818+0530][gc,phases   ] GC(0)   Other: 2.7ms
[2023-03-20T11:12:08.818+0530][gc,heap     ] GC(0) Eden regions: 51->0(44)
[2023-03-20T11:12:08.818+0530][gc,heap     ] GC(0) Survivor regions: 0->7(7)
[2023-03-20T11:12:08.818+0530][gc,heap     ] GC(0) Old regions: 0->1
[2023-03-20T11:12:08.818+0530][gc,heap     ] GC(0) Archive regions: 2->2
[2023-03-20T11:12:08.818+0530][gc,heap     ] GC(0) Humongous regions: 0->0
[2023-03-20T11:12:08.818+0530][gc,metaspace] GC(0) Metaspace: 18809K(18944K)->18809K(18944K) NonClass: 16561K(16640K)->16561K(16640K) Class: 2247K(2304K)->2247K(2304K)
[2023-03-20T11:12:08.818+0530][gc          ] GC(0) Pause Young (Normal) (G1 Evacuation Pause) 51M->8M(1024M) 19.561ms
[2023-03-20T11:12:08.818+0530][gc,cpu      ] GC(0) User=0.08s Sys=0.01s Real=0.02s
[2023-03-20T11:12:09.589+0530][gc,start    ] GC(1) Pause Young (Concurrent Start) (Metadata GC Threshold)
[2023-03-20T11:12:09.589+0530][gc,task     ] GC(1) Using 8 workers of 8 for evacuation
[2023-03-20T11:12:09.602+0530][gc,phases   ] GC(1)   Pre Evacuate Collection Set: 0.3ms
[2023-03-20T11:12:09.602+0530][gc,phases   ] GC(1)   Merge Heap Roots: 0.2ms
[2023-03-20T11:12:09.602+0530][gc,phases   ] GC(1)   Evacuate Collection Set: 11.0ms
[2023-03-20T11:12:09.602+0530][gc,phases   ] GC(1)   Post Evacuate Collection Set: 1.3ms
[2023-03-20T11:12:09.602+0530][gc,phases   ] GC(1)   Other: 0.6ms
[2023-03-20T11:12:09.602+0530][gc,heap     ] GC(1) Eden regions: 12->0(49)
[2023-03-20T11:12:09.602+0530][gc,heap     ] GC(1) Survivor regions: 7->2(7)
[2023-03-20T11:12:09.602+0530][gc,heap     ] GC(1) Old regions: 1->8
[2023-03-20T11:12:09.602+0530][gc,heap     ] GC(1) Archive regions: 2->2
[2023-03-20T11:12:09.602+0530][gc,heap     ] GC(1) Humongous regions: 129->129
[2023-03-20T11:12:09.602+0530][gc,metaspace] GC(1) Metaspace: 21257K(21504K)->21257K(21504K) NonClass: 18705K(18816K)->18705K(18816K) Class: 2552K(2688K)->2552K(2688K)
[2023-03-20T11:12:09.602+0530][gc          ] GC(1) Pause Young (Concurrent Start) (Metadata GC Threshold) 148M->138M(1024M) 13.579ms
[2023-03-20T11:12:09.602+0530][gc,cpu      ] GC(1) User=0.08s Sys=0.02s Real=0.01s
[2023-03-20T11:12:09.602+0530][gc          ] GC(2) Concurrent Mark Cycle
[2023-03-20T11:12:09.603+0530][gc,marking  ] GC(2) Concurrent Clear Claimed Marks
[2023-03-20T11:12:09.603+0530][gc,marking  ] GC(2) Concurrent Clear Claimed Marks 0.043ms
[2023-03-20T11:12:09.603+0530][gc,marking  ] GC(2) Concurrent Scan Root Regions
[2023-03-20T11:12:09.611+0530][gc,marking  ] GC(2) Concurrent Scan Root Regions 8.505ms
[2023-03-20T11:12:09.611+0530][gc,marking  ] GC(2) Concurrent Mark
[2023-03-20T11:12:09.611+0530][gc,marking  ] GC(2) Concurrent Mark From Roots
[2023-03-20T11:12:09.611+0530][gc,task     ] GC(2) Using 2 workers of 2 for marking
[2023-03-20T11:12:09.617+0530][gc,marking  ] GC(2) Concurrent Mark From Roots 5.969ms
[2023-03-20T11:12:09.617+0530][gc,marking  ] GC(2) Concurrent Preclean
[2023-03-20T11:12:09.618+0530][gc,marking  ] GC(2) Concurrent Preclean 0.199ms
[2023-03-20T11:12:09.618+0530][gc,start    ] GC(2) Pause Remark
[2023-03-20T11:12:09.622+0530][gc          ] GC(2) Pause Remark 139M->139M(1024M) 4.576ms
[2023-03-20T11:12:09.622+0530][gc,cpu      ] GC(2) User=0.02s Sys=0.00s Real=0.00s
[2023-03-20T11:12:09.623+0530][gc,marking  ] GC(2) Concurrent Mark 11.314ms
[2023-03-20T11:12:09.623+0530][gc,marking  ] GC(2) Concurrent Rebuild Remembered Sets
[2023-03-20T11:12:09.634+0530][gc,marking  ] GC(2) Concurrent Rebuild Remembered Sets 11.471ms
[2023-03-20T11:12:09.635+0530][gc,start    ] GC(2) Pause Cleanup
[2023-03-20T11:12:09.636+0530][gc          ] GC(2) Pause Cleanup 139M->139M(1024M) 0.631ms
[2023-03-20T11:12:09.636+0530][gc,cpu      ] GC(2) User=0.00s Sys=0.00s Real=0.00s
[2023-03-20T11:12:09.636+0530][gc,marking  ] GC(2) Concurrent Cleanup for Next Mark
[2023-03-20T11:12:09.651+0530][gc,marking  ] GC(2) Concurrent Cleanup for Next Mark 15.118ms
[2023-03-20T11:12:09.651+0530][gc          ] GC(2) Concurrent Mark Cycle 48.741ms
[2023-03-20T11:12:12.197+0530][gc,start    ] GC(3) Pause Young (Normal) (G1 Evacuation Pause)
[2023-03-20T11:12:12.197+0530][gc,task     ] GC(3) Using 8 workers of 8 for evacuation
[2023-03-20T11:12:12.220+0530][gc,mmu      ] GC(3) MMU target violated: 21.0ms (20.0ms/21.0ms)
[2023-03-20T11:12:12.220+0530][gc,phases   ] GC(3)   Pre Evacuate Collection Set: 0.7ms
[2023-03-20T11:12:12.220+0530][gc,phases   ] GC(3)   Merge Heap Roots: 0.2ms
[2023-03-20T11:12:12.220+0530][gc,phases   ] GC(3)   Evacuate Collection Set: 19.5ms
[2023-03-20T11:12:12.220+0530][gc,phases   ] GC(3)   Post Evacuate Collection Set: 1.8ms
[2023-03-20T11:12:12.220+0530][gc,phases   ] GC(3)   Other: 0.6ms
[2023-03-20T11:12:12.221+0530][gc,heap     ] GC(3) Eden regions: 49->0(45)
[2023-03-20T11:12:12.221+0530][gc,heap     ] GC(3) Survivor regions: 2->6(7)
[2023-03-20T11:12:12.221+0530][gc,heap     ] GC(3) Old regions: 8->8
[2023-03-20T11:12:12.221+0530][gc,heap     ] GC(3) Archive regions: 2->2
[2023-03-20T11:12:12.221+0530][gc,heap     ] GC(3) Humongous regions: 129->129
[2023-03-20T11:12:12.221+0530][gc,metaspace] GC(3) Metaspace: 32745K(33024K)->32745K(33024K) NonClass: 29067K(29248K)->29067K(29248K) Class: 3678K(3776K)->3678K(3776K)
[2023-03-20T11:12:12.221+0530][gc          ] GC(3) Pause Young (Normal) (G1 Evacuation Pause) 187M->142M(1024M) 23.391ms
[2023-03-20T11:12:12.221+0530][gc,cpu      ] GC(3) User=0.08s Sys=0.01s Real=0.02s
[2023-03-20T11:12:14.948+0530][gc,start    ] GC(4) Pause Young (Concurrent Start) (Metadata GC Threshold)
[2023-03-20T11:12:14.948+0530][gc,task     ] GC(4) Using 8 workers of 8 for evacuation
[2023-03-20T11:12:14.961+0530][gc,phases   ] GC(4)   Pre Evacuate Collection Set: 0.5ms
[2023-03-20T11:12:14.962+0530][gc,phases   ] GC(4)   Merge Heap Roots: 0.2ms
[2023-03-20T11:12:14.962+0530][gc,phases   ] GC(4)   Evacuate Collection Set: 11.3ms
[2023-03-20T11:12:14.962+0530][gc,phases   ] GC(4)   Post Evacuate Collection Set: 1.1ms
[2023-03-20T11:12:14.962+0530][gc,phases   ] GC(4)   Other: 0.5ms
[2023-03-20T11:12:14.962+0530][gc,heap     ] GC(4) Eden regions: 14->0(49)
[2023-03-20T11:12:14.962+0530][gc,heap     ] GC(4) Survivor regions: 6->2(7)
[2023-03-20T11:12:14.962+0530][gc,heap     ] GC(4) Old regions: 8->13
[2023-03-20T11:12:14.962+0530][gc,heap     ] GC(4) Archive regions: 2->2
[2023-03-20T11:12:14.962+0530][gc,heap     ] GC(4) Humongous regions: 129->129
[2023-03-20T11:12:14.962+0530][gc,metaspace] GC(4) Metaspace: 35645K(35968K)->35645K(35968K) NonClass: 31469K(31680K)->31469K(31680K) Class: 4175K(4288K)->4175K(4288K)
[2023-03-20T11:12:14.962+0530][gc          ] GC(4) Pause Young (Concurrent Start) (Metadata GC Threshold) 156M->143M(1024M) 13.900ms
[2023-03-20T11:12:14.962+0530][gc,cpu      ] GC(4) User=0.08s Sys=0.01s Real=0.02s
[2023-03-20T11:12:14.962+0530][gc          ] GC(5) Concurrent Mark Cycle
[2023-03-20T11:12:14.962+0530][gc,marking  ] GC(5) Concurrent Clear Claimed Marks
[2023-03-20T11:12:14.962+0530][gc,marking  ] GC(5) Concurrent Clear Claimed Marks 0.081ms
[2023-03-20T11:12:14.962+0530][gc,marking  ] GC(5) Concurrent Scan Root Regions
[2023-03-20T11:12:14.971+0530][gc,marking  ] GC(5) Concurrent Scan Root Regions 8.883ms
[2023-03-20T11:12:14.971+0530][gc,marking  ] GC(5) Concurrent Mark
[2023-03-20T11:12:14.971+0530][gc,marking  ] GC(5) Concurrent Mark From Roots
[2023-03-20T11:12:14.971+0530][gc,task     ] GC(5) Using 2 workers of 2 for marking
[2023-03-20T11:12:14.993+0530][gc,marking  ] GC(5) Concurrent Mark From Roots 21.168ms
[2023-03-20T11:12:14.993+0530][gc,marking  ] GC(5) Concurrent Preclean
[2023-03-20T11:12:14.993+0530][gc,marking  ] GC(5) Concurrent Preclean 0.269ms
[2023-03-20T11:12:14.993+0530][gc,start    ] GC(5) Pause Remark
[2023-03-20T11:12:14.998+0530][gc          ] GC(5) Pause Remark 144M->144M(1024M) 4.413ms
[2023-03-20T11:12:14.998+0530][gc,cpu      ] GC(5) User=0.02s Sys=0.00s Real=0.01s
[2023-03-20T11:12:14.998+0530][gc,marking  ] GC(5) Concurrent Mark 26.710ms
[2023-03-20T11:12:14.998+0530][gc,marking  ] GC(5) Concurrent Rebuild Remembered Sets
[2023-03-20T11:12:15.018+0530][gc,marking  ] GC(5) Concurrent Rebuild Remembered Sets 19.624ms
[2023-03-20T11:12:15.018+0530][gc,start    ] GC(5) Pause Cleanup
[2023-03-20T11:12:15.019+0530][gc          ] GC(5) Pause Cleanup 144M->144M(1024M) 0.590ms
[2023-03-20T11:12:15.019+0530][gc,cpu      ] GC(5) User=0.00s Sys=0.00s Real=0.00s
[2023-03-20T11:12:15.019+0530][gc,marking  ] GC(5) Concurrent Cleanup for Next Mark
[2023-03-20T11:12:15.033+0530][gc,marking  ] GC(5) Concurrent Cleanup for Next Mark 14.366ms
[2023-03-20T11:12:15.033+0530][gc          ] GC(5) Concurrent Mark Cycle 71.295ms
[2023-03-20T11:13:06.199+0530][gc,start    ] GC(6) Pause Young (Normal) (G1 Evacuation Pause)
[2023-03-20T11:13:06.199+0530][gc,task     ] GC(6) Using 8 workers of 8 for evacuation
[2023-03-20T11:13:06.211+0530][gc,phases   ] GC(6)   Pre Evacuate Collection Set: 0.4ms
[2023-03-20T11:13:06.211+0530][gc,phases   ] GC(6)   Merge Heap Roots: 0.2ms
[2023-03-20T11:13:06.211+0530][gc,phases   ] GC(6)   Evacuate Collection Set: 9.6ms
[2023-03-20T11:13:06.211+0530][gc,phases   ] GC(6)   Post Evacuate Collection Set: 1.5ms
[2023-03-20T11:13:06.211+0530][gc,phases   ] GC(6)   Other: 0.3ms
[2023-03-20T11:13:06.211+0530][gc,heap     ] GC(6) Eden regions: 49->0(47)
[2023-03-20T11:13:06.211+0530][gc,heap     ] GC(6) Survivor regions: 2->4(7)
[2023-03-20T11:13:06.211+0530][gc,heap     ] GC(6) Old regions: 13->13
[2023-03-20T11:13:06.211+0530][gc,heap     ] GC(6) Archive regions: 2->2
[2023-03-20T11:13:06.211+0530][gc,heap     ] GC(6) Humongous regions: 129->129
[2023-03-20T11:13:06.211+0530][gc,metaspace] GC(6) Metaspace: 40934K(41472K)->40934K(41472K) NonClass: 36081K(36352K)->36081K(36352K) Class: 4852K(5120K)->4852K(5120K)
[2023-03-20T11:13:06.211+0530][gc          ] GC(6) Pause Young (Normal) (G1 Evacuation Pause) 192M->146M(1024M) 12.390ms
[2023-03-20T11:13:06.211+0530][gc,cpu      ] GC(6) User=0.06s Sys=0.00s Real=0.01s
[2023-03-20T11:13:27.858+0530][gc,start    ] GC(7) Pause Young (Normal) (G1 Evacuation Pause)
[2023-03-20T11:13:27.858+0530][gc,task     ] GC(7) Using 8 workers of 8 for evacuation
[2023-03-20T11:13:27.866+0530][gc,phases   ] GC(7)   Pre Evacuate Collection Set: 0.3ms
[2023-03-20T11:13:27.866+0530][gc,phases   ] GC(7)   Merge Heap Roots: 0.1ms
[2023-03-20T11:13:27.866+0530][gc,phases   ] GC(7)   Evacuate Collection Set: 6.6ms
[2023-03-20T11:13:27.866+0530][gc,phases   ] GC(7)   Post Evacuate Collection Set: 0.9ms
[2023-03-20T11:13:27.866+0530][gc,phases   ] GC(7)   Other: 0.3ms
[2023-03-20T11:13:27.866+0530][gc,heap     ] GC(7) Eden regions: 47->0(47)
[2023-03-20T11:13:27.866+0530][gc,heap     ] GC(7) Survivor regions: 4->4(7)
[2023-03-20T11:13:27.866+0530][gc,heap     ] GC(7) Old regions: 13->14
[2023-03-20T11:13:27.866+0530][gc,heap     ] GC(7) Archive regions: 2->2
[2023-03-20T11:13:27.866+0530][gc,heap     ] GC(7) Humongous regions: 129->129
[2023-03-20T11:13:27.866+0530][gc,metaspace] GC(7) Metaspace: 41049K(41664K)->41049K(41664K) NonClass: 36193K(36544K)->36193K(36544K) Class: 4856K(5120K)->4856K(5120K)
[2023-03-20T11:13:27.866+0530][gc          ] GC(7) Pause Young (Normal) (G1 Evacuation Pause) 193M->146M(1024M) 8.350ms
[2023-03-20T11:13:27.866+0530][gc,cpu      ] GC(7) User=0.04s Sys=0.01s Real=0.00s
[2023-03-20T11:16:07.321+0530][gc,start    ] GC(8) Pause Young (Normal) (G1 Evacuation Pause)
[2023-03-20T11:16:07.321+0530][gc,task     ] GC(8) Using 8 workers of 8 for evacuation
[2023-03-20T11:16:07.339+0530][gc,phases   ] GC(8)   Pre Evacuate Collection Set: 1.0ms
[2023-03-20T11:16:07.339+0530][gc,phases   ] GC(8)   Merge Heap Roots: 0.2ms
[2023-03-20T11:16:07.339+0530][gc,phases   ] GC(8)   Evacuate Collection Set: 15.0ms
[2023-03-20T11:16:07.339+0530][gc,phases   ] GC(8)   Post Evacuate Collection Set: 1.6ms
[2023-03-20T11:16:07.339+0530][gc,phases   ] GC(8)   Other: 0.4ms
[2023-03-20T11:16:07.339+0530][gc,heap     ] GC(8) Eden regions: 47->0(46)
[2023-03-20T11:16:07.339+0530][gc,heap     ] GC(8) Survivor regions: 4->5(7)
[2023-03-20T11:16:07.339+0530][gc,heap     ] GC(8) Old regions: 14->14
[2023-03-20T11:16:07.339+0530][gc,heap     ] GC(8) Archive regions: 2->2
[2023-03-20T11:16:07.339+0530][gc,heap     ] GC(8) Humongous regions: 129->129
[2023-03-20T11:16:07.339+0530][gc,metaspace] GC(8) Metaspace: 42145K(42752K)->42145K(42752K) NonClass: 37090K(37440K)->37090K(37440K) Class: 5055K(5312K)->5055K(5312K)
[2023-03-20T11:16:07.339+0530][gc          ] GC(8) Pause Young (Normal) (G1 Evacuation Pause) 193M->148M(1024M) 18.443ms
[2023-03-20T11:16:07.339+0530][gc,cpu      ] GC(8) User=0.08s Sys=0.00s Real=0.02s
[2023-03-20T11:16:17.776+0530][gc,start    ] GC(9) Pause Young (Normal) (G1 Evacuation Pause)
[2023-03-20T11:16:17.776+0530][gc,task     ] GC(9) Using 8 workers of 8 for evacuation
[2023-03-20T11:16:17.797+0530][gc,mmu      ] GC(9) MMU target violated: 20.7ms (20.0ms/21.0ms)
[2023-03-20T11:16:17.797+0530][gc,phases   ] GC(9)   Pre Evacuate Collection Set: 0.6ms
[2023-03-20T11:16:17.797+0530][gc,phases   ] GC(9)   Merge Heap Roots: 0.3ms
[2023-03-20T11:16:17.797+0530][gc,phases   ] GC(9)   Evacuate Collection Set: 18.3ms
[2023-03-20T11:16:17.797+0530][gc,phases   ] GC(9)   Post Evacuate Collection Set: 1.5ms
[2023-03-20T11:16:17.797+0530][gc,phases   ] GC(9)   Other: 0.5ms
[2023-03-20T11:16:17.797+0530][gc,heap     ] GC(9) Eden regions: 46->0(50)
[2023-03-20T11:16:17.797+0530][gc,heap     ] GC(9) Survivor regions: 5->3(7)
[2023-03-20T11:16:17.797+0530][gc,heap     ] GC(9) Old regions: 14->16
[2023-03-20T11:16:17.797+0530][gc,heap     ] GC(9) Archive regions: 2->2
[2023-03-20T11:16:17.797+0530][gc,heap     ] GC(9) Humongous regions: 129->129
[2023-03-20T11:16:17.797+0530][gc,metaspace] GC(9) Metaspace: 42417K(43008K)->42417K(43008K) NonClass: 37340K(37696K)->37340K(37696K) Class: 5076K(5312K)->5076K(5312K)
[2023-03-20T11:16:17.797+0530][gc          ] GC(9) Pause Young (Normal) (G1 Evacuation Pause) 194M->147M(1024M) 21.514ms
[2023-03-20T11:16:17.797+0530][gc,cpu      ] GC(9) User=0.05s Sys=0.01s Real=0.03s
[2023-03-20T11:16:25.404+0530][gc,start    ] GC(10) Pause Young (Normal) (G1 Evacuation Pause)
[2023-03-20T11:16:25.404+0530][gc,task     ] GC(10) Using 8 workers of 8 for evacuation
[2023-03-20T11:16:25.438+0530][gc,mmu      ] GC(10) MMU target violated: 21.0ms (20.0ms/21.0ms)
[2023-03-20T11:16:25.438+0530][gc,phases   ] GC(10)   Pre Evacuate Collection Set: 0.6ms
[2023-03-20T11:16:25.438+0530][gc,phases   ] GC(10)   Merge Heap Roots: 0.3ms
[2023-03-20T11:16:25.438+0530][gc,phases   ] GC(10)   Evacuate Collection Set: 30.5ms
[2023-03-20T11:16:25.438+0530][gc,phases   ] GC(10)   Post Evacuate Collection Set: 2.1ms
[2023-03-20T11:16:25.438+0530][gc,phases   ] GC(10)   Other: 0.7ms
[2023-03-20T11:16:25.438+0530][gc,heap     ] GC(10) Eden regions: 50->0(48)
[2023-03-20T11:16:25.438+0530][gc,heap     ] GC(10) Survivor regions: 3->3(7)
[2023-03-20T11:16:25.438+0530][gc,heap     ] GC(10) Old regions: 16->16
[2023-03-20T11:16:25.438+0530][gc,heap     ] GC(10) Archive regions: 2->2
[2023-03-20T11:16:25.438+0530][gc,heap     ] GC(10) Humongous regions: 129->129
[2023-03-20T11:16:25.438+0530][gc,metaspace] GC(10) Metaspace: 42427K(43008K)->42427K(43008K) NonClass: 37351K(37696K)->37351K(37696K) Class: 5076K(5312K)->5076K(5312K)
[2023-03-20T11:16:25.438+0530][gc          ] GC(10) Pause Young (Normal) (G1 Evacuation Pause) 197M->148M(1024M) 34.528ms
[2023-03-20T11:16:25.438+0530][gc,cpu      ] GC(10) User=0.07s Sys=0.01s Real=0.04s
[2023-03-20T11:16:31.568+0530][gc,start    ] GC(11) Pause Young (Normal) (G1 Evacuation Pause)
[2023-03-20T11:16:31.568+0530][gc,task     ] GC(11) Using 8 workers of 8 for evacuation
[2023-03-20T11:16:31.593+0530][gc,mmu      ] GC(11) MMU target violated: 21.0ms (20.0ms/21.0ms)
[2023-03-20T11:16:31.593+0530][gc,phases   ] GC(11)   Pre Evacuate Collection Set: 1.5ms
[2023-03-20T11:16:31.593+0530][gc,phases   ] GC(11)   Merge Heap Roots: 0.4ms
[2023-03-20T11:16:31.593+0530][gc,phases   ] GC(11)   Evacuate Collection Set: 20.7ms
[2023-03-20T11:16:31.593+0530][gc,phases   ] GC(11)   Post Evacuate Collection Set: 1.6ms
[2023-03-20T11:16:31.593+0530][gc,phases   ] GC(11)   Other: 0.7ms
[2023-03-20T11:16:31.593+0530][gc,heap     ] GC(11) Eden regions: 48->0(47)
[2023-03-20T11:16:31.593+0530][gc,heap     ] GC(11) Survivor regions: 3->4(7)
[2023-03-20T11:16:31.593+0530][gc,heap     ] GC(11) Old regions: 16->16
[2023-03-20T11:16:31.593+0530][gc,heap     ] GC(11) Archive regions: 2->2
[2023-03-20T11:16:31.593+0530][gc,heap     ] GC(11) Humongous regions: 129->129
[2023-03-20T11:16:31.593+0530][gc,metaspace] GC(11) Metaspace: 42433K(43008K)->42433K(43008K) NonClass: 37357K(37696K)->37357K(37696K) Class: 5076K(5312K)->5076K(5312K)
[2023-03-20T11:16:31.593+0530][gc          ] GC(11) Pause Young (Normal) (G1 Evacuation Pause) 196M->149M(1024M) 25.164ms
[2023-03-20T11:16:31.593+0530][gc,cpu      ] GC(11) User=0.05s Sys=0.00s Real=0.02s
[2023-03-20T11:16:38.083+0530][gc,start    ] GC(12) Pause Young (Normal) (G1 Evacuation Pause)
[2023-03-20T11:16:38.083+0530][gc,task     ] GC(12) Using 8 workers of 8 for evacuation
[2023-03-20T11:16:38.108+0530][gc,mmu      ] GC(12) MMU target violated: 21.0ms (20.0ms/21.0ms)
[2023-03-20T11:16:38.108+0530][gc,phases   ] GC(12)   Pre Evacuate Collection Set: 0.6ms
[2023-03-20T11:16:38.108+0530][gc,phases   ] GC(12)   Merge Heap Roots: 0.5ms
[2023-03-20T11:16:38.108+0530][gc,phases   ] GC(12)   Evacuate Collection Set: 21.8ms
[2023-03-20T11:16:38.108+0530][gc,phases   ] GC(12)   Post Evacuate Collection Set: 1.4ms
[2023-03-20T11:16:38.108+0530][gc,phases   ] GC(12)   Other: 0.5ms
[2023-03-20T11:16:38.108+0530][gc,heap     ] GC(12) Eden regions: 47->0(48)
[2023-03-20T11:16:38.108+0530][gc,heap     ] GC(12) Survivor regions: 4->4(7)
[2023-03-20T11:16:38.108+0530][gc,heap     ] GC(12) Old regions: 16->16
[2023-03-20T11:16:38.108+0530][gc,heap     ] GC(12) Archive regions: 2->2
[2023-03-20T11:16:38.108+0530][gc,heap     ] GC(12) Humongous regions: 129->129
[2023-03-20T11:16:38.108+0530][gc,metaspace] GC(12) Metaspace: 42448K(43072K)->42448K(43072K) NonClass: 37372K(37760K)->37372K(37760K) Class: 5076K(5312K)->5076K(5312K)
[2023-03-20T11:16:38.108+0530][gc          ] GC(12) Pause Young (Normal) (G1 Evacuation Pause) 196M->149M(1024M) 25.228ms
[2023-03-20T11:16:38.108+0530][gc,cpu      ] GC(12) User=0.05s Sys=0.00s Real=0.03s
[2023-03-20T11:16:44.505+0530][gc,start    ] GC(13) Pause Young (Normal) (G1 Evacuation Pause)
[2023-03-20T11:16:44.505+0530][gc,task     ] GC(13) Using 8 workers of 8 for evacuation
[2023-03-20T11:16:44.525+0530][gc,phases   ] GC(13)   Pre Evacuate Collection Set: 0.5ms
[2023-03-20T11:16:44.526+0530][gc,phases   ] GC(13)   Merge Heap Roots: 0.2ms
[2023-03-20T11:16:44.526+0530][gc,phases   ] GC(13)   Evacuate Collection Set: 18.1ms
[2023-03-20T11:16:44.526+0530][gc,phases   ] GC(13)   Post Evacuate Collection Set: 1.0ms
[2023-03-20T11:16:44.526+0530][gc,phases   ] GC(13)   Other: 0.3ms
[2023-03-20T11:16:44.526+0530][gc,heap     ] GC(13) Eden regions: 48->0(66)
[2023-03-20T11:16:44.526+0530][gc,heap     ] GC(13) Survivor regions: 4->4(7)
[2023-03-20T11:16:44.526+0530][gc,heap     ] GC(13) Old regions: 16->16
[2023-03-20T11:16:44.526+0530][gc,heap     ] GC(13) Archive regions: 2->2
[2023-03-20T11:16:44.526+0530][gc,heap     ] GC(13) Humongous regions: 129->129
[2023-03-20T11:16:44.526+0530][gc,metaspace] GC(13) Metaspace: 42458K(43072K)->42458K(43072K) NonClass: 37382K(37760K)->37382K(37760K) Class: 5076K(5312K)->5076K(5312K)
[2023-03-20T11:16:44.526+0530][gc          ] GC(13) Pause Young (Normal) (G1 Evacuation Pause) 197M->149M(1024M) 20.543ms
[2023-03-20T11:16:44.526+0530][gc,cpu      ] GC(13) User=0.06s Sys=0.00s Real=0.02s
[2023-03-20T11:16:51.634+0530][gc,start    ] GC(14) Pause Young (Normal) (G1 Evacuation Pause)
[2023-03-20T11:16:51.634+0530][gc,task     ] GC(14) Using 8 workers of 8 for evacuation
[2023-03-20T11:16:51.646+0530][gc,phases   ] GC(14)   Pre Evacuate Collection Set: 0.3ms
[2023-03-20T11:16:51.646+0530][gc,phases   ] GC(14)   Merge Heap Roots: 0.1ms
[2023-03-20T11:16:51.646+0530][gc,phases   ] GC(14)   Evacuate Collection Set: 9.9ms
[2023-03-20T11:16:51.646+0530][gc,phases   ] GC(14)   Post Evacuate Collection Set: 1.1ms
[2023-03-20T11:16:51.646+0530][gc,phases   ] GC(14)   Other: 0.3ms
[2023-03-20T11:16:51.646+0530][gc,heap     ] GC(14) Eden regions: 66->0(106)
[2023-03-20T11:16:51.646+0530][gc,heap     ] GC(14) Survivor regions: 4->5(9)
[2023-03-20T11:16:51.646+0530][gc,heap     ] GC(14) Old regions: 16->16
[2023-03-20T11:16:51.646+0530][gc,heap     ] GC(14) Archive regions: 2->2
[2023-03-20T11:16:51.646+0530][gc,heap     ] GC(14) Humongous regions: 129->129
[2023-03-20T11:16:51.646+0530][gc,metaspace] GC(14) Metaspace: 42498K(43072K)->42498K(43072K) NonClass: 37422K(37760K)->37422K(37760K) Class: 5076K(5312K)->5076K(5312K)
[2023-03-20T11:16:51.646+0530][gc          ] GC(14) Pause Young (Normal) (G1 Evacuation Pause) 215M->150M(1024M) 12.067ms
[2023-03-20T11:16:51.647+0530][gc,cpu      ] GC(14) User=0.05s Sys=0.01s Real=0.01s
[2023-03-20T11:17:01.635+0530][gc,start    ] GC(15) Pause Young (Normal) (G1 Evacuation Pause)
[2023-03-20T11:17:01.635+0530][gc,task     ] GC(15) Using 8 workers of 8 for evacuation
[2023-03-20T11:17:01.649+0530][gc,phases   ] GC(15)   Pre Evacuate Collection Set: 0.4ms
[2023-03-20T11:17:01.649+0530][gc,phases   ] GC(15)   Merge Heap Roots: 0.2ms
[2023-03-20T11:17:01.649+0530][gc,phases   ] GC(15)   Evacuate Collection Set: 11.5ms
[2023-03-20T11:17:01.649+0530][gc,phases   ] GC(15)   Post Evacuate Collection Set: 1.0ms
[2023-03-20T11:17:01.649+0530][gc,phases   ] GC(15)   Other: 0.3ms
[2023-03-20T11:17:01.649+0530][gc,heap     ] GC(15) Eden regions: 106->0(161)
[2023-03-20T11:17:01.649+0530][gc,heap     ] GC(15) Survivor regions: 5->5(14)
[2023-03-20T11:17:01.649+0530][gc,heap     ] GC(15) Old regions: 16->16
[2023-03-20T11:17:01.649+0530][gc,heap     ] GC(15) Archive regions: 2->2
[2023-03-20T11:17:01.649+0530][gc,heap     ] GC(15) Humongous regions: 129->129
[2023-03-20T11:17:01.649+0530][gc,metaspace] GC(15) Metaspace: 42520K(43072K)->42520K(43072K) NonClass: 37444K(37760K)->37444K(37760K) Class: 5076K(5312K)->5076K(5312K)
[2023-03-20T11:17:01.649+0530][gc          ] GC(15) Pause Young (Normal) (G1 Evacuation Pause) 256M->150M(1024M) 13.613ms
[2023-03-20T11:17:01.649+0530][gc,cpu      ] GC(15) User=0.06s Sys=0.00s Real=0.02s
[2023-03-20T11:17:15.278+0530][gc,start    ] GC(16) Pause Young (Normal) (G1 Evacuation Pause)
[2023-03-20T11:17:15.278+0530][gc,task     ] GC(16) Using 8 workers of 8 for evacuation
[2023-03-20T11:17:15.291+0530][gc,phases   ] GC(16)   Pre Evacuate Collection Set: 0.4ms
[2023-03-20T11:17:15.291+0530][gc,phases   ] GC(16)   Merge Heap Roots: 0.2ms
[2023-03-20T11:17:15.291+0530][gc,phases   ] GC(16)   Evacuate Collection Set: 11.1ms
[2023-03-20T11:17:15.291+0530][gc,phases   ] GC(16)   Post Evacuate Collection Set: 1.1ms
[2023-03-20T11:17:15.291+0530][gc,phases   ] GC(16)   Other: 0.3ms
[2023-03-20T11:17:15.291+0530][gc,heap     ] GC(16) Eden regions: 161->0(230)
[2023-03-20T11:17:15.291+0530][gc,heap     ] GC(16) Survivor regions: 5->6(21)
[2023-03-20T11:17:15.291+0530][gc,heap     ] GC(16) Old regions: 16->16
[2023-03-20T11:17:15.291+0530][gc,heap     ] GC(16) Archive regions: 2->2
[2023-03-20T11:17:15.291+0530][gc,heap     ] GC(16) Humongous regions: 129->129
[2023-03-20T11:17:15.291+0530][gc,metaspace] GC(16) Metaspace: 42570K(43136K)->42570K(43136K) NonClass: 37494K(37824K)->37494K(37824K) Class: 5076K(5312K)->5076K(5312K)
[2023-03-20T11:17:15.291+0530][gc          ] GC(16) Pause Young (Normal) (G1 Evacuation Pause) 311M->150M(1024M) 13.372ms
[2023-03-20T11:17:15.291+0530][gc,cpu      ] GC(16) User=0.07s Sys=0.00s Real=0.01s
[2023-03-20T11:17:33.878+0530][gc,start    ] GC(17) Pause Young (Normal) (G1 Evacuation Pause)
[2023-03-20T11:17:33.878+0530][gc,task     ] GC(17) Using 8 workers of 8 for evacuation
[2023-03-20T11:17:33.895+0530][gc,phases   ] GC(17)   Pre Evacuate Collection Set: 0.5ms
[2023-03-20T11:17:33.895+0530][gc,phases   ] GC(17)   Merge Heap Roots: 0.2ms
[2023-03-20T11:17:33.895+0530][gc,phases   ] GC(17)   Evacuate Collection Set: 15.7ms
[2023-03-20T11:17:33.895+0530][gc,phases   ] GC(17)   Post Evacuate Collection Set: 1.0ms
[2023-03-20T11:17:33.896+0530][gc,phases   ] GC(17)   Other: 0.4ms
[2023-03-20T11:17:33.896+0530][gc,heap     ] GC(17) Eden regions: 230->0(209)
[2023-03-20T11:17:33.896+0530][gc,heap     ] GC(17) Survivor regions: 6->7(30)
[2023-03-20T11:17:33.896+0530][gc,heap     ] GC(17) Old regions: 16->16
[2023-03-20T11:17:33.896+0530][gc,heap     ] GC(17) Archive regions: 2->2
[2023-03-20T11:17:33.896+0530][gc,heap     ] GC(17) Humongous regions: 129->129
[2023-03-20T11:17:33.896+0530][gc,metaspace] GC(17) Metaspace: 42578K(43136K)->42578K(43136K) NonClass: 37502K(37824K)->37502K(37824K) Class: 5076K(5312K)->5076K(5312K)
[2023-03-20T11:17:33.896+0530][gc          ] GC(17) Pause Young (Normal) (G1 Evacuation Pause) 380M->151M(1024M) 18.181ms
[2023-03-20T11:17:33.896+0530][gc,cpu      ] GC(17) User=0.07s Sys=0.01s Real=0.01s
[2023-03-20T11:17:50.273+0530][gc,start    ] GC(18) Pause Young (Normal) (G1 Evacuation Pause)
[2023-03-20T11:17:50.273+0530][gc,task     ] GC(18) Using 8 workers of 8 for evacuation
[2023-03-20T11:17:50.288+0530][gc,phases   ] GC(18)   Pre Evacuate Collection Set: 0.3ms
[2023-03-20T11:17:50.288+0530][gc,phases   ] GC(18)   Merge Heap Roots: 0.2ms
[2023-03-20T11:17:50.288+0530][gc,phases   ] GC(18)   Evacuate Collection Set: 11.5ms
[2023-03-20T11:17:50.288+0530][gc,phases   ] GC(18)   Post Evacuate Collection Set: 1.9ms
[2023-03-20T11:17:50.288+0530][gc,phases   ] GC(18)   Other: 0.3ms
[2023-03-20T11:17:50.288+0530][gc,heap     ] GC(18) Eden regions: 209->0(284)
[2023-03-20T11:17:50.288+0530][gc,heap     ] GC(18) Survivor regions: 7->7(27)
[2023-03-20T11:17:50.288+0530][gc,heap     ] GC(18) Old regions: 16->16
[2023-03-20T11:17:50.288+0530][gc,heap     ] GC(18) Archive regions: 2->2
[2023-03-20T11:17:50.288+0530][gc,heap     ] GC(18) Humongous regions: 129->129
[2023-03-20T11:17:50.288+0530][gc,metaspace] GC(18) Metaspace: 42581K(43136K)->42581K(43136K) NonClass: 37505K(37824K)->37505K(37824K) Class: 5076K(5312K)->5076K(5312K)
[2023-03-20T11:17:50.288+0530][gc          ] GC(18) Pause Young (Normal) (G1 Evacuation Pause) 360M->152M(1024M) 14.583ms
[2023-03-20T11:17:50.288+0530][gc,cpu      ] GC(18) User=0.07s Sys=0.00s Real=0.01s
[2023-03-20T11:18:14.235+0530][gc,start    ] GC(19) Pause Young (Normal) (G1 Evacuation Pause)
[2023-03-20T11:18:14.235+0530][gc,task     ] GC(19) Using 8 workers of 8 for evacuation
[2023-03-20T11:18:14.254+0530][gc,phases   ] GC(19)   Pre Evacuate Collection Set: 0.5ms
[2023-03-20T11:18:14.254+0530][gc,phases   ] GC(19)   Merge Heap Roots: 0.3ms
[2023-03-20T11:18:14.254+0530][gc,phases   ] GC(19)   Evacuate Collection Set: 16.6ms
[2023-03-20T11:18:14.254+0530][gc,phases   ] GC(19)   Post Evacuate Collection Set: 1.3ms
[2023-03-20T11:18:14.254+0530][gc,phases   ] GC(19)   Other: 0.5ms
[2023-03-20T11:18:14.254+0530][gc,heap     ] GC(19) Eden regions: 284->0(366)
[2023-03-20T11:18:14.254+0530][gc,heap     ] GC(19) Survivor regions: 7->8(37)
[2023-03-20T11:18:14.254+0530][gc,heap     ] GC(19) Old regions: 16->16
[2023-03-20T11:18:14.254+0530][gc,heap     ] GC(19) Archive regions: 2->2
[2023-03-20T11:18:14.254+0530][gc,heap     ] GC(19) Humongous regions: 129->129
[2023-03-20T11:18:14.254+0530][gc,metaspace] GC(19) Metaspace: 42592K(43136K)->42592K(43136K) NonClass: 37516K(37824K)->37516K(37824K) Class: 5076K(5312K)->5076K(5312K)
[2023-03-20T11:18:14.254+0530][gc          ] GC(19) Pause Young (Normal) (G1 Evacuation Pause) 436M->153M(1024M) 19.502ms
[2023-03-20T11:18:14.254+0530][gc,cpu      ] GC(19) User=0.10s Sys=0.00s Real=0.02s
[2023-03-20T11:18:45.163+0530][gc,start    ] GC(20) Pause Young (Normal) (G1 Evacuation Pause)
[2023-03-20T11:18:45.163+0530][gc,task     ] GC(20) Using 8 workers of 8 for evacuation
[2023-03-20T11:18:45.189+0530][gc,mmu      ] GC(20) MMU target violated: 21.0ms (20.0ms/21.0ms)
[2023-03-20T11:18:45.189+0530][gc,phases   ] GC(20)   Pre Evacuate Collection Set: 0.5ms
[2023-03-20T11:18:45.189+0530][gc,phases   ] GC(20)   Merge Heap Roots: 0.3ms
[2023-03-20T11:18:45.189+0530][gc,phases   ] GC(20)   Evacuate Collection Set: 23.9ms
[2023-03-20T11:18:45.189+0530][gc,phases   ] GC(20)   Post Evacuate Collection Set: 1.1ms
[2023-03-20T11:18:45.189+0530][gc,phases   ] GC(20)   Other: 0.6ms
[2023-03-20T11:18:45.189+0530][gc,heap     ] GC(20) Eden regions: 366->0(296)
[2023-03-20T11:18:45.189+0530][gc,heap     ] GC(20) Survivor regions: 8->9(47)
[2023-03-20T11:18:45.189+0530][gc,heap     ] GC(20) Old regions: 16->16
[2023-03-20T11:18:45.189+0530][gc,heap     ] GC(20) Archive regions: 2->2
[2023-03-20T11:18:45.189+0530][gc,heap     ] GC(20) Humongous regions: 129->129
[2023-03-20T11:18:45.189+0530][gc,metaspace] GC(20) Metaspace: 42606K(43136K)->42606K(43136K) NonClass: 37530K(37824K)->37530K(37824K) Class: 5076K(5312K)->5076K(5312K)
[2023-03-20T11:18:45.189+0530][gc          ] GC(20) Pause Young (Normal) (G1 Evacuation Pause) 519M->154M(1024M) 26.595ms
[2023-03-20T11:18:45.189+0530][gc,cpu      ] GC(20) User=0.09s Sys=0.00s Real=0.03s
[2023-03-20T11:19:10.287+0530][gc,start    ] GC(21) Pause Young (Normal) (G1 Evacuation Pause)
[2023-03-20T11:19:10.287+0530][gc,task     ] GC(21) Using 8 workers of 8 for evacuation
[2023-03-20T11:19:10.306+0530][gc,phases   ] GC(21)   Pre Evacuate Collection Set: 0.4ms
[2023-03-20T11:19:10.306+0530][gc,phases   ] GC(21)   Merge Heap Roots: 0.2ms
[2023-03-20T11:19:10.306+0530][gc,phases   ] GC(21)   Evacuate Collection Set: 17.7ms
[2023-03-20T11:19:10.306+0530][gc,phases   ] GC(21)   Post Evacuate Collection Set: 1.0ms
[2023-03-20T11:19:10.306+0530][gc,phases   ] GC(21)   Other: 0.4ms
[2023-03-20T11:19:10.306+0530][gc,heap     ] GC(21) Eden regions: 296->0(294)
[2023-03-20T11:19:10.306+0530][gc,heap     ] GC(21) Survivor regions: 9->10(39)
[2023-03-20T11:19:10.306+0530][gc,heap     ] GC(21) Old regions: 16->16
[2023-03-20T11:19:10.306+0530][gc,heap     ] GC(21) Archive regions: 2->2
[2023-03-20T11:19:10.306+0530][gc,heap     ] GC(21) Humongous regions: 129->129
[2023-03-20T11:19:10.306+0530][gc,metaspace] GC(21) Metaspace: 42609K(43136K)->42609K(43136K) NonClass: 37533K(37824K)->37533K(37824K) Class: 5076K(5312K)->5076K(5312K)
[2023-03-20T11:19:10.306+0530][gc          ] GC(21) Pause Young (Normal) (G1 Evacuation Pause) 450M->155M(1024M) 19.915ms
[2023-03-20T11:19:10.306+0530][gc,cpu      ] GC(21) User=0.09s Sys=0.01s Real=0.02s
[2023-03-20T11:20:19.307+0530][gc,heap,exit] Heap
[2023-03-20T11:20:19.307+0530][gc,heap,exit]  garbage-first heap   total 1048576K, used 294921K [0x00000000c0000000, 0x0000000100000000)
[2023-03-20T11:20:19.307+0530][gc,heap,exit]   region size 1024K, 143 young (146432K), 10 survivors (10240K)
[2023-03-20T11:20:19.307+0530][gc,heap,exit]  Metaspace       used 43239K, committed 43840K, reserved 1089536K
[2023-03-20T11:20:19.307+0530][gc,heap,exit]   class space    used 5230K, committed 5504K, reserved 1048576K
