[2023-03-24T12:44:34.850+0530][gc] Using G1
[2023-03-24T12:44:34.858+0530][gc,init] Version: 17.0.6+10-Ubuntu-0ubuntu120.04.1 (release)
[2023-03-24T12:44:34.858+0530][gc,init] CPUs: 8 total, 8 available
[2023-03-24T12:44:34.858+0530][gc,init] Memory: 7746M
[2023-03-24T12:44:34.858+0530][gc,init] Large Page Support: Disabled
[2023-03-24T12:44:34.858+0530][gc,init] NUMA Support: Disabled
[2023-03-24T12:44:34.858+0530][gc,init] Compressed Oops: Enabled (32-bit)
[2023-03-24T12:44:34.858+0530][gc,init] Heap Region Size: 1M
[2023-03-24T12:44:34.858+0530][gc,init] Heap Min Capacity: 1G
[2023-03-24T12:44:34.858+0530][gc,init] Heap Initial Capacity: 1G
[2023-03-24T12:44:34.858+0530][gc,init] Heap Max Capacity: 1G
[2023-03-24T12:44:34.858+0530][gc,init] Pre-touch: Disabled
[2023-03-24T12:44:34.858+0530][gc,init] Parallel Workers: 8
[2023-03-24T12:44:34.858+0530][gc,init] Concurrent Workers: 2
[2023-03-24T12:44:34.858+0530][gc,init] Concurrent Refinement Workers: 8
[2023-03-24T12:44:34.858+0530][gc,init] Periodic GC: Disabled
[2023-03-24T12:44:34.858+0530][gc,metaspace] CDS archive(s) mapped at: [0x0000000800000000-0x0000000800be3000-0x0000000800be3000), size 12464128, SharedBaseAddress: 0x0000000800000000, ArchiveRelocationMode: 0.
[2023-03-24T12:44:34.858+0530][gc,metaspace] Compressed class space mapped at: 0x0000000800c00000-0x0000000840c00000, reserved size: 1073741824
[2023-03-24T12:44:34.858+0530][gc,metaspace] Narrow klass base: 0x0000000800000000, Narrow klass shift: 0, Narrow klass range: 0x100000000
[2023-03-24T12:44:36.733+0530][gc,start    ] GC(0) Pause Young (Normal) (G1 Evacuation Pause)
[2023-03-24T12:44:36.748+0530][gc,task     ] GC(0) Using 8 workers of 8 for evacuation
[2023-03-24T12:44:36.762+0530][gc,phases   ] GC(0)   Pre Evacuate Collection Set: 0.2ms
[2023-03-24T12:44:36.762+0530][gc,phases   ] GC(0)   Merge Heap Roots: 0.1ms
[2023-03-24T12:44:36.762+0530][gc,phases   ] GC(0)   Evacuate Collection Set: 12.2ms
[2023-03-24T12:44:36.762+0530][gc,phases   ] GC(0)   Post Evacuate Collection Set: 0.9ms
[2023-03-24T12:44:36.762+0530][gc,phases   ] GC(0)   Other: 15.3ms
[2023-03-24T12:44:36.762+0530][gc,heap     ] GC(0) Eden regions: 51->0(44)
[2023-03-24T12:44:36.762+0530][gc,heap     ] GC(0) Survivor regions: 0->7(7)
[2023-03-24T12:44:36.762+0530][gc,heap     ] GC(0) Old regions: 0->1
[2023-03-24T12:44:36.762+0530][gc,heap     ] GC(0) Archive regions: 2->2
[2023-03-24T12:44:36.762+0530][gc,heap     ] GC(0) Humongous regions: 0->0
[2023-03-24T12:44:36.762+0530][gc,metaspace] GC(0) Metaspace: 18796K(18944K)->18796K(18944K) NonClass: 16551K(16640K)->16551K(16640K) Class: 2244K(2304K)->2244K(2304K)
[2023-03-24T12:44:36.762+0530][gc          ] GC(0) Pause Young (Normal) (G1 Evacuation Pause) 51M->8M(1024M) 28.851ms
[2023-03-24T12:44:36.762+0530][gc,cpu      ] GC(0) User=0.03s Sys=0.01s Real=0.03s
[2023-03-24T12:44:37.022+0530][gc,start    ] GC(1) Pause Young (Concurrent Start) (Metadata GC Threshold)
[2023-03-24T12:44:37.022+0530][gc,task     ] GC(1) Using 8 workers of 8 for evacuation
[2023-03-24T12:44:37.029+0530][gc,phases   ] GC(1)   Pre Evacuate Collection Set: 0.3ms
[2023-03-24T12:44:37.029+0530][gc,phases   ] GC(1)   Merge Heap Roots: 0.1ms
[2023-03-24T12:44:37.030+0530][gc,phases   ] GC(1)   Evacuate Collection Set: 6.3ms
[2023-03-24T12:44:37.030+0530][gc,phases   ] GC(1)   Post Evacuate Collection Set: 0.6ms
[2023-03-24T12:44:37.030+0530][gc,phases   ] GC(1)   Other: 0.3ms
[2023-03-24T12:44:37.030+0530][gc,heap     ] GC(1) Eden regions: 10->0(50)
[2023-03-24T12:44:37.030+0530][gc,heap     ] GC(1) Survivor regions: 7->1(7)
[2023-03-24T12:44:37.030+0530][gc,heap     ] GC(1) Old regions: 1->8
[2023-03-24T12:44:37.030+0530][gc,heap     ] GC(1) Archive regions: 2->2
[2023-03-24T12:44:37.030+0530][gc,heap     ] GC(1) Humongous regions: 0->0
[2023-03-24T12:44:37.030+0530][gc,metaspace] GC(1) Metaspace: 21287K(21504K)->21287K(21504K) NonClass: 18730K(18816K)->18730K(18816K) Class: 2556K(2688K)->2556K(2688K)
[2023-03-24T12:44:37.030+0530][gc          ] GC(1) Pause Young (Concurrent Start) (Metadata GC Threshold) 17M->9M(1024M) 7.692ms
[2023-03-24T12:44:37.030+0530][gc,cpu      ] GC(1) User=0.04s Sys=0.00s Real=0.01s
[2023-03-24T12:44:37.030+0530][gc          ] GC(2) Concurrent Mark Cycle
[2023-03-24T12:44:37.030+0530][gc,marking  ] GC(2) Concurrent Clear Claimed Marks
[2023-03-24T12:44:37.030+0530][gc,marking  ] GC(2) Concurrent Clear Claimed Marks 0.031ms
[2023-03-24T12:44:37.030+0530][gc,marking  ] GC(2) Concurrent Scan Root Regions
[2023-03-24T12:44:37.034+0530][gc,marking  ] GC(2) Concurrent Scan Root Regions 4.127ms
[2023-03-24T12:44:37.034+0530][gc,marking  ] GC(2) Concurrent Mark
[2023-03-24T12:44:37.034+0530][gc,marking  ] GC(2) Concurrent Mark From Roots
[2023-03-24T12:44:37.034+0530][gc,task     ] GC(2) Using 2 workers of 2 for marking
[2023-03-24T12:44:37.036+0530][gc,marking  ] GC(2) Concurrent Mark From Roots 2.172ms
[2023-03-24T12:44:37.036+0530][gc,marking  ] GC(2) Concurrent Preclean
[2023-03-24T12:44:37.036+0530][gc,marking  ] GC(2) Concurrent Preclean 0.072ms
[2023-03-24T12:44:37.036+0530][gc,start    ] GC(2) Pause Remark
[2023-03-24T12:44:37.039+0530][gc          ] GC(2) Pause Remark 9M->9M(1024M) 2.080ms
[2023-03-24T12:44:37.039+0530][gc,cpu      ] GC(2) User=0.00s Sys=0.01s Real=0.00s
[2023-03-24T12:44:37.039+0530][gc,marking  ] GC(2) Concurrent Mark 4.625ms
[2023-03-24T12:44:37.039+0530][gc,marking  ] GC(2) Concurrent Rebuild Remembered Sets
[2023-03-24T12:44:37.043+0530][gc,marking  ] GC(2) Concurrent Rebuild Remembered Sets 4.142ms
[2023-03-24T12:44:37.043+0530][gc,start    ] GC(2) Pause Cleanup
[2023-03-24T12:44:37.043+0530][gc          ] GC(2) Pause Cleanup 9M->9M(1024M) 0.267ms
[2023-03-24T12:44:37.043+0530][gc,cpu      ] GC(2) User=0.00s Sys=0.00s Real=0.00s
[2023-03-24T12:44:37.043+0530][gc,marking  ] GC(2) Concurrent Cleanup for Next Mark
[2023-03-24T12:44:37.050+0530][gc,marking  ] GC(2) Concurrent Cleanup for Next Mark 7.131ms
[2023-03-24T12:44:37.051+0530][gc          ] GC(2) Concurrent Mark Cycle 20.816ms
[2023-03-24T12:44:38.529+0530][gc,start    ] GC(3) Pause Young (Normal) (G1 Evacuation Pause)
[2023-03-24T12:44:38.529+0530][gc,task     ] GC(3) Using 8 workers of 8 for evacuation
[2023-03-24T12:44:38.536+0530][gc,phases   ] GC(3)   Pre Evacuate Collection Set: 0.2ms
[2023-03-24T12:44:38.536+0530][gc,phases   ] GC(3)   Merge Heap Roots: 0.1ms
[2023-03-24T12:44:38.536+0530][gc,phases   ] GC(3)   Evacuate Collection Set: 5.3ms
[2023-03-24T12:44:38.536+0530][gc,phases   ] GC(3)   Post Evacuate Collection Set: 0.7ms
[2023-03-24T12:44:38.536+0530][gc,phases   ] GC(3)   Other: 0.2ms
[2023-03-24T12:44:38.536+0530][gc,heap     ] GC(3) Eden regions: 50->0(45)
[2023-03-24T12:44:38.536+0530][gc,heap     ] GC(3) Survivor regions: 1->6(7)
[2023-03-24T12:44:38.536+0530][gc,heap     ] GC(3) Old regions: 8->8
[2023-03-24T12:44:38.536+0530][gc,heap     ] GC(3) Archive regions: 2->2
[2023-03-24T12:44:38.536+0530][gc,heap     ] GC(3) Humongous regions: 129->129
[2023-03-24T12:44:38.536+0530][gc,metaspace] GC(3) Metaspace: 30659K(30976K)->30659K(30976K) NonClass: 27138K(27328K)->27138K(27328K) Class: 3520K(3648K)->3520K(3648K)
[2023-03-24T12:44:38.536+0530][gc          ] GC(3) Pause Young (Normal) (G1 Evacuation Pause) 188M->142M(1024M) 6.628ms
[2023-03-24T12:44:38.536+0530][gc,cpu      ] GC(3) User=0.02s Sys=0.01s Real=0.00s
[2023-03-24T12:44:38.823+0530][gc,heap,exit] Heap
[2023-03-24T12:44:38.823+0530][gc,heap,exit]  garbage-first heap   total 1048576K, used 152137K [0x00000000c0000000, 0x0000000100000000)
[2023-03-24T12:44:38.823+0530][gc,heap,exit]   region size 1024K, 13 young (13312K), 6 survivors (6144K)
[2023-03-24T12:44:38.823+0530][gc,heap,exit]  Metaspace       used 31297K, committed 31552K, reserved 1081344K
[2023-03-24T12:44:38.823+0530][gc,heap,exit]   class space    used 3625K, committed 3712K, reserved 1048576K
