[2023-03-24T12:44:53.122+0530][gc] Using G1
[2023-03-24T12:44:53.131+0530][gc,init] Version: 17.0.6+10-Ubuntu-0ubuntu120.04.1 (release)
[2023-03-24T12:44:53.131+0530][gc,init] CPUs: 8 total, 8 available
[2023-03-24T12:44:53.131+0530][gc,init] Memory: 7746M
[2023-03-24T12:44:53.131+0530][gc,init] Large Page Support: Disabled
[2023-03-24T12:44:53.131+0530][gc,init] NUMA Support: Disabled
[2023-03-24T12:44:53.131+0530][gc,init] Compressed Oops: Enabled (32-bit)
[2023-03-24T12:44:53.131+0530][gc,init] Heap Region Size: 1M
[2023-03-24T12:44:53.131+0530][gc,init] Heap Min Capacity: 1G
[2023-03-24T12:44:53.131+0530][gc,init] Heap Initial Capacity: 1G
[2023-03-24T12:44:53.131+0530][gc,init] Heap Max Capacity: 1G
[2023-03-24T12:44:53.131+0530][gc,init] Pre-touch: Disabled
[2023-03-24T12:44:53.131+0530][gc,init] Parallel Workers: 8
[2023-03-24T12:44:53.131+0530][gc,init] Concurrent Workers: 2
[2023-03-24T12:44:53.131+0530][gc,init] Concurrent Refinement Workers: 8
[2023-03-24T12:44:53.131+0530][gc,init] Periodic GC: Disabled
[2023-03-24T12:44:53.131+0530][gc,metaspace] CDS archive(s) mapped at: [0x0000000800000000-0x0000000800be3000-0x0000000800be3000), size 12464128, SharedBaseAddress: 0x0000000800000000, ArchiveRelocationMode: 0.
[2023-03-24T12:44:53.131+0530][gc,metaspace] Compressed class space mapped at: 0x0000000800c00000-0x0000000840c00000, reserved size: 1073741824
[2023-03-24T12:44:53.132+0530][gc,metaspace] Narrow klass base: 0x0000000800000000, Narrow klass shift: 0, Narrow klass range: 0x100000000
[2023-03-24T12:44:54.601+0530][gc,start    ] GC(0) Pause Young (Normal) (G1 Evacuation Pause)
[2023-03-24T12:44:54.601+0530][gc,task     ] GC(0) Using 8 workers of 8 for evacuation
[2023-03-24T12:44:54.607+0530][gc,phases   ] GC(0)   Pre Evacuate Collection Set: 0.1ms
[2023-03-24T12:44:54.607+0530][gc,phases   ] GC(0)   Merge Heap Roots: 0.1ms
[2023-03-24T12:44:54.607+0530][gc,phases   ] GC(0)   Evacuate Collection Set: 4.3ms
[2023-03-24T12:44:54.607+0530][gc,phases   ] GC(0)   Post Evacuate Collection Set: 0.6ms
[2023-03-24T12:44:54.607+0530][gc,phases   ] GC(0)   Other: 0.9ms
[2023-03-24T12:44:54.607+0530][gc,heap     ] GC(0) Eden regions: 51->0(44)
[2023-03-24T12:44:54.607+0530][gc,heap     ] GC(0) Survivor regions: 0->7(7)
[2023-03-24T12:44:54.607+0530][gc,heap     ] GC(0) Old regions: 0->1
[2023-03-24T12:44:54.607+0530][gc,heap     ] GC(0) Archive regions: 2->2
[2023-03-24T12:44:54.607+0530][gc,heap     ] GC(0) Humongous regions: 0->0
[2023-03-24T12:44:54.607+0530][gc,metaspace] GC(0) Metaspace: 18636K(18880K)->18636K(18880K) NonClass: 16422K(16576K)->16422K(16576K) Class: 2213K(2304K)->2213K(2304K)
[2023-03-24T12:44:54.607+0530][gc          ] GC(0) Pause Young (Normal) (G1 Evacuation Pause) 51M->8M(1024M) 6.199ms
[2023-03-24T12:44:54.607+0530][gc,cpu      ] GC(0) User=0.03s Sys=0.00s Real=0.00s
[2023-03-24T12:44:54.868+0530][gc,start    ] GC(1) Pause Young (Concurrent Start) (Metadata GC Threshold)
[2023-03-24T12:44:54.868+0530][gc,task     ] GC(1) Using 8 workers of 8 for evacuation
[2023-03-24T12:44:54.874+0530][gc,phases   ] GC(1)   Pre Evacuate Collection Set: 0.2ms
[2023-03-24T12:44:54.874+0530][gc,phases   ] GC(1)   Merge Heap Roots: 0.1ms
[2023-03-24T12:44:54.874+0530][gc,phases   ] GC(1)   Evacuate Collection Set: 4.6ms
[2023-03-24T12:44:54.874+0530][gc,phases   ] GC(1)   Post Evacuate Collection Set: 0.5ms
[2023-03-24T12:44:54.874+0530][gc,phases   ] GC(1)   Other: 0.3ms
[2023-03-24T12:44:54.874+0530][gc,heap     ] GC(1) Eden regions: 11->0(49)
[2023-03-24T12:44:54.874+0530][gc,heap     ] GC(1) Survivor regions: 7->2(7)
[2023-03-24T12:44:54.874+0530][gc,heap     ] GC(1) Old regions: 1->8
[2023-03-24T12:44:54.874+0530][gc,heap     ] GC(1) Archive regions: 2->2
[2023-03-24T12:44:54.874+0530][gc,heap     ] GC(1) Humongous regions: 0->0
[2023-03-24T12:44:54.874+0530][gc,metaspace] GC(1) Metaspace: 21286K(21504K)->21286K(21504K) NonClass: 18730K(18816K)->18730K(18816K) Class: 2556K(2688K)->2556K(2688K)
[2023-03-24T12:44:54.874+0530][gc          ] GC(1) Pause Young (Concurrent Start) (Metadata GC Threshold) 18M->9M(1024M) 5.745ms
[2023-03-24T12:44:54.874+0530][gc,cpu      ] GC(1) User=0.03s Sys=0.01s Real=0.01s
[2023-03-24T12:44:54.874+0530][gc          ] GC(2) Concurrent Mark Cycle
[2023-03-24T12:44:54.874+0530][gc,marking  ] GC(2) Concurrent Clear Claimed Marks
[2023-03-24T12:44:54.874+0530][gc,marking  ] GC(2) Concurrent Clear Claimed Marks 0.029ms
[2023-03-24T12:44:54.874+0530][gc,marking  ] GC(2) Concurrent Scan Root Regions
[2023-03-24T12:44:54.878+0530][gc,marking  ] GC(2) Concurrent Scan Root Regions 3.727ms
[2023-03-24T12:44:54.878+0530][gc,marking  ] GC(2) Concurrent Mark
[2023-03-24T12:44:54.878+0530][gc,marking  ] GC(2) Concurrent Mark From Roots
[2023-03-24T12:44:54.878+0530][gc,task     ] GC(2) Using 2 workers of 2 for marking
[2023-03-24T12:44:54.880+0530][gc,marking  ] GC(2) Concurrent Mark From Roots 2.216ms
[2023-03-24T12:44:54.880+0530][gc,marking  ] GC(2) Concurrent Preclean
[2023-03-24T12:44:54.880+0530][gc,marking  ] GC(2) Concurrent Preclean 0.106ms
[2023-03-24T12:44:54.881+0530][gc,start    ] GC(2) Pause Remark
[2023-03-24T12:44:54.882+0530][gc          ] GC(2) Pause Remark 9M->9M(1024M) 1.622ms
[2023-03-24T12:44:54.882+0530][gc,cpu      ] GC(2) User=0.01s Sys=0.00s Real=0.00s
[2023-03-24T12:44:54.882+0530][gc,marking  ] GC(2) Concurrent Mark 4.348ms
[2023-03-24T12:44:54.882+0530][gc,marking  ] GC(2) Concurrent Rebuild Remembered Sets
[2023-03-24T12:44:54.886+0530][gc,marking  ] GC(2) Concurrent Rebuild Remembered Sets 3.434ms
[2023-03-24T12:44:54.886+0530][gc,start    ] GC(2) Pause Cleanup
[2023-03-24T12:44:54.886+0530][gc          ] GC(2) Pause Cleanup 10M->10M(1024M) 0.279ms
[2023-03-24T12:44:54.886+0530][gc,cpu      ] GC(2) User=0.00s Sys=0.00s Real=0.00s
[2023-03-24T12:44:54.886+0530][gc,marking  ] GC(2) Concurrent Cleanup for Next Mark
[2023-03-24T12:44:54.892+0530][gc,marking  ] GC(2) Concurrent Cleanup for Next Mark 5.502ms
[2023-03-24T12:44:54.892+0530][gc          ] GC(2) Concurrent Mark Cycle 17.843ms
[2023-03-24T12:44:56.266+0530][gc,start    ] GC(3) Pause Young (Normal) (G1 Evacuation Pause)
[2023-03-24T12:44:56.266+0530][gc,task     ] GC(3) Using 8 workers of 8 for evacuation
[2023-03-24T12:44:56.271+0530][gc,phases   ] GC(3)   Pre Evacuate Collection Set: 0.1ms
[2023-03-24T12:44:56.271+0530][gc,phases   ] GC(3)   Merge Heap Roots: 0.1ms
[2023-03-24T12:44:56.271+0530][gc,phases   ] GC(3)   Evacuate Collection Set: 3.9ms
[2023-03-24T12:44:56.271+0530][gc,phases   ] GC(3)   Post Evacuate Collection Set: 0.5ms
[2023-03-24T12:44:56.271+0530][gc,phases   ] GC(3)   Other: 0.2ms
[2023-03-24T12:44:56.271+0530][gc,heap     ] GC(3) Eden regions: 49->0(45)
[2023-03-24T12:44:56.271+0530][gc,heap     ] GC(3) Survivor regions: 2->6(7)
[2023-03-24T12:44:56.271+0530][gc,heap     ] GC(3) Old regions: 8->8
[2023-03-24T12:44:56.271+0530][gc,heap     ] GC(3) Archive regions: 2->2
[2023-03-24T12:44:56.271+0530][gc,heap     ] GC(3) Humongous regions: 129->129
[2023-03-24T12:44:56.271+0530][gc,metaspace] GC(3) Metaspace: 31098K(31424K)->31098K(31424K) NonClass: 27608K(27776K)->27608K(27776K) Class: 3489K(3648K)->3489K(3648K)
[2023-03-24T12:44:56.271+0530][gc          ] GC(3) Pause Young (Normal) (G1 Evacuation Pause) 187M->142M(1024M) 4.841ms
[2023-03-24T12:44:56.271+0530][gc,cpu      ] GC(3) User=0.03s Sys=0.00s Real=0.01s
[2023-03-24T12:44:56.597+0530][gc,start    ] GC(4) Pause Young (Concurrent Start) (Metadata GC Threshold)
[2023-03-24T12:44:56.597+0530][gc,task     ] GC(4) Using 8 workers of 8 for evacuation
[2023-03-24T12:44:56.606+0530][gc,phases   ] GC(4)   Pre Evacuate Collection Set: 0.3ms
[2023-03-24T12:44:56.606+0530][gc,phases   ] GC(4)   Merge Heap Roots: 0.1ms
[2023-03-24T12:44:56.606+0530][gc,phases   ] GC(4)   Evacuate Collection Set: 7.5ms
[2023-03-24T12:44:56.606+0530][gc,phases   ] GC(4)   Post Evacuate Collection Set: 0.8ms
[2023-03-24T12:44:56.606+0530][gc,phases   ] GC(4)   Other: 0.3ms
[2023-03-24T12:44:56.606+0530][gc,heap     ] GC(4) Eden regions: 21->0(49)
[2023-03-24T12:44:56.606+0530][gc,heap     ] GC(4) Survivor regions: 6->2(7)
[2023-03-24T12:44:56.606+0530][gc,heap     ] GC(4) Old regions: 8->13
[2023-03-24T12:44:56.606+0530][gc,heap     ] GC(4) Archive regions: 2->2
[2023-03-24T12:44:56.606+0530][gc,heap     ] GC(4) Humongous regions: 129->129
[2023-03-24T12:44:56.606+0530][gc,metaspace] GC(4) Metaspace: 35717K(35968K)->35717K(35968K) NonClass: 31666K(31808K)->31666K(31808K) Class: 4050K(4160K)->4050K(4160K)
[2023-03-24T12:44:56.606+0530][gc          ] GC(4) Pause Young (Concurrent Start) (Metadata GC Threshold) 162M->143M(1024M) 9.101ms
[2023-03-24T12:44:56.606+0530][gc,cpu      ] GC(4) User=0.06s Sys=0.00s Real=0.01s
[2023-03-24T12:44:56.606+0530][gc          ] GC(5) Concurrent Mark Cycle
[2023-03-24T12:44:56.606+0530][gc,marking  ] GC(5) Concurrent Clear Claimed Marks
[2023-03-24T12:44:56.606+0530][gc,marking  ] GC(5) Concurrent Clear Claimed Marks 0.068ms
[2023-03-24T12:44:56.606+0530][gc,marking  ] GC(5) Concurrent Scan Root Regions
[2023-03-24T12:44:56.611+0530][gc,marking  ] GC(5) Concurrent Scan Root Regions 5.205ms
[2023-03-24T12:44:56.611+0530][gc,marking  ] GC(5) Concurrent Mark
[2023-03-24T12:44:56.611+0530][gc,marking  ] GC(5) Concurrent Mark From Roots
[2023-03-24T12:44:56.611+0530][gc,task     ] GC(5) Using 2 workers of 2 for marking
[2023-03-24T12:44:56.626+0530][gc,marking  ] GC(5) Concurrent Mark From Roots 14.758ms
[2023-03-24T12:44:56.626+0530][gc,marking  ] GC(5) Concurrent Preclean
[2023-03-24T12:44:56.626+0530][gc,marking  ] GC(5) Concurrent Preclean 0.224ms
[2023-03-24T12:44:56.630+0530][gc,start    ] GC(5) Pause Remark
[2023-03-24T12:44:56.633+0530][gc          ] GC(5) Pause Remark 145M->145M(1024M) 2.825ms
[2023-03-24T12:44:56.633+0530][gc,cpu      ] GC(5) User=0.02s Sys=0.00s Real=0.00s
[2023-03-24T12:44:56.633+0530][gc,marking  ] GC(5) Concurrent Mark 21.315ms
[2023-03-24T12:44:56.633+0530][gc,marking  ] GC(5) Concurrent Rebuild Remembered Sets
[2023-03-24T12:44:56.644+0530][gc,marking  ] GC(5) Concurrent Rebuild Remembered Sets 11.369ms
[2023-03-24T12:44:56.645+0530][gc,start    ] GC(5) Pause Cleanup
[2023-03-24T12:44:56.645+0530][gc          ] GC(5) Pause Cleanup 145M->145M(1024M) 0.335ms
[2023-03-24T12:44:56.645+0530][gc,cpu      ] GC(5) User=0.00s Sys=0.00s Real=0.00s
[2023-03-24T12:44:56.645+0530][gc,marking  ] GC(5) Concurrent Cleanup for Next Mark
[2023-03-24T12:44:56.656+0530][gc,marking  ] GC(5) Concurrent Cleanup for Next Mark 10.855ms
[2023-03-24T12:44:56.656+0530][gc          ] GC(5) Concurrent Mark Cycle 50.266ms
[2023-03-24T12:45:00.666+0530][gc,start    ] GC(6) Pause Young (Normal) (G1 Evacuation Pause)
[2023-03-24T12:45:00.666+0530][gc,task     ] GC(6) Using 8 workers of 8 for evacuation
[2023-03-24T12:45:00.671+0530][gc,phases   ] GC(6)   Pre Evacuate Collection Set: 0.2ms
[2023-03-24T12:45:00.671+0530][gc,phases   ] GC(6)   Merge Heap Roots: 0.1ms
[2023-03-24T12:45:00.671+0530][gc,phases   ] GC(6)   Evacuate Collection Set: 3.5ms
[2023-03-24T12:45:00.671+0530][gc,phases   ] GC(6)   Post Evacuate Collection Set: 0.6ms
[2023-03-24T12:45:00.671+0530][gc,phases   ] GC(6)   Other: 0.2ms
[2023-03-24T12:45:00.671+0530][gc,heap     ] GC(6) Eden regions: 49->0(48)
[2023-03-24T12:45:00.671+0530][gc,heap     ] GC(6) Survivor regions: 2->3(7)
[2023-03-24T12:45:00.671+0530][gc,heap     ] GC(6) Old regions: 13->13
[2023-03-24T12:45:00.671+0530][gc,heap     ] GC(6) Archive regions: 2->2
[2023-03-24T12:45:00.671+0530][gc,heap     ] GC(6) Humongous regions: 243->129
[2023-03-24T12:45:00.671+0530][gc,metaspace] GC(6) Metaspace: 38719K(39232K)->38719K(39232K) NonClass: 34245K(34560K)->34245K(34560K) Class: 4474K(4672K)->4474K(4672K)
[2023-03-24T12:45:00.671+0530][gc          ] GC(6) Pause Young (Normal) (G1 Evacuation Pause) 306M->145M(1024M) 4.694ms
[2023-03-24T12:45:00.671+0530][gc,cpu      ] GC(6) User=0.02s Sys=0.00s Real=0.01s
[2023-03-24T12:45:51.743+0530][gc,start    ] GC(7) Pause Young (Normal) (G1 Evacuation Pause)
[2023-03-24T12:45:51.743+0530][gc,task     ] GC(7) Using 8 workers of 8 for evacuation
[2023-03-24T12:45:51.749+0530][gc,phases   ] GC(7)   Pre Evacuate Collection Set: 0.2ms
[2023-03-24T12:45:51.749+0530][gc,phases   ] GC(7)   Merge Heap Roots: 0.1ms
[2023-03-24T12:45:51.749+0530][gc,phases   ] GC(7)   Evacuate Collection Set: 4.7ms
[2023-03-24T12:45:51.749+0530][gc,phases   ] GC(7)   Post Evacuate Collection Set: 0.8ms
[2023-03-24T12:45:51.749+0530][gc,phases   ] GC(7)   Other: 0.2ms
[2023-03-24T12:45:51.749+0530][gc,heap     ] GC(7) Eden regions: 48->0(46)
[2023-03-24T12:45:51.749+0530][gc,heap     ] GC(7) Survivor regions: 3->5(7)
[2023-03-24T12:45:51.749+0530][gc,heap     ] GC(7) Old regions: 13->13
[2023-03-24T12:45:51.749+0530][gc,heap     ] GC(7) Archive regions: 2->2
[2023-03-24T12:45:51.749+0530][gc,heap     ] GC(7) Humongous regions: 129->129
[2023-03-24T12:45:51.749+0530][gc,metaspace] GC(7) Metaspace: 41647K(42240K)->41647K(42240K) NonClass: 36604K(36992K)->36604K(36992K) Class: 5042K(5248K)->5042K(5248K)
[2023-03-24T12:45:51.749+0530][gc          ] GC(7) Pause Young (Normal) (G1 Evacuation Pause) 193M->146M(1024M) 6.345ms
[2023-03-24T12:45:51.749+0530][gc,cpu      ] GC(7) User=0.04s Sys=0.00s Real=0.01s
[2023-03-24T12:46:05.680+0530][gc,start    ] GC(8) Pause Young (Normal) (G1 Evacuation Pause)
[2023-03-24T12:46:05.680+0530][gc,task     ] GC(8) Using 8 workers of 8 for evacuation
[2023-03-24T12:46:05.688+0530][gc,phases   ] GC(8)   Pre Evacuate Collection Set: 0.3ms
[2023-03-24T12:46:05.688+0530][gc,phases   ] GC(8)   Merge Heap Roots: 0.1ms
[2023-03-24T12:46:05.688+0530][gc,phases   ] GC(8)   Evacuate Collection Set: 7.5ms
[2023-03-24T12:46:05.688+0530][gc,phases   ] GC(8)   Post Evacuate Collection Set: 0.7ms
[2023-03-24T12:46:05.688+0530][gc,phases   ] GC(8)   Other: 0.2ms
[2023-03-24T12:46:05.688+0530][gc,heap     ] GC(8) Eden regions: 46->0(54)
[2023-03-24T12:46:05.688+0530][gc,heap     ] GC(8) Survivor regions: 5->3(7)
[2023-03-24T12:46:05.688+0530][gc,heap     ] GC(8) Old regions: 13->14
[2023-03-24T12:46:05.689+0530][gc,heap     ] GC(8) Archive regions: 2->2
[2023-03-24T12:46:05.689+0530][gc,heap     ] GC(8) Humongous regions: 129->129
[2023-03-24T12:46:05.689+0530][gc,metaspace] GC(8) Metaspace: 41970K(42624K)->41970K(42624K) NonClass: 36872K(37248K)->36872K(37248K) Class: 5097K(5376K)->5097K(5376K)
[2023-03-24T12:46:05.689+0530][gc          ] GC(8) Pause Young (Normal) (G1 Evacuation Pause) 192M->146M(1024M) 9.059ms
[2023-03-24T12:46:05.689+0530][gc,cpu      ] GC(8) User=0.02s Sys=0.01s Real=0.02s
[2023-03-24T12:46:22.994+0530][gc,start    ] GC(9) Pause Young (Normal) (G1 Evacuation Pause)
[2023-03-24T12:46:22.994+0530][gc,task     ] GC(9) Using 8 workers of 8 for evacuation
[2023-03-24T12:46:23.007+0530][gc,phases   ] GC(9)   Pre Evacuate Collection Set: 0.2ms
[2023-03-24T12:46:23.007+0530][gc,phases   ] GC(9)   Merge Heap Roots: 0.1ms
[2023-03-24T12:46:23.007+0530][gc,phases   ] GC(9)   Evacuate Collection Set: 11.8ms
[2023-03-24T12:46:23.007+0530][gc,phases   ] GC(9)   Post Evacuate Collection Set: 0.8ms
[2023-03-24T12:46:23.007+0530][gc,phases   ] GC(9)   Other: 0.2ms
[2023-03-24T12:46:23.007+0530][gc,heap     ] GC(9) Eden regions: 54->0(123)
[2023-03-24T12:46:23.007+0530][gc,heap     ] GC(9) Survivor regions: 3->3(8)
[2023-03-24T12:46:23.007+0530][gc,heap     ] GC(9) Old regions: 14->14
[2023-03-24T12:46:23.007+0530][gc,heap     ] GC(9) Archive regions: 2->2
[2023-03-24T12:46:23.007+0530][gc,heap     ] GC(9) Humongous regions: 129->129
[2023-03-24T12:46:23.007+0530][gc,metaspace] GC(9) Metaspace: 42001K(42624K)->42001K(42624K) NonClass: 36903K(37248K)->36903K(37248K) Class: 5098K(5376K)->5098K(5376K)
[2023-03-24T12:46:23.007+0530][gc          ] GC(9) Pause Young (Normal) (G1 Evacuation Pause) 200M->146M(1024M) 13.311ms
[2023-03-24T12:46:23.007+0530][gc,cpu      ] GC(9) User=0.02s Sys=0.01s Real=0.01s
[2023-03-24T12:46:47.859+0530][gc,start    ] GC(10) Pause Young (Normal) (G1 Evacuation Pause)
[2023-03-24T12:46:47.859+0530][gc,task     ] GC(10) Using 8 workers of 8 for evacuation
[2023-03-24T12:46:47.865+0530][gc,phases   ] GC(10)   Pre Evacuate Collection Set: 0.2ms
[2023-03-24T12:46:47.865+0530][gc,phases   ] GC(10)   Merge Heap Roots: 0.1ms
[2023-03-24T12:46:47.865+0530][gc,phases   ] GC(10)   Evacuate Collection Set: 4.9ms
[2023-03-24T12:46:47.865+0530][gc,phases   ] GC(10)   Post Evacuate Collection Set: 0.7ms
[2023-03-24T12:46:47.865+0530][gc,phases   ] GC(10)   Other: 0.2ms
[2023-03-24T12:46:47.865+0530][gc,heap     ] GC(10) Eden regions: 123->0(248)
[2023-03-24T12:46:47.865+0530][gc,heap     ] GC(10) Survivor regions: 3->4(16)
[2023-03-24T12:46:47.865+0530][gc,heap     ] GC(10) Old regions: 14->14
[2023-03-24T12:46:47.865+0530][gc,heap     ] GC(10) Archive regions: 2->2
[2023-03-24T12:46:47.865+0530][gc,heap     ] GC(10) Humongous regions: 129->129
[2023-03-24T12:46:47.865+0530][gc,metaspace] GC(10) Metaspace: 42105K(42688K)->42105K(42688K) NonClass: 37007K(37312K)->37007K(37312K) Class: 5098K(5376K)->5098K(5376K)
[2023-03-24T12:46:47.866+0530][gc          ] GC(10) Pause Young (Normal) (G1 Evacuation Pause) 269M->146M(1024M) 6.336ms
[2023-03-24T12:46:47.866+0530][gc,cpu      ] GC(10) User=0.02s Sys=0.00s Real=0.01s
[2023-03-24T12:55:50.234+0530][gc,heap,exit] Heap
[2023-03-24T12:55:50.234+0530][gc,heap,exit]  garbage-first heap   total 1048576K, used 362280K [0x00000000c0000000, 0x0000000100000000)
[2023-03-24T12:55:50.234+0530][gc,heap,exit]   region size 1024K, 211 young (216064K), 4 survivors (4096K)
[2023-03-24T12:55:50.234+0530][gc,heap,exit]  Metaspace       used 42882K, committed 43520K, reserved 1089536K
[2023-03-24T12:55:50.234+0530][gc,heap,exit]   class space    used 5260K, committed 5568K, reserved 1048576K
