[2023-03-17T14:56:31.200+0530][gc] Using G1
[2023-03-17T14:56:31.208+0530][gc,init] Version: 17.0.6+10-Ubuntu-0ubuntu120.04.1 (release)
[2023-03-17T14:56:31.208+0530][gc,init] CPUs: 8 total, 8 available
[2023-03-17T14:56:31.208+0530][gc,init] Memory: 7746M
[2023-03-17T14:56:31.208+0530][gc,init] Large Page Support: Disabled
[2023-03-17T14:56:31.208+0530][gc,init] NUMA Support: Disabled
[2023-03-17T14:56:31.208+0530][gc,init] Compressed Oops: Enabled (32-bit)
[2023-03-17T14:56:31.208+0530][gc,init] Heap Region Size: 1M
[2023-03-17T14:56:31.208+0530][gc,init] Heap Min Capacity: 1G
[2023-03-17T14:56:31.208+0530][gc,init] Heap Initial Capacity: 1G
[2023-03-17T14:56:31.208+0530][gc,init] Heap Max Capacity: 1G
[2023-03-17T14:56:31.208+0530][gc,init] Pre-touch: Disabled
[2023-03-17T14:56:31.208+0530][gc,init] Parallel Workers: 8
[2023-03-17T14:56:31.208+0530][gc,init] Concurrent Workers: 2
[2023-03-17T14:56:31.208+0530][gc,init] Concurrent Refinement Workers: 8
[2023-03-17T14:56:31.208+0530][gc,init] Periodic GC: Disabled
[2023-03-17T14:56:31.209+0530][gc,metaspace] CDS archive(s) mapped at: [0x0000000800000000-0x0000000800be3000-0x0000000800be3000), size 12464128, SharedBaseAddress: 0x0000000800000000, ArchiveRelocationMode: 0.
[2023-03-17T14:56:31.209+0530][gc,metaspace] Compressed class space mapped at: 0x0000000800c00000-0x0000000840c00000, reserved size: 1073741824
[2023-03-17T14:56:31.209+0530][gc,metaspace] Narrow klass base: 0x0000000800000000, Narrow klass shift: 0, Narrow klass range: 0x100000000
[2023-03-17T14:56:32.712+0530][gc,start    ] GC(0) Pause Young (Normal) (G1 Evacuation Pause)
[2023-03-17T14:56:32.713+0530][gc,task     ] GC(0) Using 8 workers of 8 for evacuation
[2023-03-17T14:56:32.720+0530][gc,phases   ] GC(0)   Pre Evacuate Collection Set: 0.2ms
[2023-03-17T14:56:32.720+0530][gc,phases   ] GC(0)   Merge Heap Roots: 0.1ms
[2023-03-17T14:56:32.720+0530][gc,phases   ] GC(0)   Evacuate Collection Set: 5.5ms
[2023-03-17T14:56:32.720+0530][gc,phases   ] GC(0)   Post Evacuate Collection Set: 0.6ms
[2023-03-17T14:56:32.720+0530][gc,phases   ] GC(0)   Other: 1.3ms
[2023-03-17T14:56:32.720+0530][gc,heap     ] GC(0) Eden regions: 51->0(44)
[2023-03-17T14:56:32.720+0530][gc,heap     ] GC(0) Survivor regions: 0->7(7)
[2023-03-17T14:56:32.720+0530][gc,heap     ] GC(0) Old regions: 0->1
[2023-03-17T14:56:32.720+0530][gc,heap     ] GC(0) Archive regions: 2->2
[2023-03-17T14:56:32.720+0530][gc,heap     ] GC(0) Humongous regions: 0->0
[2023-03-17T14:56:32.720+0530][gc,metaspace] GC(0) Metaspace: 18761K(18880K)->18761K(18880K) NonClass: 16521K(16576K)->16521K(16576K) Class: 2239K(2304K)->2239K(2304K)
[2023-03-17T14:56:32.720+0530][gc          ] GC(0) Pause Young (Normal) (G1 Evacuation Pause) 51M->8M(1024M) 7.741ms
[2023-03-17T14:56:32.720+0530][gc,cpu      ] GC(0) User=0.04s Sys=0.00s Real=0.00s
[2023-03-17T14:56:33.047+0530][gc,start    ] GC(1) Pause Young (Concurrent Start) (Metadata GC Threshold)
[2023-03-17T14:56:33.047+0530][gc,task     ] GC(1) Using 8 workers of 8 for evacuation
[2023-03-17T14:56:33.053+0530][gc,phases   ] GC(1)   Pre Evacuate Collection Set: 0.2ms
[2023-03-17T14:56:33.053+0530][gc,phases   ] GC(1)   Merge Heap Roots: 0.1ms
[2023-03-17T14:56:33.053+0530][gc,phases   ] GC(1)   Evacuate Collection Set: 5.0ms
[2023-03-17T14:56:33.053+0530][gc,phases   ] GC(1)   Post Evacuate Collection Set: 0.5ms
[2023-03-17T14:56:33.053+0530][gc,phases   ] GC(1)   Other: 0.2ms
[2023-03-17T14:56:33.053+0530][gc,heap     ] GC(1) Eden regions: 12->0(49)
[2023-03-17T14:56:33.053+0530][gc,heap     ] GC(1) Survivor regions: 7->2(7)
[2023-03-17T14:56:33.053+0530][gc,heap     ] GC(1) Old regions: 1->8
[2023-03-17T14:56:33.053+0530][gc,heap     ] GC(1) Archive regions: 2->2
[2023-03-17T14:56:33.053+0530][gc,heap     ] GC(1) Humongous regions: 129->129
[2023-03-17T14:56:33.053+0530][gc,metaspace] GC(1) Metaspace: 21254K(21504K)->21254K(21504K) NonClass: 18700K(18816K)->18700K(18816K) Class: 2553K(2688K)->2553K(2688K)
[2023-03-17T14:56:33.053+0530][gc          ] GC(1) Pause Young (Concurrent Start) (Metadata GC Threshold) 148M->138M(1024M) 6.101ms
[2023-03-17T14:56:33.054+0530][gc,cpu      ] GC(1) User=0.04s Sys=0.00s Real=0.01s
[2023-03-17T14:56:33.054+0530][gc          ] GC(2) Concurrent Mark Cycle
[2023-03-17T14:56:33.054+0530][gc,marking  ] GC(2) Concurrent Clear Claimed Marks
[2023-03-17T14:56:33.054+0530][gc,marking  ] GC(2) Concurrent Clear Claimed Marks 0.021ms
[2023-03-17T14:56:33.054+0530][gc,marking  ] GC(2) Concurrent Scan Root Regions
[2023-03-17T14:56:33.057+0530][gc,marking  ] GC(2) Concurrent Scan Root Regions 3.196ms
[2023-03-17T14:56:33.057+0530][gc,marking  ] GC(2) Concurrent Mark
[2023-03-17T14:56:33.057+0530][gc,marking  ] GC(2) Concurrent Mark From Roots
[2023-03-17T14:56:33.057+0530][gc,task     ] GC(2) Using 2 workers of 2 for marking
[2023-03-17T14:56:33.059+0530][gc,marking  ] GC(2) Concurrent Mark From Roots 2.081ms
[2023-03-17T14:56:33.059+0530][gc,marking  ] GC(2) Concurrent Preclean
[2023-03-17T14:56:33.059+0530][gc,marking  ] GC(2) Concurrent Preclean 0.070ms
[2023-03-17T14:56:33.059+0530][gc,start    ] GC(2) Pause Remark
[2023-03-17T14:56:33.061+0530][gc          ] GC(2) Pause Remark 139M->139M(1024M) 1.648ms
[2023-03-17T14:56:33.061+0530][gc,cpu      ] GC(2) User=0.00s Sys=0.00s Real=0.00s
[2023-03-17T14:56:33.061+0530][gc,marking  ] GC(2) Concurrent Mark 4.152ms
[2023-03-17T14:56:33.061+0530][gc,marking  ] GC(2) Concurrent Rebuild Remembered Sets
[2023-03-17T14:56:33.064+0530][gc,marking  ] GC(2) Concurrent Rebuild Remembered Sets 3.425ms
[2023-03-17T14:56:33.065+0530][gc,start    ] GC(2) Pause Cleanup
[2023-03-17T14:56:33.065+0530][gc          ] GC(2) Pause Cleanup 139M->139M(1024M) 0.190ms
[2023-03-17T14:56:33.065+0530][gc,cpu      ] GC(2) User=0.00s Sys=0.00s Real=0.00s
[2023-03-17T14:56:33.065+0530][gc,marking  ] GC(2) Concurrent Cleanup for Next Mark
[2023-03-17T14:56:33.074+0530][gc,marking  ] GC(2) Concurrent Cleanup for Next Mark 8.851ms
[2023-03-17T14:56:33.074+0530][gc          ] GC(2) Concurrent Mark Cycle 20.204ms
[2023-03-17T14:56:33.910+0530][gc,start    ] GC(3) Pause Young (Normal) (G1 Evacuation Pause)
[2023-03-17T14:56:33.910+0530][gc,task     ] GC(3) Using 8 workers of 8 for evacuation
[2023-03-17T14:56:33.915+0530][gc,phases   ] GC(3)   Pre Evacuate Collection Set: 0.2ms
[2023-03-17T14:56:33.915+0530][gc,phases   ] GC(3)   Merge Heap Roots: 0.1ms
[2023-03-17T14:56:33.915+0530][gc,phases   ] GC(3)   Evacuate Collection Set: 4.6ms
[2023-03-17T14:56:33.915+0530][gc,phases   ] GC(3)   Post Evacuate Collection Set: 0.4ms
[2023-03-17T14:56:33.915+0530][gc,phases   ] GC(3)   Other: 0.1ms
[2023-03-17T14:56:33.915+0530][gc,heap     ] GC(3) Eden regions: 49->0(45)
[2023-03-17T14:56:33.915+0530][gc,heap     ] GC(3) Survivor regions: 2->6(7)
[2023-03-17T14:56:33.915+0530][gc,heap     ] GC(3) Old regions: 8->8
[2023-03-17T14:56:33.915+0530][gc,heap     ] GC(3) Archive regions: 2->2
[2023-03-17T14:56:33.915+0530][gc,heap     ] GC(3) Humongous regions: 129->129
[2023-03-17T14:56:33.915+0530][gc,metaspace] GC(3) Metaspace: 32751K(33024K)->32751K(33024K) NonClass: 29067K(29248K)->29067K(29248K) Class: 3683K(3776K)->3683K(3776K)
[2023-03-17T14:56:33.915+0530][gc          ] GC(3) Pause Young (Normal) (G1 Evacuation Pause) 187M->142M(1024M) 5.481ms
[2023-03-17T14:56:33.915+0530][gc,cpu      ] GC(3) User=0.04s Sys=0.00s Real=0.01s
[2023-03-17T14:57:30.695+0530][gc,heap,exit] Heap
[2023-03-17T14:57:30.695+0530][gc,heap,exit]  garbage-first heap   total 1048576K, used 163196K [0x00000000c0000000, 0x0000000100000000)
[2023-03-17T14:57:30.695+0530][gc,heap,exit]   region size 1024K, 23 young (23552K), 6 survivors (6144K)
[2023-03-17T14:57:30.695+0530][gc,heap,exit]  Metaspace       used 35165K, committed 35520K, reserved 1081344K
[2023-03-17T14:57:30.695+0530][gc,heap,exit]   class space    used 4068K, committed 4224K, reserved 1048576K
