[2023-03-20T00:30:06.629+0530][gc] Using G1
[2023-03-20T00:30:06.647+0530][gc,init] Version: 17.0.6+10-Ubuntu-0ubuntu120.04.1 (release)
[2023-03-20T00:30:06.648+0530][gc,init] CPUs: 8 total, 8 available
[2023-03-20T00:30:06.648+0530][gc,init] Memory: 7746M
[2023-03-20T00:30:06.648+0530][gc,init] Large Page Support: Disabled
[2023-03-20T00:30:06.648+0530][gc,init] NUMA Support: Disabled
[2023-03-20T00:30:06.648+0530][gc,init] Compressed Oops: Enabled (32-bit)
[2023-03-20T00:30:06.648+0530][gc,init] Heap Region Size: 1M
[2023-03-20T00:30:06.648+0530][gc,init] Heap Min Capacity: 1G
[2023-03-20T00:30:06.648+0530][gc,init] Heap Initial Capacity: 1G
[2023-03-20T00:30:06.648+0530][gc,init] Heap Max Capacity: 1G
[2023-03-20T00:30:06.648+0530][gc,init] Pre-touch: Disabled
[2023-03-20T00:30:06.648+0530][gc,init] Parallel Workers: 8
[2023-03-20T00:30:06.648+0530][gc,init] Concurrent Workers: 2
[2023-03-20T00:30:06.648+0530][gc,init] Concurrent Refinement Workers: 8
[2023-03-20T00:30:06.648+0530][gc,init] Periodic GC: Disabled
[2023-03-20T00:30:06.648+0530][gc,metaspace] CDS archive(s) mapped at: [0x0000000800000000-0x0000000800be3000-0x0000000800be3000), size 12464128, SharedBaseAddress: 0x0000000800000000, ArchiveRelocationMode: 0.
[2023-03-20T00:30:06.648+0530][gc,metaspace] Compressed class space mapped at: 0x0000000800c00000-0x0000000840c00000, reserved size: 1073741824
[2023-03-20T00:30:06.648+0530][gc,metaspace] Narrow klass base: 0x0000000800000000, Narrow klass shift: 0, Narrow klass range: 0x100000000
[2023-03-20T00:30:10.314+0530][gc,start    ] GC(0) Pause Young (Normal) (G1 Evacuation Pause)
[2023-03-20T00:30:10.316+0530][gc,task     ] GC(0) Using 8 workers of 8 for evacuation
[2023-03-20T00:30:10.331+0530][gc,phases   ] GC(0)   Pre Evacuate Collection Set: 0.4ms
[2023-03-20T00:30:10.331+0530][gc,phases   ] GC(0)   Merge Heap Roots: 0.2ms
[2023-03-20T00:30:10.331+0530][gc,phases   ] GC(0)   Evacuate Collection Set: 12.2ms
[2023-03-20T00:30:10.331+0530][gc,phases   ] GC(0)   Post Evacuate Collection Set: 1.6ms
[2023-03-20T00:30:10.331+0530][gc,phases   ] GC(0)   Other: 2.5ms
[2023-03-20T00:30:10.331+0530][gc,heap     ] GC(0) Eden regions: 51->0(44)
[2023-03-20T00:30:10.331+0530][gc,heap     ] GC(0) Survivor regions: 0->7(7)
[2023-03-20T00:30:10.331+0530][gc,heap     ] GC(0) Old regions: 0->1
[2023-03-20T00:30:10.331+0530][gc,heap     ] GC(0) Archive regions: 2->2
[2023-03-20T00:30:10.331+0530][gc,heap     ] GC(0) Humongous regions: 0->0
[2023-03-20T00:30:10.331+0530][gc,metaspace] GC(0) Metaspace: 18530K(18688K)->18530K(18688K) NonClass: 16335K(16448K)->16335K(16448K) Class: 2194K(2240K)->2194K(2240K)
[2023-03-20T00:30:10.331+0530][gc          ] GC(0) Pause Young (Normal) (G1 Evacuation Pause) 51M->8M(1024M) 17.194ms
[2023-03-20T00:30:10.331+0530][gc,cpu      ] GC(0) User=0.06s Sys=0.02s Real=0.02s
[2023-03-20T00:30:11.223+0530][gc,start    ] GC(1) Pause Young (Concurrent Start) (Metadata GC Threshold)
[2023-03-20T00:30:11.223+0530][gc,task     ] GC(1) Using 8 workers of 8 for evacuation
[2023-03-20T00:30:11.240+0530][gc,phases   ] GC(1)   Pre Evacuate Collection Set: 0.4ms
[2023-03-20T00:30:11.240+0530][gc,phases   ] GC(1)   Merge Heap Roots: 0.1ms
[2023-03-20T00:30:11.240+0530][gc,phases   ] GC(1)   Evacuate Collection Set: 15.1ms
[2023-03-20T00:30:11.240+0530][gc,phases   ] GC(1)   Post Evacuate Collection Set: 1.1ms
[2023-03-20T00:30:11.240+0530][gc,phases   ] GC(1)   Other: 0.5ms
[2023-03-20T00:30:11.240+0530][gc,heap     ] GC(1) Eden regions: 12->0(49)
[2023-03-20T00:30:11.240+0530][gc,heap     ] GC(1) Survivor regions: 7->2(7)
[2023-03-20T00:30:11.240+0530][gc,heap     ] GC(1) Old regions: 1->8
[2023-03-20T00:30:11.240+0530][gc,heap     ] GC(1) Archive regions: 2->2
[2023-03-20T00:30:11.240+0530][gc,heap     ] GC(1) Humongous regions: 129->129
[2023-03-20T00:30:11.240+0530][gc,metaspace] GC(1) Metaspace: 21270K(21504K)->21270K(21504K) NonClass: 18716K(18816K)->18716K(18816K) Class: 2553K(2688K)->2553K(2688K)
[2023-03-20T00:30:11.240+0530][gc          ] GC(1) Pause Young (Concurrent Start) (Metadata GC Threshold) 149M->139M(1024M) 17.514ms
[2023-03-20T00:30:11.240+0530][gc,cpu      ] GC(1) User=0.07s Sys=0.03s Real=0.02s
[2023-03-20T00:30:11.240+0530][gc          ] GC(2) Concurrent Mark Cycle
[2023-03-20T00:30:11.241+0530][gc,marking  ] GC(2) Concurrent Clear Claimed Marks
[2023-03-20T00:30:11.241+0530][gc,marking  ] GC(2) Concurrent Clear Claimed Marks 0.055ms
[2023-03-20T00:30:11.241+0530][gc,marking  ] GC(2) Concurrent Scan Root Regions
[2023-03-20T00:30:11.250+0530][gc,marking  ] GC(2) Concurrent Scan Root Regions 9.238ms
[2023-03-20T00:30:11.250+0530][gc,marking  ] GC(2) Concurrent Mark
[2023-03-20T00:30:11.250+0530][gc,marking  ] GC(2) Concurrent Mark From Roots
[2023-03-20T00:30:11.250+0530][gc,task     ] GC(2) Using 2 workers of 2 for marking
[2023-03-20T00:30:11.256+0530][gc,marking  ] GC(2) Concurrent Mark From Roots 5.866ms
[2023-03-20T00:30:11.256+0530][gc,marking  ] GC(2) Concurrent Preclean
[2023-03-20T00:30:11.256+0530][gc,marking  ] GC(2) Concurrent Preclean 0.209ms
[2023-03-20T00:30:11.257+0530][gc,start    ] GC(2) Pause Remark
[2023-03-20T00:30:11.264+0530][gc          ] GC(2) Pause Remark 139M->139M(1024M) 6.953ms
[2023-03-20T00:30:11.264+0530][gc,cpu      ] GC(2) User=0.02s Sys=0.00s Real=0.01s
[2023-03-20T00:30:11.265+0530][gc,marking  ] GC(2) Concurrent Mark 15.084ms
[2023-03-20T00:30:11.265+0530][gc,marking  ] GC(2) Concurrent Rebuild Remembered Sets
[2023-03-20T00:30:11.275+0530][gc,marking  ] GC(2) Concurrent Rebuild Remembered Sets 9.419ms
[2023-03-20T00:30:11.275+0530][gc,start    ] GC(2) Pause Cleanup
[2023-03-20T00:30:11.276+0530][gc          ] GC(2) Pause Cleanup 139M->139M(1024M) 0.592ms
[2023-03-20T00:30:11.276+0530][gc,cpu      ] GC(2) User=0.00s Sys=0.00s Real=0.00s
[2023-03-20T00:30:11.276+0530][gc,marking  ] GC(2) Concurrent Cleanup for Next Mark
[2023-03-20T00:30:11.291+0530][gc,marking  ] GC(2) Concurrent Cleanup for Next Mark 15.488ms
[2023-03-20T00:30:11.291+0530][gc          ] GC(2) Concurrent Mark Cycle 50.889ms
[2023-03-20T00:30:13.731+0530][gc,start    ] GC(3) Pause Young (Normal) (G1 Evacuation Pause)
[2023-03-20T00:30:13.731+0530][gc,task     ] GC(3) Using 8 workers of 8 for evacuation
[2023-03-20T00:30:13.753+0530][gc,mmu      ] GC(3) MMU target violated: 21.0ms (20.0ms/21.0ms)
[2023-03-20T00:30:13.753+0530][gc,phases   ] GC(3)   Pre Evacuate Collection Set: 0.6ms
[2023-03-20T00:30:13.753+0530][gc,phases   ] GC(3)   Merge Heap Roots: 0.2ms
[2023-03-20T00:30:13.753+0530][gc,phases   ] GC(3)   Evacuate Collection Set: 19.3ms
[2023-03-20T00:30:13.753+0530][gc,phases   ] GC(3)   Post Evacuate Collection Set: 1.5ms
[2023-03-20T00:30:13.753+0530][gc,phases   ] GC(3)   Other: 0.5ms
[2023-03-20T00:30:13.753+0530][gc,heap     ] GC(3) Eden regions: 49->0(45)
[2023-03-20T00:30:13.753+0530][gc,heap     ] GC(3) Survivor regions: 2->6(7)
[2023-03-20T00:30:13.753+0530][gc,heap     ] GC(3) Old regions: 8->8
[2023-03-20T00:30:13.753+0530][gc,heap     ] GC(3) Archive regions: 2->2
[2023-03-20T00:30:13.753+0530][gc,heap     ] GC(3) Humongous regions: 129->129
[2023-03-20T00:30:13.753+0530][gc,metaspace] GC(3) Metaspace: 32764K(33024K)->32764K(33024K) NonClass: 29093K(29248K)->29093K(29248K) Class: 3670K(3776K)->3670K(3776K)
[2023-03-20T00:30:13.753+0530][gc          ] GC(3) Pause Young (Normal) (G1 Evacuation Pause) 188M->143M(1024M) 22.323ms
[2023-03-20T00:30:13.753+0530][gc,cpu      ] GC(3) User=0.09s Sys=0.01s Real=0.02s
[2023-03-20T00:30:51.972+0530][gc,start    ] GC(4) Pause Young (Concurrent Start) (Metadata GC Threshold)
[2023-03-20T00:30:51.972+0530][gc,task     ] GC(4) Using 8 workers of 8 for evacuation
[2023-03-20T00:30:51.984+0530][gc,phases   ] GC(4)   Pre Evacuate Collection Set: 0.3ms
[2023-03-20T00:30:51.984+0530][gc,phases   ] GC(4)   Merge Heap Roots: 0.1ms
[2023-03-20T00:30:51.984+0530][gc,phases   ] GC(4)   Evacuate Collection Set: 10.2ms
[2023-03-20T00:30:51.984+0530][gc,phases   ] GC(4)   Post Evacuate Collection Set: 1.1ms
[2023-03-20T00:30:51.984+0530][gc,phases   ] GC(4)   Other: 0.4ms
[2023-03-20T00:30:51.984+0530][gc,heap     ] GC(4) Eden regions: 16->0(49)
[2023-03-20T00:30:51.984+0530][gc,heap     ] GC(4) Survivor regions: 6->2(7)
[2023-03-20T00:30:51.984+0530][gc,heap     ] GC(4) Old regions: 8->13
[2023-03-20T00:30:51.984+0530][gc,heap     ] GC(4) Archive regions: 2->2
[2023-03-20T00:30:51.984+0530][gc,heap     ] GC(4) Humongous regions: 129->129
[2023-03-20T00:30:51.984+0530][gc,metaspace] GC(4) Metaspace: 35788K(36096K)->35788K(36096K) NonClass: 31579K(31744K)->31579K(31744K) Class: 4209K(4352K)->4209K(4352K)
[2023-03-20T00:30:51.984+0530][gc          ] GC(4) Pause Young (Concurrent Start) (Metadata GC Threshold) 158M->144M(1024M) 12.370ms
[2023-03-20T00:30:51.984+0530][gc,cpu      ] GC(4) User=0.08s Sys=0.00s Real=0.01s
[2023-03-20T00:30:51.984+0530][gc          ] GC(5) Concurrent Mark Cycle
[2023-03-20T00:30:51.985+0530][gc,marking  ] GC(5) Concurrent Clear Claimed Marks
[2023-03-20T00:30:51.985+0530][gc,marking  ] GC(5) Concurrent Clear Claimed Marks 0.092ms
[2023-03-20T00:30:51.985+0530][gc,marking  ] GC(5) Concurrent Scan Root Regions
[2023-03-20T00:30:51.995+0530][gc,marking  ] GC(5) Concurrent Scan Root Regions 10.257ms
[2023-03-20T00:30:51.995+0530][gc,marking  ] GC(5) Concurrent Mark
[2023-03-20T00:30:51.995+0530][gc,marking  ] GC(5) Concurrent Mark From Roots
[2023-03-20T00:30:51.995+0530][gc,task     ] GC(5) Using 2 workers of 2 for marking
[2023-03-20T00:30:52.015+0530][gc,marking  ] GC(5) Concurrent Mark From Roots 19.775ms
[2023-03-20T00:30:52.015+0530][gc,marking  ] GC(5) Concurrent Preclean
[2023-03-20T00:30:52.015+0530][gc,marking  ] GC(5) Concurrent Preclean 0.333ms
[2023-03-20T00:30:52.016+0530][gc,start    ] GC(5) Pause Remark
[2023-03-20T00:30:52.020+0530][gc          ] GC(5) Pause Remark 145M->145M(1024M) 4.482ms
[2023-03-20T00:30:52.020+0530][gc,cpu      ] GC(5) User=0.03s Sys=0.00s Real=0.01s
[2023-03-20T00:30:52.020+0530][gc,marking  ] GC(5) Concurrent Mark 25.261ms
[2023-03-20T00:30:52.020+0530][gc,marking  ] GC(5) Concurrent Rebuild Remembered Sets
[2023-03-20T00:30:52.040+0530][gc,marking  ] GC(5) Concurrent Rebuild Remembered Sets 19.198ms
[2023-03-20T00:30:52.040+0530][gc,start    ] GC(5) Pause Cleanup
[2023-03-20T00:30:52.041+0530][gc          ] GC(5) Pause Cleanup 145M->145M(1024M) 0.513ms
[2023-03-20T00:30:52.041+0530][gc,cpu      ] GC(5) User=0.01s Sys=0.00s Real=0.00s
[2023-03-20T00:30:52.041+0530][gc,marking  ] GC(5) Concurrent Cleanup for Next Mark
[2023-03-20T00:30:52.054+0530][gc,marking  ] GC(5) Concurrent Cleanup for Next Mark 12.951ms
[2023-03-20T00:30:52.054+0530][gc          ] GC(5) Concurrent Mark Cycle 69.746ms
[2023-03-20T00:33:42.758+0530][gc,start    ] GC(6) Pause Young (Normal) (G1 Evacuation Pause)
[2023-03-20T00:33:42.758+0530][gc,task     ] GC(6) Using 8 workers of 8 for evacuation
[2023-03-20T00:33:42.787+0530][gc,mmu      ] GC(6) MMU target violated: 21.0ms (20.0ms/21.0ms)
[2023-03-20T00:33:42.787+0530][gc,phases   ] GC(6)   Pre Evacuate Collection Set: 0.6ms
[2023-03-20T00:33:42.787+0530][gc,phases   ] GC(6)   Merge Heap Roots: 0.3ms
[2023-03-20T00:33:42.787+0530][gc,phases   ] GC(6)   Evacuate Collection Set: 26.3ms
[2023-03-20T00:33:42.787+0530][gc,phases   ] GC(6)   Post Evacuate Collection Set: 1.5ms
[2023-03-20T00:33:42.787+0530][gc,phases   ] GC(6)   Other: 0.5ms
[2023-03-20T00:33:42.787+0530][gc,heap     ] GC(6) Eden regions: 49->0(47)
[2023-03-20T00:33:42.787+0530][gc,heap     ] GC(6) Survivor regions: 2->4(7)
[2023-03-20T00:33:42.787+0530][gc,heap     ] GC(6) Old regions: 13->13
[2023-03-20T00:33:42.787+0530][gc,heap     ] GC(6) Archive regions: 2->2
[2023-03-20T00:33:42.787+0530][gc,heap     ] GC(6) Humongous regions: 129->129
[2023-03-20T00:33:42.787+0530][gc,metaspace] GC(6) Metaspace: 41010K(41600K)->41010K(41600K) NonClass: 36145K(36480K)->36145K(36480K) Class: 4865K(5120K)->4865K(5120K)
[2023-03-20T00:33:42.787+0530][gc          ] GC(6) Pause Young (Normal) (G1 Evacuation Pause) 193M->146M(1024M) 29.247ms
[2023-03-20T00:33:42.787+0530][gc,cpu      ] GC(6) User=0.08s Sys=0.02s Real=0.03s
[2023-03-20T00:34:05.052+0530][gc,start    ] GC(7) Pause Young (Normal) (G1 Evacuation Pause)
[2023-03-20T00:34:05.052+0530][gc,task     ] GC(7) Using 8 workers of 8 for evacuation
[2023-03-20T00:34:05.070+0530][gc,phases   ] GC(7)   Pre Evacuate Collection Set: 0.6ms
[2023-03-20T00:34:05.070+0530][gc,phases   ] GC(7)   Merge Heap Roots: 0.2ms
[2023-03-20T00:34:05.070+0530][gc,phases   ] GC(7)   Evacuate Collection Set: 15.2ms
[2023-03-20T00:34:05.070+0530][gc,phases   ] GC(7)   Post Evacuate Collection Set: 1.6ms
[2023-03-20T00:34:05.070+0530][gc,phases   ] GC(7)   Other: 0.4ms
[2023-03-20T00:34:05.070+0530][gc,heap     ] GC(7) Eden regions: 47->0(47)
[2023-03-20T00:34:05.070+0530][gc,heap     ] GC(7) Survivor regions: 4->4(7)
[2023-03-20T00:34:05.070+0530][gc,heap     ] GC(7) Old regions: 13->14
[2023-03-20T00:34:05.070+0530][gc,heap     ] GC(7) Archive regions: 2->2
[2023-03-20T00:34:05.070+0530][gc,heap     ] GC(7) Humongous regions: 129->129
[2023-03-20T00:34:05.070+0530][gc,metaspace] GC(7) Metaspace: 41348K(41920K)->41348K(41920K) NonClass: 36483K(36800K)->36483K(36800K) Class: 4865K(5120K)->4865K(5120K)
[2023-03-20T00:34:05.070+0530][gc          ] GC(7) Pause Young (Normal) (G1 Evacuation Pause) 193M->147M(1024M) 18.270ms
[2023-03-20T00:34:05.070+0530][gc,cpu      ] GC(7) User=0.07s Sys=0.00s Real=0.02s
[2023-03-20T00:37:29.575+0530][gc,start    ] GC(8) Pause Young (Normal) (G1 Evacuation Pause)
[2023-03-20T00:37:29.575+0530][gc,task     ] GC(8) Using 8 workers of 8 for evacuation
[2023-03-20T00:37:29.588+0530][gc,phases   ] GC(8)   Pre Evacuate Collection Set: 0.4ms
[2023-03-20T00:37:29.588+0530][gc,phases   ] GC(8)   Merge Heap Roots: 0.2ms
[2023-03-20T00:37:29.588+0530][gc,phases   ] GC(8)   Evacuate Collection Set: 10.3ms
[2023-03-20T00:37:29.588+0530][gc,phases   ] GC(8)   Post Evacuate Collection Set: 1.3ms
[2023-03-20T00:37:29.588+0530][gc,phases   ] GC(8)   Other: 0.4ms
[2023-03-20T00:37:29.588+0530][gc,heap     ] GC(8) Eden regions: 47->0(48)
[2023-03-20T00:37:29.588+0530][gc,heap     ] GC(8) Survivor regions: 4->3(7)
[2023-03-20T00:37:29.588+0530][gc,heap     ] GC(8) Old regions: 14->17
[2023-03-20T00:37:29.588+0530][gc,heap     ] GC(8) Archive regions: 2->2
[2023-03-20T00:37:29.588+0530][gc,heap     ] GC(8) Humongous regions: 129->129
[2023-03-20T00:37:29.588+0530][gc,metaspace] GC(8) Metaspace: 42357K(42944K)->42357K(42944K) NonClass: 37285K(37632K)->37285K(37632K) Class: 5071K(5312K)->5071K(5312K)
[2023-03-20T00:37:29.588+0530][gc          ] GC(8) Pause Young (Normal) (G1 Evacuation Pause) 194M->149M(1024M) 12.814ms
[2023-03-20T00:37:29.588+0530][gc,cpu      ] GC(8) User=0.08s Sys=0.00s Real=0.01s
[2023-03-20T00:48:01.690+0530][gc,start    ] GC(9) Pause Young (Normal) (G1 Evacuation Pause)
[2023-03-20T00:48:01.690+0530][gc,task     ] GC(9) Using 8 workers of 8 for evacuation
[2023-03-20T00:48:01.703+0530][gc,phases   ] GC(9)   Pre Evacuate Collection Set: 0.4ms
[2023-03-20T00:48:01.703+0530][gc,phases   ] GC(9)   Merge Heap Roots: 0.2ms
[2023-03-20T00:48:01.703+0530][gc,phases   ] GC(9)   Evacuate Collection Set: 11.0ms
[2023-03-20T00:48:01.703+0530][gc,phases   ] GC(9)   Post Evacuate Collection Set: 0.9ms
[2023-03-20T00:48:01.703+0530][gc,phases   ] GC(9)   Other: 0.4ms
[2023-03-20T00:48:01.703+0530][gc,heap     ] GC(9) Eden regions: 48->0(46)
[2023-03-20T00:48:01.703+0530][gc,heap     ] GC(9) Survivor regions: 3->5(7)
[2023-03-20T00:48:01.703+0530][gc,heap     ] GC(9) Old regions: 17->17
[2023-03-20T00:48:01.703+0530][gc,heap     ] GC(9) Archive regions: 2->2
[2023-03-20T00:48:01.704+0530][gc,heap     ] GC(9) Humongous regions: 129->129
[2023-03-20T00:48:01.704+0530][gc,metaspace] GC(9) Metaspace: 42525K(43072K)->42525K(43072K) NonClass: 37445K(37760K)->37445K(37760K) Class: 5080K(5312K)->5080K(5312K)
[2023-03-20T00:48:01.704+0530][gc          ] GC(9) Pause Young (Normal) (G1 Evacuation Pause) 197M->150M(1024M) 13.200ms
[2023-03-20T00:48:01.704+0530][gc,cpu      ] GC(9) User=0.06s Sys=0.00s Real=0.01s
[2023-03-20T00:57:50.716+0530][gc,start    ] GC(10) Pause Young (Normal) (G1 Evacuation Pause)
[2023-03-20T00:57:50.716+0530][gc,task     ] GC(10) Using 8 workers of 8 for evacuation
[2023-03-20T00:57:50.728+0530][gc,phases   ] GC(10)   Pre Evacuate Collection Set: 0.4ms
[2023-03-20T00:57:50.728+0530][gc,phases   ] GC(10)   Merge Heap Roots: 0.1ms
[2023-03-20T00:57:50.728+0530][gc,phases   ] GC(10)   Evacuate Collection Set: 10.3ms
[2023-03-20T00:57:50.728+0530][gc,phases   ] GC(10)   Post Evacuate Collection Set: 0.7ms
[2023-03-20T00:57:50.728+0530][gc,phases   ] GC(10)   Other: 0.3ms
[2023-03-20T00:57:50.728+0530][gc,heap     ] GC(10) Eden regions: 46->0(45)
[2023-03-20T00:57:50.728+0530][gc,heap     ] GC(10) Survivor regions: 5->6(7)
[2023-03-20T00:57:50.728+0530][gc,heap     ] GC(10) Old regions: 17->19
[2023-03-20T00:57:50.728+0530][gc,heap     ] GC(10) Archive regions: 2->2
[2023-03-20T00:57:50.728+0530][gc,heap     ] GC(10) Humongous regions: 129->129
[2023-03-20T00:57:50.728+0530][gc,metaspace] GC(10) Metaspace: 42611K(43200K)->42611K(43200K) NonClass: 37531K(37888K)->37531K(37888K) Class: 5080K(5312K)->5080K(5312K)
[2023-03-20T00:57:50.728+0530][gc          ] GC(10) Pause Young (Normal) (G1 Evacuation Pause) 196M->153M(1024M) 11.969ms
[2023-03-20T00:57:50.728+0530][gc,cpu      ] GC(10) User=0.07s Sys=0.00s Real=0.01s
[2023-03-20T01:01:03.691+0530][gc,start    ] GC(11) Pause Young (Normal) (G1 Evacuation Pause)
[2023-03-20T01:01:03.691+0530][gc,task     ] GC(11) Using 8 workers of 8 for evacuation
[2023-03-20T01:01:03.706+0530][gc,phases   ] GC(11)   Pre Evacuate Collection Set: 0.3ms
[2023-03-20T01:01:03.706+0530][gc,phases   ] GC(11)   Merge Heap Roots: 0.2ms
[2023-03-20T01:01:03.706+0530][gc,phases   ] GC(11)   Evacuate Collection Set: 13.0ms
[2023-03-20T01:01:03.706+0530][gc,phases   ] GC(11)   Post Evacuate Collection Set: 1.0ms
[2023-03-20T01:01:03.706+0530][gc,phases   ] GC(11)   Other: 0.4ms
[2023-03-20T01:01:03.706+0530][gc,heap     ] GC(11) Eden regions: 45->0(45)
[2023-03-20T01:01:03.706+0530][gc,heap     ] GC(11) Survivor regions: 6->6(7)
[2023-03-20T01:01:03.706+0530][gc,heap     ] GC(11) Old regions: 19->21
[2023-03-20T01:01:03.706+0530][gc,heap     ] GC(11) Archive regions: 2->2
[2023-03-20T01:01:03.706+0530][gc,heap     ] GC(11) Humongous regions: 129->129
[2023-03-20T01:01:03.706+0530][gc,metaspace] GC(11) Metaspace: 42633K(43200K)->42633K(43200K) NonClass: 37552K(37888K)->37552K(37888K) Class: 5080K(5312K)->5080K(5312K)
[2023-03-20T01:01:03.706+0530][gc          ] GC(11) Pause Young (Normal) (G1 Evacuation Pause) 198M->156M(1024M) 15.300ms
[2023-03-20T01:01:03.707+0530][gc,cpu      ] GC(11) User=0.10s Sys=0.01s Real=0.01s
[2023-03-20T01:05:07.936+0530][gc,start    ] GC(12) Pause Young (Normal) (G1 Evacuation Pause)
[2023-03-20T01:05:07.936+0530][gc,task     ] GC(12) Using 8 workers of 8 for evacuation
[2023-03-20T01:05:07.951+0530][gc,phases   ] GC(12)   Pre Evacuate Collection Set: 0.4ms
[2023-03-20T01:05:07.951+0530][gc,phases   ] GC(12)   Merge Heap Roots: 0.2ms
[2023-03-20T01:05:07.951+0530][gc,phases   ] GC(12)   Evacuate Collection Set: 12.3ms
[2023-03-20T01:05:07.951+0530][gc,phases   ] GC(12)   Post Evacuate Collection Set: 1.3ms
[2023-03-20T01:05:07.951+0530][gc,phases   ] GC(12)   Other: 0.5ms
[2023-03-20T01:05:07.951+0530][gc,heap     ] GC(12) Eden regions: 45->0(56)
[2023-03-20T01:05:07.951+0530][gc,heap     ] GC(12) Survivor regions: 6->5(7)
[2023-03-20T01:05:07.951+0530][gc,heap     ] GC(12) Old regions: 21->24
[2023-03-20T01:05:07.951+0530][gc,heap     ] GC(12) Archive regions: 2->2
[2023-03-20T01:05:07.951+0530][gc,heap     ] GC(12) Humongous regions: 129->129
[2023-03-20T01:05:07.951+0530][gc,metaspace] GC(12) Metaspace: 42675K(43200K)->42675K(43200K) NonClass: 37588K(37888K)->37588K(37888K) Class: 5086K(5312K)->5086K(5312K)
[2023-03-20T01:05:07.951+0530][gc          ] GC(12) Pause Young (Normal) (G1 Evacuation Pause) 201M->157M(1024M) 15.273ms
[2023-03-20T01:05:07.952+0530][gc,cpu      ] GC(12) User=0.08s Sys=0.01s Real=0.02s
[2023-03-20T01:05:34.897+0530][gc,start    ] GC(13) Pause Young (Normal) (G1 Evacuation Pause)
[2023-03-20T01:05:34.897+0530][gc,task     ] GC(13) Using 8 workers of 8 for evacuation
[2023-03-20T01:05:34.907+0530][gc,phases   ] GC(13)   Pre Evacuate Collection Set: 0.3ms
[2023-03-20T01:05:34.907+0530][gc,phases   ] GC(13)   Merge Heap Roots: 0.2ms
[2023-03-20T01:05:34.907+0530][gc,phases   ] GC(13)   Evacuate Collection Set: 8.6ms
[2023-03-20T01:05:34.907+0530][gc,phases   ] GC(13)   Post Evacuate Collection Set: 0.7ms
[2023-03-20T01:05:34.907+0530][gc,phases   ] GC(13)   Other: 0.3ms
[2023-03-20T01:05:34.907+0530][gc,heap     ] GC(13) Eden regions: 52->0(56)
[2023-03-20T01:05:34.907+0530][gc,heap     ] GC(13) Survivor regions: 5->6(8)
[2023-03-20T01:05:34.907+0530][gc,heap     ] GC(13) Old regions: 24->24
[2023-03-20T01:05:34.907+0530][gc,heap     ] GC(13) Archive regions: 2->2
[2023-03-20T01:05:34.907+0530][gc,heap     ] GC(13) Humongous regions: 129->129
[2023-03-20T01:05:34.907+0530][gc,metaspace] GC(13) Metaspace: 42680K(43200K)->42680K(43200K) NonClass: 37593K(37888K)->37593K(37888K) Class: 5086K(5312K)->5086K(5312K)
[2023-03-20T01:05:34.907+0530][gc          ] GC(13) Pause Young (Normal) (G1 Evacuation Pause) 209M->158M(1024M) 10.246ms
[2023-03-20T01:05:34.907+0530][gc,cpu      ] GC(13) User=0.06s Sys=0.00s Real=0.01s
[2023-03-20T01:17:56.035+0530][gc,start    ] GC(14) Pause Young (Normal) (G1 Evacuation Pause)
[2023-03-20T01:17:56.035+0530][gc,task     ] GC(14) Using 8 workers of 8 for evacuation
[2023-03-20T01:17:56.062+0530][gc,mmu      ] GC(14) MMU target violated: 21.0ms (20.0ms/21.0ms)
[2023-03-20T01:17:56.062+0530][gc,phases   ] GC(14)   Pre Evacuate Collection Set: 0.4ms
[2023-03-20T01:17:56.062+0530][gc,phases   ] GC(14)   Merge Heap Roots: 0.2ms
[2023-03-20T01:17:56.062+0530][gc,phases   ] GC(14)   Evacuate Collection Set: 25.2ms
[2023-03-20T01:17:56.062+0530][gc,phases   ] GC(14)   Post Evacuate Collection Set: 1.2ms
[2023-03-20T01:17:56.062+0530][gc,phases   ] GC(14)   Other: 0.5ms
[2023-03-20T01:17:56.062+0530][gc,heap     ] GC(14) Eden regions: 56->0(43)
[2023-03-20T01:17:56.062+0530][gc,heap     ] GC(14) Survivor regions: 6->8(8)
[2023-03-20T01:17:56.062+0530][gc,heap     ] GC(14) Old regions: 24->25
[2023-03-20T01:17:56.063+0530][gc,heap     ] GC(14) Archive regions: 2->2
[2023-03-20T01:17:56.063+0530][gc,heap     ] GC(14) Humongous regions: 129->129
[2023-03-20T01:17:56.063+0530][gc,metaspace] GC(14) Metaspace: 42817K(43392K)->42817K(43392K) NonClass: 37725K(38080K)->37725K(38080K) Class: 5092K(5312K)->5092K(5312K)
[2023-03-20T01:17:56.063+0530][gc          ] GC(14) Pause Young (Normal) (G1 Evacuation Pause) 214M->162M(1024M) 27.974ms
[2023-03-20T01:17:56.063+0530][gc,cpu      ] GC(14) User=0.12s Sys=0.00s Real=0.03s
[2023-03-20T01:24:43.105+0530][gc,start    ] GC(15) Pause Young (Normal) (G1 Evacuation Pause)
[2023-03-20T01:24:43.106+0530][gc,task     ] GC(15) Using 8 workers of 8 for evacuation
[2023-03-20T01:24:43.127+0530][gc,mmu      ] GC(15) MMU target violated: 20.9ms (20.0ms/21.0ms)
[2023-03-20T01:24:43.127+0530][gc,phases   ] GC(15)   Pre Evacuate Collection Set: 0.5ms
[2023-03-20T01:24:43.127+0530][gc,phases   ] GC(15)   Merge Heap Roots: 0.3ms
[2023-03-20T01:24:43.127+0530][gc,phases   ] GC(15)   Evacuate Collection Set: 19.0ms
[2023-03-20T01:24:43.127+0530][gc,phases   ] GC(15)   Post Evacuate Collection Set: 1.0ms
[2023-03-20T01:24:43.127+0530][gc,phases   ] GC(15)   Other: 0.6ms
[2023-03-20T01:24:43.127+0530][gc,heap     ] GC(15) Eden regions: 43->0(75)
[2023-03-20T01:24:43.127+0530][gc,heap     ] GC(15) Survivor regions: 8->4(7)
[2023-03-20T01:24:43.127+0530][gc,heap     ] GC(15) Old regions: 25->31
[2023-03-20T01:24:43.127+0530][gc,heap     ] GC(15) Archive regions: 2->2
[2023-03-20T01:24:43.127+0530][gc,heap     ] GC(15) Humongous regions: 129->129
[2023-03-20T01:24:43.127+0530][gc,metaspace] GC(15) Metaspace: 42881K(43456K)->42881K(43456K) NonClass: 37788K(38144K)->37788K(38144K) Class: 5092K(5312K)->5092K(5312K)
[2023-03-20T01:24:43.127+0530][gc          ] GC(15) Pause Young (Normal) (G1 Evacuation Pause) 205M->164M(1024M) 21.675ms
[2023-03-20T01:24:43.127+0530][gc,cpu      ] GC(15) User=0.12s Sys=0.03s Real=0.02s
[2023-03-20T01:36:31.455+0530][gc,start    ] GC(16) Pause Young (Normal) (G1 Evacuation Pause)
[2023-03-20T01:36:31.460+0530][gc,task     ] GC(16) Using 8 workers of 8 for evacuation
[2023-03-20T01:36:31.475+0530][gc,phases   ] GC(16)   Pre Evacuate Collection Set: 0.3ms
[2023-03-20T01:36:31.475+0530][gc,phases   ] GC(16)   Merge Heap Roots: 0.2ms
[2023-03-20T01:36:31.475+0530][gc,phases   ] GC(16)   Evacuate Collection Set: 12.8ms
[2023-03-20T01:36:31.475+0530][gc,phases   ] GC(16)   Post Evacuate Collection Set: 1.0ms
[2023-03-20T01:36:31.475+0530][gc,phases   ] GC(16)   Other: 5.4ms
[2023-03-20T01:36:31.475+0530][gc,heap     ] GC(16) Eden regions: 75->0(43)
[2023-03-20T01:36:31.475+0530][gc,heap     ] GC(16) Survivor regions: 4->8(10)
[2023-03-20T01:36:31.475+0530][gc,heap     ] GC(16) Old regions: 31->31
[2023-03-20T01:36:31.475+0530][gc,heap     ] GC(16) Archive regions: 2->2
[2023-03-20T01:36:31.475+0530][gc,heap     ] GC(16) Humongous regions: 129->129
[2023-03-20T01:36:31.475+0530][gc,metaspace] GC(16) Metaspace: 42981K(43584K)->42981K(43584K) NonClass: 37883K(38208K)->37883K(38208K) Class: 5097K(5376K)->5097K(5376K)
[2023-03-20T01:36:31.475+0530][gc          ] GC(16) Pause Young (Normal) (G1 Evacuation Pause) 239M->167M(1024M) 19.974ms
[2023-03-20T01:36:31.475+0530][gc,cpu      ] GC(16) User=0.09s Sys=0.00s Real=0.02s
[2023-03-20T01:45:42.524+0530][gc,start    ] GC(17) Pause Young (Normal) (G1 Evacuation Pause)
[2023-03-20T01:45:42.524+0530][gc,task     ] GC(17) Using 8 workers of 8 for evacuation
[2023-03-20T01:45:42.537+0530][gc,phases   ] GC(17)   Pre Evacuate Collection Set: 0.3ms
[2023-03-20T01:45:42.537+0530][gc,phases   ] GC(17)   Merge Heap Roots: 0.2ms
[2023-03-20T01:45:42.537+0530][gc,phases   ] GC(17)   Evacuate Collection Set: 11.9ms
[2023-03-20T01:45:42.537+0530][gc,phases   ] GC(17)   Post Evacuate Collection Set: 0.6ms
[2023-03-20T01:45:42.537+0530][gc,phases   ] GC(17)   Other: 0.3ms
[2023-03-20T01:45:42.537+0530][gc,heap     ] GC(17) Eden regions: 43->0(121)
[2023-03-20T01:45:42.537+0530][gc,heap     ] GC(17) Survivor regions: 8->2(7)
[2023-03-20T01:45:42.537+0530][gc,heap     ] GC(17) Old regions: 31->38
[2023-03-20T01:45:42.537+0530][gc,heap     ] GC(17) Archive regions: 2->2
[2023-03-20T01:45:42.537+0530][gc,heap     ] GC(17) Humongous regions: 129->129
[2023-03-20T01:45:42.537+0530][gc,metaspace] GC(17) Metaspace: 43022K(43584K)->43022K(43584K) NonClass: 37925K(38208K)->37925K(38208K) Class: 5097K(5376K)->5097K(5376K)
[2023-03-20T01:45:42.537+0530][gc          ] GC(17) Pause Young (Normal) (G1 Evacuation Pause) 210M->168M(1024M) 13.569ms
[2023-03-20T01:45:42.537+0530][gc,cpu      ] GC(17) User=0.07s Sys=0.01s Real=0.01s
[2023-03-20T02:02:00.638+0530][gc,start    ] GC(18) Pause Young (Normal) (G1 Evacuation Pause)
[2023-03-20T02:02:00.639+0530][gc,task     ] GC(18) Using 8 workers of 8 for evacuation
[2023-03-20T02:02:00.648+0530][gc,phases   ] GC(18)   Pre Evacuate Collection Set: 0.4ms
[2023-03-20T02:02:00.648+0530][gc,phases   ] GC(18)   Merge Heap Roots: 0.2ms
[2023-03-20T02:02:00.648+0530][gc,phases   ] GC(18)   Evacuate Collection Set: 7.5ms
[2023-03-20T02:02:00.648+0530][gc,phases   ] GC(18)   Post Evacuate Collection Set: 0.8ms
[2023-03-20T02:02:00.648+0530][gc,phases   ] GC(18)   Other: 0.3ms
[2023-03-20T02:02:00.648+0530][gc,heap     ] GC(18) Eden regions: 121->0(125)
[2023-03-20T02:02:00.648+0530][gc,heap     ] GC(18) Survivor regions: 2->5(16)
[2023-03-20T02:02:00.648+0530][gc,heap     ] GC(18) Old regions: 38->38
[2023-03-20T02:02:00.648+0530][gc,heap     ] GC(18) Archive regions: 2->2
[2023-03-20T02:02:00.648+0530][gc,heap     ] GC(18) Humongous regions: 129->129
[2023-03-20T02:02:00.648+0530][gc,metaspace] GC(18) Metaspace: 43035K(43584K)->43035K(43584K) NonClass: 37937K(38208K)->37937K(38208K) Class: 5097K(5376K)->5097K(5376K)
[2023-03-20T02:02:00.648+0530][gc          ] GC(18) Pause Young (Normal) (G1 Evacuation Pause) 289M->171M(1024M) 9.486ms
[2023-03-20T02:02:00.648+0530][gc,cpu      ] GC(18) User=0.06s Sys=0.00s Real=0.00s
[2023-03-20T02:19:58.585+0530][gc,start    ] GC(19) Pause Young (Normal) (G1 Evacuation Pause)
[2023-03-20T02:19:58.590+0530][gc,task     ] GC(19) Using 8 workers of 8 for evacuation
[2023-03-20T02:19:58.621+0530][gc,mmu      ] GC(19) MMU target violated: 21.0ms (20.0ms/21.0ms)
[2023-03-20T02:19:58.621+0530][gc,phases   ] GC(19)   Pre Evacuate Collection Set: 0.7ms
[2023-03-20T02:19:58.621+0530][gc,phases   ] GC(19)   Merge Heap Roots: 0.2ms
[2023-03-20T02:19:58.621+0530][gc,phases   ] GC(19)   Evacuate Collection Set: 28.7ms
[2023-03-20T02:19:58.621+0530][gc,phases   ] GC(19)   Post Evacuate Collection Set: 0.9ms
[2023-03-20T02:19:58.621+0530][gc,phases   ] GC(19)   Other: 5.9ms
[2023-03-20T02:19:58.621+0530][gc,heap     ] GC(19) Eden regions: 125->0(43)
[2023-03-20T02:19:58.621+0530][gc,heap     ] GC(19) Survivor regions: 5->8(17)
[2023-03-20T02:19:58.621+0530][gc,heap     ] GC(19) Old regions: 38->38
[2023-03-20T02:19:58.621+0530][gc,heap     ] GC(19) Archive regions: 2->2
[2023-03-20T02:19:58.621+0530][gc,heap     ] GC(19) Humongous regions: 129->129
[2023-03-20T02:19:58.621+0530][gc,metaspace] GC(19) Metaspace: 43067K(43712K)->43067K(43712K) NonClass: 37970K(38336K)->37970K(38336K) Class: 5097K(5376K)->5097K(5376K)
[2023-03-20T02:19:58.621+0530][gc          ] GC(19) Pause Young (Normal) (G1 Evacuation Pause) 296M->174M(1024M) 36.680ms
[2023-03-20T02:19:58.622+0530][gc,cpu      ] GC(19) User=0.10s Sys=0.01s Real=0.04s
[2023-03-20T02:20:00.937+0530][gc,start    ] GC(20) Pause Young (Normal) (G1 Evacuation Pause)
[2023-03-20T02:20:00.937+0530][gc,task     ] GC(20) Using 8 workers of 8 for evacuation
[2023-03-20T02:20:00.962+0530][gc,mmu      ] GC(20) MMU target violated: 21.0ms (20.0ms/21.0ms)
[2023-03-20T02:20:00.962+0530][gc,phases   ] GC(20)   Pre Evacuate Collection Set: 0.6ms
[2023-03-20T02:20:00.962+0530][gc,phases   ] GC(20)   Merge Heap Roots: 0.3ms
[2023-03-20T02:20:00.962+0530][gc,phases   ] GC(20)   Evacuate Collection Set: 22.6ms
[2023-03-20T02:20:00.962+0530][gc,phases   ] GC(20)   Post Evacuate Collection Set: 1.2ms
[2023-03-20T02:20:00.962+0530][gc,phases   ] GC(20)   Other: 0.6ms
[2023-03-20T02:20:00.963+0530][gc,heap     ] GC(20) Eden regions: 43->0(72)
[2023-03-20T02:20:00.963+0530][gc,heap     ] GC(20) Survivor regions: 8->5(7)
[2023-03-20T02:20:00.963+0530][gc,heap     ] GC(20) Old regions: 38->42
[2023-03-20T02:20:00.963+0530][gc,heap     ] GC(20) Archive regions: 2->2
[2023-03-20T02:20:00.963+0530][gc,heap     ] GC(20) Humongous regions: 129->129
[2023-03-20T02:20:00.963+0530][gc,metaspace] GC(20) Metaspace: 43075K(43712K)->43075K(43712K) NonClass: 37978K(38336K)->37978K(38336K) Class: 5097K(5376K)->5097K(5376K)
[2023-03-20T02:20:00.963+0530][gc          ] GC(20) Pause Young (Normal) (G1 Evacuation Pause) 217M->175M(1024M) 25.617ms
[2023-03-20T02:20:00.963+0530][gc,cpu      ] GC(20) User=0.11s Sys=0.01s Real=0.03s
[2023-03-20T02:20:04.492+0530][gc,start    ] GC(21) Pause Young (Normal) (G1 Evacuation Pause)
[2023-03-20T02:20:04.492+0530][gc,task     ] GC(21) Using 8 workers of 8 for evacuation
[2023-03-20T02:20:04.511+0530][gc,phases   ] GC(21)   Pre Evacuate Collection Set: 0.6ms
[2023-03-20T02:20:04.511+0530][gc,phases   ] GC(21)   Merge Heap Roots: 0.3ms
[2023-03-20T02:20:04.511+0530][gc,phases   ] GC(21)   Evacuate Collection Set: 16.0ms
[2023-03-20T02:20:04.511+0530][gc,phases   ] GC(21)   Post Evacuate Collection Set: 1.1ms
[2023-03-20T02:20:04.511+0530][gc,phases   ] GC(21)   Other: 0.4ms
[2023-03-20T02:20:04.511+0530][gc,heap     ] GC(21) Eden regions: 72->0(109)
[2023-03-20T02:20:04.511+0530][gc,heap     ] GC(21) Survivor regions: 5->5(10)
[2023-03-20T02:20:04.511+0530][gc,heap     ] GC(21) Old regions: 42->42
[2023-03-20T02:20:04.511+0530][gc,heap     ] GC(21) Archive regions: 2->2
[2023-03-20T02:20:04.511+0530][gc,heap     ] GC(21) Humongous regions: 129->129
[2023-03-20T02:20:04.511+0530][gc,metaspace] GC(21) Metaspace: 43150K(43776K)->43150K(43776K) NonClass: 38053K(38400K)->38053K(38400K) Class: 5097K(5376K)->5097K(5376K)
[2023-03-20T02:20:04.511+0530][gc          ] GC(21) Pause Young (Normal) (G1 Evacuation Pause) 247M->176M(1024M) 18.797ms
[2023-03-20T02:20:04.511+0530][gc,cpu      ] GC(21) User=0.06s Sys=0.01s Real=0.02s
[2023-03-20T02:20:10.473+0530][gc,start    ] GC(22) Pause Young (Normal) (G1 Evacuation Pause)
[2023-03-20T02:20:10.473+0530][gc,task     ] GC(22) Using 8 workers of 8 for evacuation
[2023-03-20T02:20:10.499+0530][gc,mmu      ] GC(22) MMU target violated: 21.0ms (20.0ms/21.0ms)
[2023-03-20T02:20:10.500+0530][gc,phases   ] GC(22)   Pre Evacuate Collection Set: 1.1ms
[2023-03-20T02:20:10.500+0530][gc,phases   ] GC(22)   Merge Heap Roots: 0.5ms
[2023-03-20T02:20:10.500+0530][gc,phases   ] GC(22)   Evacuate Collection Set: 23.2ms
[2023-03-20T02:20:10.500+0530][gc,phases   ] GC(22)   Post Evacuate Collection Set: 1.0ms
[2023-03-20T02:20:10.500+0530][gc,phases   ] GC(22)   Other: 0.6ms
[2023-03-20T02:20:10.500+0530][gc,heap     ] GC(22) Eden regions: 109->0(62)
[2023-03-20T02:20:10.500+0530][gc,heap     ] GC(22) Survivor regions: 5->6(15)
[2023-03-20T02:20:10.500+0530][gc,heap     ] GC(22) Old regions: 42->42
[2023-03-20T02:20:10.500+0530][gc,heap     ] GC(22) Archive regions: 2->2
[2023-03-20T02:20:10.500+0530][gc,heap     ] GC(22) Humongous regions: 129->129
[2023-03-20T02:20:10.500+0530][gc,metaspace] GC(22) Metaspace: 43166K(43776K)->43166K(43776K) NonClass: 38069K(38400K)->38069K(38400K) Class: 5097K(5376K)->5097K(5376K)
[2023-03-20T02:20:10.500+0530][gc          ] GC(22) Pause Young (Normal) (G1 Evacuation Pause) 285M->177M(1024M) 26.639ms
[2023-03-20T02:20:10.500+0530][gc,cpu      ] GC(22) User=0.07s Sys=0.00s Real=0.03s
[2023-03-20T02:20:15.410+0530][gc,start    ] GC(23) Pause Young (Normal) (G1 Evacuation Pause)
[2023-03-20T02:20:15.410+0530][gc,task     ] GC(23) Using 8 workers of 8 for evacuation
[2023-03-20T02:20:15.432+0530][gc,mmu      ] GC(23) MMU target violated: 21.0ms (20.0ms/21.0ms)
[2023-03-20T02:20:15.432+0530][gc,phases   ] GC(23)   Pre Evacuate Collection Set: 0.5ms
[2023-03-20T02:20:15.432+0530][gc,phases   ] GC(23)   Merge Heap Roots: 0.2ms
[2023-03-20T02:20:15.432+0530][gc,phases   ] GC(23)   Evacuate Collection Set: 20.4ms
[2023-03-20T02:20:15.432+0530][gc,phases   ] GC(23)   Post Evacuate Collection Set: 0.9ms
[2023-03-20T02:20:15.432+0530][gc,phases   ] GC(23)   Other: 0.4ms
[2023-03-20T02:20:15.432+0530][gc,heap     ] GC(23) Eden regions: 62->0(180)
[2023-03-20T02:20:15.432+0530][gc,heap     ] GC(23) Survivor regions: 6->3(9)
[2023-03-20T02:20:15.432+0530][gc,heap     ] GC(23) Old regions: 42->45
[2023-03-20T02:20:15.432+0530][gc,heap     ] GC(23) Archive regions: 2->2
[2023-03-20T02:20:15.432+0530][gc,heap     ] GC(23) Humongous regions: 129->129
[2023-03-20T02:20:15.432+0530][gc,metaspace] GC(23) Metaspace: 43168K(43776K)->43168K(43776K) NonClass: 38071K(38400K)->38071K(38400K) Class: 5097K(5376K)->5097K(5376K)
[2023-03-20T02:20:15.433+0530][gc          ] GC(23) Pause Young (Normal) (G1 Evacuation Pause) 239M->177M(1024M) 22.898ms
[2023-03-20T02:20:15.433+0530][gc,cpu      ] GC(23) User=0.07s Sys=0.00s Real=0.03s
[2023-03-20T02:20:19.102+0530][gc,heap,exit] Heap
[2023-03-20T02:20:19.102+0530][gc,heap,exit]  garbage-first heap   total 1048576K, used 242268K [0x00000000c0000000, 0x0000000100000000)
[2023-03-20T02:20:19.102+0530][gc,heap,exit]   region size 1024K, 62 young (63488K), 3 survivors (3072K)
[2023-03-20T02:20:19.102+0530][gc,heap,exit]  Metaspace       used 43733K, committed 44352K, reserved 1089536K
[2023-03-20T02:20:19.102+0530][gc,heap,exit]   class space    used 5240K, committed 5504K, reserved 1048576K
