[2023-03-24T11:57:11.595+0530][gc] Using G1
[2023-03-24T11:57:11.610+0530][gc,init] Version: 17.0.6+10-Ubuntu-0ubuntu120.04.1 (release)
[2023-03-24T11:57:11.610+0530][gc,init] CPUs: 8 total, 8 available
[2023-03-24T11:57:11.610+0530][gc,init] Memory: 7746M
[2023-03-24T11:57:11.610+0530][gc,init] Large Page Support: Disabled
[2023-03-24T11:57:11.610+0530][gc,init] NUMA Support: Disabled
[2023-03-24T11:57:11.610+0530][gc,init] Compressed Oops: Enabled (32-bit)
[2023-03-24T11:57:11.610+0530][gc,init] Heap Region Size: 1M
[2023-03-24T11:57:11.610+0530][gc,init] Heap Min Capacity: 1G
[2023-03-24T11:57:11.610+0530][gc,init] Heap Initial Capacity: 1G
[2023-03-24T11:57:11.610+0530][gc,init] Heap Max Capacity: 1G
[2023-03-24T11:57:11.610+0530][gc,init] Pre-touch: Disabled
[2023-03-24T11:57:11.610+0530][gc,init] Parallel Workers: 8
[2023-03-24T11:57:11.610+0530][gc,init] Concurrent Workers: 2
[2023-03-24T11:57:11.610+0530][gc,init] Concurrent Refinement Workers: 8
[2023-03-24T11:57:11.610+0530][gc,init] Periodic GC: Disabled
[2023-03-24T11:57:11.610+0530][gc,metaspace] CDS archive(s) mapped at: [0x0000000800000000-0x0000000800be3000-0x0000000800be3000), size 12464128, SharedBaseAddress: 0x0000000800000000, ArchiveRelocationMode: 0.
[2023-03-24T11:57:11.610+0530][gc,metaspace] Compressed class space mapped at: 0x0000000800c00000-0x0000000840c00000, reserved size: 1073741824
[2023-03-24T11:57:11.610+0530][gc,metaspace] Narrow klass base: 0x0000000800000000, Narrow klass shift: 0, Narrow klass range: 0x100000000
[2023-03-24T11:57:13.252+0530][gc,start    ] GC(0) Pause Young (Normal) (G1 Evacuation Pause)
[2023-03-24T11:57:13.253+0530][gc,task     ] GC(0) Using 8 workers of 8 for evacuation
[2023-03-24T11:57:13.259+0530][gc,phases   ] GC(0)   Pre Evacuate Collection Set: 0.2ms
[2023-03-24T11:57:13.259+0530][gc,phases   ] GC(0)   Merge Heap Roots: 0.1ms
[2023-03-24T11:57:13.259+0530][gc,phases   ] GC(0)   Evacuate Collection Set: 4.8ms
[2023-03-24T11:57:13.259+0530][gc,phases   ] GC(0)   Post Evacuate Collection Set: 0.8ms
[2023-03-24T11:57:13.259+0530][gc,phases   ] GC(0)   Other: 1.0ms
[2023-03-24T11:57:13.259+0530][gc,heap     ] GC(0) Eden regions: 51->0(44)
[2023-03-24T11:57:13.259+0530][gc,heap     ] GC(0) Survivor regions: 0->7(7)
[2023-03-24T11:57:13.259+0530][gc,heap     ] GC(0) Old regions: 0->1
[2023-03-24T11:57:13.259+0530][gc,heap     ] GC(0) Archive regions: 2->2
[2023-03-24T11:57:13.259+0530][gc,heap     ] GC(0) Humongous regions: 0->0
[2023-03-24T11:57:13.259+0530][gc,metaspace] GC(0) Metaspace: 18511K(18688K)->18511K(18688K) NonClass: 16311K(16448K)->16311K(16448K) Class: 2199K(2240K)->2199K(2240K)
[2023-03-24T11:57:13.259+0530][gc          ] GC(0) Pause Young (Normal) (G1 Evacuation Pause) 51M->8M(1024M) 6.937ms
[2023-03-24T11:57:13.259+0530][gc,cpu      ] GC(0) User=0.03s Sys=0.00s Real=0.00s
[2023-03-24T11:57:13.659+0530][gc,start    ] GC(1) Pause Young (Concurrent Start) (Metadata GC Threshold)
[2023-03-24T11:57:13.659+0530][gc,task     ] GC(1) Using 8 workers of 8 for evacuation
[2023-03-24T11:57:13.666+0530][gc,phases   ] GC(1)   Pre Evacuate Collection Set: 0.2ms
[2023-03-24T11:57:13.666+0530][gc,phases   ] GC(1)   Merge Heap Roots: 0.1ms
[2023-03-24T11:57:13.666+0530][gc,phases   ] GC(1)   Evacuate Collection Set: 5.5ms
[2023-03-24T11:57:13.666+0530][gc,phases   ] GC(1)   Post Evacuate Collection Set: 0.6ms
[2023-03-24T11:57:13.666+0530][gc,phases   ] GC(1)   Other: 0.3ms
[2023-03-24T11:57:13.666+0530][gc,heap     ] GC(1) Eden regions: 13->0(49)
[2023-03-24T11:57:13.666+0530][gc,heap     ] GC(1) Survivor regions: 7->2(7)
[2023-03-24T11:57:13.666+0530][gc,heap     ] GC(1) Old regions: 1->8
[2023-03-24T11:57:13.666+0530][gc,heap     ] GC(1) Archive regions: 2->2
[2023-03-24T11:57:13.666+0530][gc,heap     ] GC(1) Humongous regions: 129->129
[2023-03-24T11:57:13.666+0530][gc,metaspace] GC(1) Metaspace: 21313K(21504K)->21313K(21504K) NonClass: 18752K(18816K)->18752K(18816K) Class: 2560K(2688K)->2560K(2688K)
[2023-03-24T11:57:13.666+0530][gc          ] GC(1) Pause Young (Concurrent Start) (Metadata GC Threshold) 149M->138M(1024M) 6.909ms
[2023-03-24T11:57:13.666+0530][gc,cpu      ] GC(1) User=0.03s Sys=0.01s Real=0.01s
[2023-03-24T11:57:13.666+0530][gc          ] GC(2) Concurrent Mark Cycle
[2023-03-24T11:57:13.666+0530][gc,marking  ] GC(2) Concurrent Clear Claimed Marks
[2023-03-24T11:57:13.666+0530][gc,marking  ] GC(2) Concurrent Clear Claimed Marks 0.029ms
[2023-03-24T11:57:13.666+0530][gc,marking  ] GC(2) Concurrent Scan Root Regions
[2023-03-24T11:57:13.671+0530][gc,marking  ] GC(2) Concurrent Scan Root Regions 4.975ms
[2023-03-24T11:57:13.671+0530][gc,marking  ] GC(2) Concurrent Mark
[2023-03-24T11:57:13.671+0530][gc,marking  ] GC(2) Concurrent Mark From Roots
[2023-03-24T11:57:13.671+0530][gc,task     ] GC(2) Using 2 workers of 2 for marking
[2023-03-24T11:57:13.673+0530][gc,marking  ] GC(2) Concurrent Mark From Roots 2.349ms
[2023-03-24T11:57:13.673+0530][gc,marking  ] GC(2) Concurrent Preclean
[2023-03-24T11:57:13.674+0530][gc,marking  ] GC(2) Concurrent Preclean 0.076ms
[2023-03-24T11:57:13.674+0530][gc,start    ] GC(2) Pause Remark
[2023-03-24T11:57:13.675+0530][gc          ] GC(2) Pause Remark 139M->139M(1024M) 1.725ms
[2023-03-24T11:57:13.675+0530][gc,cpu      ] GC(2) User=0.01s Sys=0.00s Real=0.00s
[2023-03-24T11:57:13.675+0530][gc,marking  ] GC(2) Concurrent Mark 4.398ms
[2023-03-24T11:57:13.675+0530][gc,marking  ] GC(2) Concurrent Rebuild Remembered Sets
[2023-03-24T11:57:13.679+0530][gc,marking  ] GC(2) Concurrent Rebuild Remembered Sets 3.963ms
[2023-03-24T11:57:13.680+0530][gc,start    ] GC(2) Pause Cleanup
[2023-03-24T11:57:13.680+0530][gc          ] GC(2) Pause Cleanup 139M->139M(1024M) 0.242ms
[2023-03-24T11:57:13.680+0530][gc,cpu      ] GC(2) User=0.01s Sys=0.00s Real=0.00s
[2023-03-24T11:57:13.680+0530][gc,marking  ] GC(2) Concurrent Cleanup for Next Mark
[2023-03-24T11:57:13.686+0530][gc,marking  ] GC(2) Concurrent Cleanup for Next Mark 5.734ms
[2023-03-24T11:57:13.686+0530][gc          ] GC(2) Concurrent Mark Cycle 19.854ms
[2023-03-24T11:57:14.660+0530][gc,start    ] GC(3) Pause Young (Normal) (G1 Evacuation Pause)
[2023-03-24T11:57:14.660+0530][gc,task     ] GC(3) Using 8 workers of 8 for evacuation
[2023-03-24T11:57:14.667+0530][gc,phases   ] GC(3)   Pre Evacuate Collection Set: 0.2ms
[2023-03-24T11:57:14.667+0530][gc,phases   ] GC(3)   Merge Heap Roots: 0.1ms
[2023-03-24T11:57:14.667+0530][gc,phases   ] GC(3)   Evacuate Collection Set: 6.0ms
[2023-03-24T11:57:14.667+0530][gc,phases   ] GC(3)   Post Evacuate Collection Set: 0.7ms
[2023-03-24T11:57:14.667+0530][gc,phases   ] GC(3)   Other: 0.1ms
[2023-03-24T11:57:14.667+0530][gc,heap     ] GC(3) Eden regions: 49->0(45)
[2023-03-24T11:57:14.667+0530][gc,heap     ] GC(3) Survivor regions: 2->6(7)
[2023-03-24T11:57:14.667+0530][gc,heap     ] GC(3) Old regions: 8->8
[2023-03-24T11:57:14.667+0530][gc,heap     ] GC(3) Archive regions: 2->2
[2023-03-24T11:57:14.667+0530][gc,heap     ] GC(3) Humongous regions: 129->129
[2023-03-24T11:57:14.667+0530][gc,metaspace] GC(3) Metaspace: 32872K(33152K)->32872K(33152K) NonClass: 29181K(29376K)->29181K(29376K) Class: 3691K(3776K)->3691K(3776K)
[2023-03-24T11:57:14.667+0530][gc          ] GC(3) Pause Young (Normal) (G1 Evacuation Pause) 187M->143M(1024M) 7.143ms
[2023-03-24T11:57:14.667+0530][gc,cpu      ] GC(3) User=0.04s Sys=0.00s Real=0.01s
[2023-03-24T11:57:33.082+0530][gc,start    ] GC(4) Pause Young (Concurrent Start) (Metadata GC Threshold)
[2023-03-24T11:57:33.082+0530][gc,task     ] GC(4) Using 8 workers of 8 for evacuation
[2023-03-24T11:57:33.089+0530][gc,phases   ] GC(4)   Pre Evacuate Collection Set: 0.2ms
[2023-03-24T11:57:33.089+0530][gc,phases   ] GC(4)   Merge Heap Roots: 0.1ms
[2023-03-24T11:57:33.089+0530][gc,phases   ] GC(4)   Evacuate Collection Set: 5.8ms
[2023-03-24T11:57:33.089+0530][gc,phases   ] GC(4)   Post Evacuate Collection Set: 0.6ms
[2023-03-24T11:57:33.089+0530][gc,phases   ] GC(4)   Other: 0.2ms
[2023-03-24T11:57:33.089+0530][gc,heap     ] GC(4) Eden regions: 15->0(49)
[2023-03-24T11:57:33.089+0530][gc,heap     ] GC(4) Survivor regions: 6->2(7)
[2023-03-24T11:57:33.089+0530][gc,heap     ] GC(4) Old regions: 8->14
[2023-03-24T11:57:33.089+0530][gc,heap     ] GC(4) Archive regions: 2->2
[2023-03-24T11:57:33.089+0530][gc,heap     ] GC(4) Humongous regions: 129->129
[2023-03-24T11:57:33.089+0530][gc,metaspace] GC(4) Metaspace: 35714K(36096K)->35714K(36096K) NonClass: 31526K(31744K)->31526K(31744K) Class: 4187K(4352K)->4187K(4352K)
[2023-03-24T11:57:33.089+0530][gc          ] GC(4) Pause Young (Concurrent Start) (Metadata GC Threshold) 157M->144M(1024M) 7.098ms
[2023-03-24T11:57:33.089+0530][gc,cpu      ] GC(4) User=0.04s Sys=0.01s Real=0.01s
[2023-03-24T11:57:33.090+0530][gc          ] GC(5) Concurrent Mark Cycle
[2023-03-24T11:57:33.090+0530][gc,marking  ] GC(5) Concurrent Clear Claimed Marks
[2023-03-24T11:57:33.090+0530][gc,marking  ] GC(5) Concurrent Clear Claimed Marks 0.045ms
[2023-03-24T11:57:33.090+0530][gc,marking  ] GC(5) Concurrent Scan Root Regions
[2023-03-24T11:57:33.096+0530][gc,marking  ] GC(5) Concurrent Scan Root Regions 5.970ms
[2023-03-24T11:57:33.096+0530][gc,marking  ] GC(5) Concurrent Mark
[2023-03-24T11:57:33.096+0530][gc,marking  ] GC(5) Concurrent Mark From Roots
[2023-03-24T11:57:33.096+0530][gc,task     ] GC(5) Using 2 workers of 2 for marking
[2023-03-24T11:57:33.105+0530][gc,marking  ] GC(5) Concurrent Mark From Roots 9.440ms
[2023-03-24T11:57:33.105+0530][gc,marking  ] GC(5) Concurrent Preclean
[2023-03-24T11:57:33.105+0530][gc,marking  ] GC(5) Concurrent Preclean 0.205ms
[2023-03-24T11:57:33.106+0530][gc,start    ] GC(5) Pause Remark
[2023-03-24T11:57:33.107+0530][gc          ] GC(5) Pause Remark 145M->145M(1024M) 1.783ms
[2023-03-24T11:57:33.107+0530][gc,cpu      ] GC(5) User=0.01s Sys=0.01s Real=0.00s
[2023-03-24T11:57:33.108+0530][gc,marking  ] GC(5) Concurrent Mark 11.862ms
[2023-03-24T11:57:33.108+0530][gc,marking  ] GC(5) Concurrent Rebuild Remembered Sets
[2023-03-24T11:57:33.115+0530][gc,marking  ] GC(5) Concurrent Rebuild Remembered Sets 7.288ms
[2023-03-24T11:57:33.115+0530][gc,start    ] GC(5) Pause Cleanup
[2023-03-24T11:57:33.115+0530][gc          ] GC(5) Pause Cleanup 145M->145M(1024M) 0.242ms
[2023-03-24T11:57:33.115+0530][gc,cpu      ] GC(5) User=0.00s Sys=0.00s Real=0.00s
[2023-03-24T11:57:33.115+0530][gc,marking  ] GC(5) Concurrent Cleanup for Next Mark
[2023-03-24T11:57:33.121+0530][gc,marking  ] GC(5) Concurrent Cleanup for Next Mark 5.223ms
[2023-03-24T11:57:33.121+0530][gc          ] GC(5) Concurrent Mark Cycle 31.164ms
[2023-03-24T12:01:52.233+0530][gc,start    ] GC(6) Pause Young (Prepare Mixed) (G1 Evacuation Pause)
[2023-03-24T12:01:52.233+0530][gc,task     ] GC(6) Using 8 workers of 8 for evacuation
[2023-03-24T12:01:52.240+0530][gc,phases   ] GC(6)   Pre Evacuate Collection Set: 0.5ms
[2023-03-24T12:01:52.240+0530][gc,phases   ] GC(6)   Merge Heap Roots: 0.3ms
[2023-03-24T12:01:52.240+0530][gc,phases   ] GC(6)   Evacuate Collection Set: 5.3ms
[2023-03-24T12:01:52.240+0530][gc,phases   ] GC(6)   Post Evacuate Collection Set: 1.0ms
[2023-03-24T12:01:52.240+0530][gc,phases   ] GC(6)   Other: 0.4ms
[2023-03-24T12:01:52.240+0530][gc,heap     ] GC(6) Eden regions: 49->0(46)
[2023-03-24T12:01:52.240+0530][gc,heap     ] GC(6) Survivor regions: 2->5(7)
[2023-03-24T12:01:52.240+0530][gc,heap     ] GC(6) Old regions: 14->14
[2023-03-24T12:01:52.240+0530][gc,heap     ] GC(6) Archive regions: 2->2
[2023-03-24T12:01:52.240+0530][gc,heap     ] GC(6) Humongous regions: 129->129
[2023-03-24T12:01:52.240+0530][gc,metaspace] GC(6) Metaspace: 41256K(41856K)->41256K(41856K) NonClass: 36258K(36608K)->36258K(36608K) Class: 4998K(5248K)->4998K(5248K)
[2023-03-24T12:01:52.240+0530][gc          ] GC(6) Pause Young (Prepare Mixed) (G1 Evacuation Pause) 193M->147M(1024M) 7.479ms
[2023-03-24T12:01:52.240+0530][gc,cpu      ] GC(6) User=0.04s Sys=0.00s Real=0.00s
[2023-03-24T12:19:15.160+0530][gc,start    ] GC(7) Pause Young (Mixed) (G1 Evacuation Pause)
[2023-03-24T12:19:15.160+0530][gc,task     ] GC(7) Using 8 workers of 8 for evacuation
[2023-03-24T12:19:15.167+0530][gc,phases   ] GC(7)   Pre Evacuate Collection Set: 0.2ms
[2023-03-24T12:19:15.167+0530][gc,phases   ] GC(7)   Merge Heap Roots: 0.1ms
[2023-03-24T12:19:15.167+0530][gc,phases   ] GC(7)   Evacuate Collection Set: 6.0ms
[2023-03-24T12:19:15.167+0530][gc,phases   ] GC(7)   Post Evacuate Collection Set: 0.8ms
[2023-03-24T12:19:15.167+0530][gc,phases   ] GC(7)   Other: 0.2ms
[2023-03-24T12:19:15.167+0530][gc,heap     ] GC(7) Eden regions: 46->0(45)
[2023-03-24T12:19:15.167+0530][gc,heap     ] GC(7) Survivor regions: 5->6(7)
[2023-03-24T12:19:15.167+0530][gc,heap     ] GC(7) Old regions: 14->14
[2023-03-24T12:19:15.167+0530][gc,heap     ] GC(7) Archive regions: 2->2
[2023-03-24T12:19:15.167+0530][gc,heap     ] GC(7) Humongous regions: 129->129
[2023-03-24T12:19:15.167+0530][gc,metaspace] GC(7) Metaspace: 42046K(42624K)->42046K(42624K) NonClass: 36995K(37312K)->36995K(37312K) Class: 5051K(5312K)->5051K(5312K)
[2023-03-24T12:19:15.167+0530][gc          ] GC(7) Pause Young (Mixed) (G1 Evacuation Pause) 193M->148M(1024M) 7.450ms
[2023-03-24T12:19:15.167+0530][gc,cpu      ] GC(7) User=0.04s Sys=0.01s Real=0.01s
[2023-03-24T12:22:48.404+0530][gc,start    ] GC(8) Pause Young (Normal) (G1 Evacuation Pause)
[2023-03-24T12:22:48.404+0530][gc,task     ] GC(8) Using 8 workers of 8 for evacuation
[2023-03-24T12:22:48.410+0530][gc,phases   ] GC(8)   Pre Evacuate Collection Set: 0.2ms
[2023-03-24T12:22:48.411+0530][gc,phases   ] GC(8)   Merge Heap Roots: 0.1ms
[2023-03-24T12:22:48.411+0530][gc,phases   ] GC(8)   Evacuate Collection Set: 5.7ms
[2023-03-24T12:22:48.411+0530][gc,phases   ] GC(8)   Post Evacuate Collection Set: 0.7ms
[2023-03-24T12:22:48.411+0530][gc,phases   ] GC(8)   Other: 0.2ms
[2023-03-24T12:22:48.411+0530][gc,heap     ] GC(8) Eden regions: 45->0(57)
[2023-03-24T12:22:48.411+0530][gc,heap     ] GC(8) Survivor regions: 6->2(7)
[2023-03-24T12:22:48.411+0530][gc,heap     ] GC(8) Old regions: 14->17
[2023-03-24T12:22:48.411+0530][gc,heap     ] GC(8) Archive regions: 2->2
[2023-03-24T12:22:48.411+0530][gc,heap     ] GC(8) Humongous regions: 129->129
[2023-03-24T12:22:48.411+0530][gc,metaspace] GC(8) Metaspace: 42386K(43008K)->42386K(43008K) NonClass: 37297K(37632K)->37297K(37632K) Class: 5088K(5376K)->5088K(5376K)
[2023-03-24T12:22:48.411+0530][gc          ] GC(8) Pause Young (Normal) (G1 Evacuation Pause) 193M->148M(1024M) 7.015ms
[2023-03-24T12:22:48.411+0530][gc,cpu      ] GC(8) User=0.03s Sys=0.01s Real=0.01s
[2023-03-24T12:33:33.184+0530][gc,start    ] GC(9) Pause Young (Normal) (G1 Evacuation Pause)
[2023-03-24T12:33:33.184+0530][gc,task     ] GC(9) Using 8 workers of 8 for evacuation
[2023-03-24T12:33:33.191+0530][gc,phases   ] GC(9)   Pre Evacuate Collection Set: 0.3ms
[2023-03-24T12:33:33.191+0530][gc,phases   ] GC(9)   Merge Heap Roots: 0.2ms
[2023-03-24T12:33:33.191+0530][gc,phases   ] GC(9)   Evacuate Collection Set: 5.0ms
[2023-03-24T12:33:33.191+0530][gc,phases   ] GC(9)   Post Evacuate Collection Set: 1.3ms
[2023-03-24T12:33:33.191+0530][gc,phases   ] GC(9)   Other: 0.3ms
[2023-03-24T12:33:33.191+0530][gc,heap     ] GC(9) Eden regions: 57->0(90)
[2023-03-24T12:33:33.191+0530][gc,heap     ] GC(9) Survivor regions: 2->3(8)
[2023-03-24T12:33:33.191+0530][gc,heap     ] GC(9) Old regions: 17->17
[2023-03-24T12:33:33.191+0530][gc,heap     ] GC(9) Archive regions: 2->2
[2023-03-24T12:33:33.192+0530][gc,heap     ] GC(9) Humongous regions: 129->129
[2023-03-24T12:33:33.192+0530][gc,metaspace] GC(9) Metaspace: 42803K(43392K)->42803K(43392K) NonClass: 37710K(38016K)->37710K(38016K) Class: 5093K(5376K)->5093K(5376K)
[2023-03-24T12:33:33.192+0530][gc          ] GC(9) Pause Young (Normal) (G1 Evacuation Pause) 205M->148M(1024M) 7.284ms
[2023-03-24T12:33:33.192+0530][gc,cpu      ] GC(9) User=0.04s Sys=0.00s Real=0.01s
[2023-03-24T12:36:21.979+0530][gc,start    ] GC(10) Pause Young (Normal) (G1 Evacuation Pause)
[2023-03-24T12:36:21.979+0530][gc,task     ] GC(10) Using 8 workers of 8 for evacuation
[2023-03-24T12:36:21.993+0530][gc,phases   ] GC(10)   Pre Evacuate Collection Set: 0.3ms
[2023-03-24T12:36:21.993+0530][gc,phases   ] GC(10)   Merge Heap Roots: 0.1ms
[2023-03-24T12:36:21.993+0530][gc,phases   ] GC(10)   Evacuate Collection Set: 10.7ms
[2023-03-24T12:36:21.994+0530][gc,phases   ] GC(10)   Post Evacuate Collection Set: 3.2ms
[2023-03-24T12:36:21.994+0530][gc,phases   ] GC(10)   Other: 0.2ms
[2023-03-24T12:36:21.994+0530][gc,heap     ] GC(10) Eden regions: 90->0(369)
[2023-03-24T12:36:21.994+0530][gc,heap     ] GC(10) Survivor regions: 3->3(12)
[2023-03-24T12:36:21.994+0530][gc,heap     ] GC(10) Old regions: 17->17
[2023-03-24T12:36:21.994+0530][gc,heap     ] GC(10) Archive regions: 2->2
[2023-03-24T12:36:21.994+0530][gc,heap     ] GC(10) Humongous regions: 129->129
[2023-03-24T12:36:21.994+0530][gc,metaspace] GC(10) Metaspace: 42837K(43456K)->42837K(43456K) NonClass: 37744K(38080K)->37744K(38080K) Class: 5093K(5376K)->5093K(5376K)
[2023-03-24T12:36:21.994+0530][gc          ] GC(10) Pause Young (Normal) (G1 Evacuation Pause) 238M->148M(1024M) 14.752ms
[2023-03-24T12:36:21.994+0530][gc,cpu      ] GC(10) User=0.02s Sys=0.00s Real=0.02s
[2023-03-24T12:39:01.142+0530][gc,start    ] GC(11) Pause Young (Normal) (G1 Evacuation Pause)
[2023-03-24T12:39:01.147+0530][gc,task     ] GC(11) Using 8 workers of 8 for evacuation
[2023-03-24T12:39:01.153+0530][gc,phases   ] GC(11)   Pre Evacuate Collection Set: 0.2ms
[2023-03-24T12:39:01.153+0530][gc,phases   ] GC(11)   Merge Heap Roots: 0.1ms
[2023-03-24T12:39:01.153+0530][gc,phases   ] GC(11)   Evacuate Collection Set: 4.6ms
[2023-03-24T12:39:01.153+0530][gc,phases   ] GC(11)   Post Evacuate Collection Set: 0.9ms
[2023-03-24T12:39:01.153+0530][gc,phases   ] GC(11)   Other: 5.3ms
[2023-03-24T12:39:01.153+0530][gc,heap     ] GC(11) Eden regions: 369->0(375)
[2023-03-24T12:39:01.153+0530][gc,heap     ] GC(11) Survivor regions: 3->3(47)
[2023-03-24T12:39:01.153+0530][gc,heap     ] GC(11) Old regions: 17->17
[2023-03-24T12:39:01.153+0530][gc,heap     ] GC(11) Archive regions: 2->2
[2023-03-24T12:39:01.153+0530][gc,heap     ] GC(11) Humongous regions: 129->129
[2023-03-24T12:39:01.153+0530][gc,metaspace] GC(11) Metaspace: 43056K(43648K)->43056K(43648K) NonClass: 37961K(38272K)->37961K(38272K) Class: 5095K(5376K)->5095K(5376K)
[2023-03-24T12:39:01.153+0530][gc          ] GC(11) Pause Young (Normal) (G1 Evacuation Pause) 517M->149M(1024M) 11.326ms
[2023-03-24T12:39:01.153+0530][gc,cpu      ] GC(11) User=0.03s Sys=0.00s Real=0.01s
[2023-03-24T12:43:37.979+0530][gc,start    ] GC(12) Pause Young (Normal) (G1 Evacuation Pause)
[2023-03-24T12:43:37.979+0530][gc,task     ] GC(12) Using 8 workers of 8 for evacuation
[2023-03-24T12:43:37.993+0530][gc,phases   ] GC(12)   Pre Evacuate Collection Set: 0.3ms
[2023-03-24T12:43:37.993+0530][gc,phases   ] GC(12)   Merge Heap Roots: 0.2ms
[2023-03-24T12:43:37.993+0530][gc,phases   ] GC(12)   Evacuate Collection Set: 13.0ms
[2023-03-24T12:43:37.993+0530][gc,phases   ] GC(12)   Post Evacuate Collection Set: 1.0ms
[2023-03-24T12:43:37.993+0530][gc,phases   ] GC(12)   Other: 0.3ms
[2023-03-24T12:43:37.993+0530][gc,heap     ] GC(12) Eden regions: 375->0(543)
[2023-03-24T12:43:37.993+0530][gc,heap     ] GC(12) Survivor regions: 3->4(48)
[2023-03-24T12:43:37.993+0530][gc,heap     ] GC(12) Old regions: 17->17
[2023-03-24T12:43:37.993+0530][gc,heap     ] GC(12) Archive regions: 2->2
[2023-03-24T12:43:37.993+0530][gc,heap     ] GC(12) Humongous regions: 129->129
[2023-03-24T12:43:37.993+0530][gc,metaspace] GC(12) Metaspace: 43188K(43840K)->43188K(43840K) NonClass: 38090K(38464K)->38090K(38464K) Class: 5097K(5376K)->5097K(5376K)
[2023-03-24T12:43:37.993+0530][gc          ] GC(12) Pause Young (Normal) (G1 Evacuation Pause) 524M->149M(1024M) 14.900ms
[2023-03-24T12:43:37.994+0530][gc,cpu      ] GC(12) User=0.03s Sys=0.00s Real=0.02s
[2023-03-24T12:44:26.868+0530][gc,heap,exit] Heap
[2023-03-24T12:44:26.868+0530][gc,heap,exit]  garbage-first heap   total 1048576K, used 469997K [0x00000000c0000000, 0x0000000100000000)
[2023-03-24T12:44:26.868+0530][gc,heap,exit]   region size 1024K, 313 young (320512K), 4 survivors (4096K)
[2023-03-24T12:44:26.868+0530][gc,heap,exit]  Metaspace       used 43852K, committed 44416K, reserved 1089536K
[2023-03-24T12:44:26.868+0530][gc,heap,exit]   class space    used 5252K, committed 5504K, reserved 1048576K
