[2023-03-24T13:03:09.872+0530][gc] Using G1
[2023-03-24T13:03:09.876+0530][gc,init] Version: 17.0.6+10-Ubuntu-0ubuntu120.04.1 (release)
[2023-03-24T13:03:09.876+0530][gc,init] CPUs: 8 total, 8 available
[2023-03-24T13:03:09.876+0530][gc,init] Memory: 7746M
[2023-03-24T13:03:09.876+0530][gc,init] Large Page Support: Disabled
[2023-03-24T13:03:09.876+0530][gc,init] NUMA Support: Disabled
[2023-03-24T13:03:09.876+0530][gc,init] Compressed Oops: Enabled (32-bit)
[2023-03-24T13:03:09.876+0530][gc,init] Heap Region Size: 1M
[2023-03-24T13:03:09.876+0530][gc,init] Heap Min Capacity: 512M
[2023-03-24T13:03:09.876+0530][gc,init] Heap Initial Capacity: 512M
[2023-03-24T13:03:09.876+0530][gc,init] Heap Max Capacity: 512M
[2023-03-24T13:03:09.876+0530][gc,init] Pre-touch: Disabled
[2023-03-24T13:03:09.876+0530][gc,init] Parallel Workers: 8
[2023-03-24T13:03:09.876+0530][gc,init] Concurrent Workers: 2
[2023-03-24T13:03:09.876+0530][gc,init] Concurrent Refinement Workers: 8
[2023-03-24T13:03:09.876+0530][gc,init] Periodic GC: Disabled
[2023-03-24T13:03:09.877+0530][gc,metaspace] CDS archive(s) mapped at: [0x0000000800000000-0x0000000800be3000-0x0000000800be3000), size 12464128, SharedBaseAddress: 0x0000000800000000, ArchiveRelocationMode: 0.
[2023-03-24T13:03:09.877+0530][gc,metaspace] Compressed class space mapped at: 0x0000000800c00000-0x0000000840c00000, reserved size: 1073741824
[2023-03-24T13:03:09.877+0530][gc,metaspace] Narrow klass base: 0x0000000800000000, Narrow klass shift: 0, Narrow klass range: 0x100000000
[2023-03-24T13:03:19.313+0530][gc,start    ] GC(0) Pause Young (Normal) (G1 Evacuation Pause)
[2023-03-24T13:03:19.314+0530][gc,task     ] GC(0) Using 8 workers of 8 for evacuation
[2023-03-24T13:03:19.319+0530][gc,phases   ] GC(0)   Pre Evacuate Collection Set: 0.1ms
[2023-03-24T13:03:19.319+0530][gc,phases   ] GC(0)   Merge Heap Roots: 0.1ms
[2023-03-24T13:03:19.319+0530][gc,phases   ] GC(0)   Evacuate Collection Set: 3.9ms
[2023-03-24T13:03:19.319+0530][gc,phases   ] GC(0)   Post Evacuate Collection Set: 0.5ms
[2023-03-24T13:03:19.319+0530][gc,phases   ] GC(0)   Other: 1.0ms
[2023-03-24T13:03:19.319+0530][gc,heap     ] GC(0) Eden regions: 25->0(21)
[2023-03-24T13:03:19.319+0530][gc,heap     ] GC(0) Survivor regions: 0->4(4)
[2023-03-24T13:03:19.319+0530][gc,heap     ] GC(0) Old regions: 0->4
[2023-03-24T13:03:19.319+0530][gc,heap     ] GC(0) Archive regions: 2->2
[2023-03-24T13:03:19.319+0530][gc,heap     ] GC(0) Humongous regions: 0->0
[2023-03-24T13:03:19.319+0530][gc,metaspace] GC(0) Metaspace: 8039K(8192K)->8039K(8192K) NonClass: 7141K(7232K)->7141K(7232K) Class: 897K(960K)->897K(960K)
[2023-03-24T13:03:19.319+0530][gc          ] GC(0) Pause Young (Normal) (G1 Evacuation Pause) 25M->8M(512M) 5.728ms
[2023-03-24T13:03:19.319+0530][gc,cpu      ] GC(0) User=0.03s Sys=0.00s Real=0.00s
[2023-03-24T13:33:56.251+0530][gc,heap,exit] Heap
[2023-03-24T13:33:56.256+0530][gc,heap,exit]  garbage-first heap   total 524288K, used 17509K [0x00000000e0000000, 0x0000000100000000)
[2023-03-24T13:33:56.256+0530][gc,heap,exit]   region size 1024K, 14 young (14336K), 4 survivors (4096K)
[2023-03-24T13:33:56.256+0530][gc,heap,exit]  Metaspace       used 8712K, committed 8896K, reserved 1064960K
[2023-03-24T13:33:56.256+0530][gc,heap,exit]   class space    used 919K, committed 1024K, reserved 1048576K
